01-06 17:07:31.760  2949  5998 I chatty  : uid=1000(system) Binder:2949_1C expire 4 lines
01-06 17:08:03.790  2949  4183 I chatty  : uid=1000(system) Binder:2949_D expire 4 lines
01-06 17:08:59.654  2805  2805 I wificond: Received external scan result notification from kernel.
01-06 17:09:07.820  2949  2949 I chatty  : uid=1000 system_server expire 9 lines
01-06 17:09:39.877  2949  5232 I chatty  : uid=1000(system) Binder:2949_17 expire 4 lines
01-06 17:10:43.903  2949  2949 W Looper  : Slow dispatch took 2004ms main h=android.os.Handler c=android.app.AlarmManager$ListenerWrapper@66d7e7c m=0
01-06 17:10:43.903  2949  2949 W Looper  : Slow delivery took 2003ms main h=com.android.server.AlarmManagerService$AlarmHandler c=null m=4
01-06 17:10:43.917  2949  2949 W Looper  : Drained
01-06 17:10:43.933  2949  5232 I AlarmManager: Change Wakeup Alarm type to non Wakeup type, current type=[2] packageName = androidstatsTag = *walarm*:*job.deadline* @26235634 and next wakeup alarm is @Tue Jan 06 22:57:14 GMT+03:00 2026
01-06 17:10:43.935  2949  5232 I AlarmManager: Change Wakeup Alarm type to non Wakeup type, current type=[2] packageName = androidstatsTag = *walarm*:*job.deadline* @24023761 and next wakeup alarm is @Tue Jan 06 22:57:14 GMT+03:00 2026
01-06 17:11:15.932  2949  2949 W Looper  : Slow dispatch took 2004ms main h=android.os.Handler c=android.app.AlarmManager$ListenerWrapper@66d7e7c m=0
01-06 17:11:15.932  2949  2949 W Looper  : Slow delivery took 2003ms main h=com.android.server.AlarmManagerService$AlarmHandler c=null m=4
01-06 17:11:15.947  2949  2949 W Looper  : Drained
01-06 17:11:15.963  2949  5232 I AlarmManager: Change Wakeup Alarm type to non Wakeup type, current type=[2] packageName = androidstatsTag = *walarm*:*job.deadline* @26235634 and next wakeup alarm is @Tue Jan 06 22:57:14 GMT+03:00 2026
01-06 17:11:15.964  2949  5232 I AlarmManager: Change Wakeup Alarm type to non Wakeup type, current type=[2] packageName = androidstatsTag = *walarm*:*job.deadline* @24055791 and next wakeup alarm is @Tue Jan 06 22:57:14 GMT+03:00 2026
01-06 17:11:43.715  2949  3012 I UsageStatsService: User[0] Flushing usage stats to disk
01-06 17:11:47.962  2949  2949 W Looper  : Slow dispatch took 2004ms main h=android.os.Handler c=android.app.AlarmManager$ListenerWrapper@66d7e7c m=0
01-06 17:11:47.962  2949  2949 W Looper  : Slow delivery took 2003ms main h=com.android.server.AlarmManagerService$AlarmHandler c=null m=4
01-06 17:11:47.976  2949  2949 W Looper  : Drained
01-06 17:11:47.992  2949  5232 I AlarmManager: Change Wakeup Alarm type to non Wakeup type, current type=[2] packageName = androidstatsTag = *walarm*:*job.deadline* @26235634 and next wakeup alarm is @Tue Jan 06 22:57:14 GMT+03:00 2026
01-06 17:11:47.994  2949  5232 I AlarmManager: Change Wakeup Alarm type to non Wakeup type, current type=[2] packageName = androidstatsTag = *walarm*:*job.deadline* @24087820 and next wakeup alarm is @Tue Jan 06 22:57:14 GMT+03:00 2026
01-06 17:12:19.991  2949  2949 W Looper  : Slow dispatch took 2004ms main h=android.os.Handler c=android.app.AlarmManager$ListenerWrapper@66d7e7c m=0
01-06 17:12:19.991  2949  2949 W Looper  : Slow delivery took 2003ms main h=com.android.server.AlarmManagerService$AlarmHandler c=null m=4
01-06 17:12:20.005  2949  2949 W Looper  : Drained
01-06 17:12:20.023  2949  3377 I AlarmManager: Change Wakeup Alarm type to non Wakeup type, current type=[2] packageName = androidstatsTag = *walarm*:*job.deadline* @26235634 and next wakeup alarm is @Tue Jan 06 22:57:14 GMT+03:00 2026
01-06 17:12:20.025  2949  3377 I AlarmManager: Change Wakeup Alarm type to non Wakeup type, current type=[2] packageName = androidstatsTag = *walarm*:*job.deadline* @24119851 and next wakeup alarm is @Tue Jan 06 22:57:14 GMT+03:00 2026
01-06 17:12:52.022  2949  2949 W Looper  : Slow dispatch took 2004ms main h=android.os.Handler c=android.app.AlarmManager$ListenerWrapper@66d7e7c m=0
01-06 17:12:52.022  2949  2949 W Looper  : Slow delivery took 2003ms main h=com.android.server.AlarmManagerService$AlarmHandler c=null m=4
01-06 17:12:52.036  2949  2949 W Looper  : Drained
01-06 17:12:52.053  2949  3377 I AlarmManager: Change Wakeup Alarm type to non Wakeup type, current type=[2] packageName = androidstatsTag = *walarm*:*job.deadline* @26235634 and next wakeup alarm is @Tue Jan 06 22:57:14 GMT+03:00 2026
01-06 17:12:52.055  2949  3377 I AlarmManager: Change Wakeup Alarm type to non Wakeup type, current type=[2] packageName = androidstatsTag = *walarm*:*job.deadline* @24151881 and next wakeup alarm is @Tue Jan 06 22:57:14 GMT+03:00 2026
01-06 17:13:24.052  2949  2949 W Looper  : Slow dispatch took 2004ms main h=android.os.Handler c=android.app.AlarmManager$ListenerWrapper@66d7e7c m=0
01-06 17:13:24.053  2949  2949 W Looper  : Slow delivery took 2003ms main h=com.android.server.AlarmManagerService$AlarmHandler c=null m=4
01-06 17:13:24.067  2949  2949 W Looper  : Drained
01-06 17:13:24.084  2949  5232 I AlarmManager: Change Wakeup Alarm type to non Wakeup type, current type=[2] packageName = androidstatsTag = *walarm*:*job.deadline* @26235634 and next wakeup alarm is @Tue Jan 06 22:57:14 GMT+03:00 2026
01-06 17:13:24.085  2949  5232 I AlarmManager: Change Wakeup Alarm type to non Wakeup type, current type=[2] packageName = androidstatsTag = *walarm*:*job.deadline* @24183911 and next wakeup alarm is @Tue Jan 06 22:57:14 GMT+03:00 2026
01-06 17:13:56.082  2949  2949 W Looper  : Slow dispatch took 2004ms main h=android.os.Handler c=android.app.AlarmManager$ListenerWrapper@66d7e7c m=0
01-06 17:13:56.082  2949  2949 W Looper  : Slow delivery took 2003ms main h=com.android.server.AlarmManagerService$AlarmHandler c=null m=4
01-06 17:13:56.096  2949  2949 W Looper  : Drained
01-06 17:13:56.113  2949  3377 I AlarmManager: Change Wakeup Alarm type to non Wakeup type, current type=[2] packageName = androidstatsTag = *walarm*:*job.deadline* @26235634 and next wakeup alarm is @Tue Jan 06 22:57:14 GMT+03:00 2026
01-06 17:13:56.114  2949  3377 I AlarmManager: Change Wakeup Alarm type to non Wakeup type, current type=[2] packageName = androidstatsTag = *walarm*:*job.deadline* @24215941 and next wakeup alarm is @Tue Jan 06 22:57:14 GMT+03:00 2026
01-06 17:13:59.651  2805  2805 I wificond: Received external scan result notification from kernel.
01-06 17:14:48.142  2949  2949 W Looper  : Slow dispatch took 2004ms main h=android.os.Handler c=android.app.AlarmManager$ListenerWrapper@66d7e7c m=0
01-06 17:14:48.142  2949  2949 W Looper  : Slow delivery took 2003ms main h=com.android.server.AlarmManagerService$AlarmHandler c=null m=4
01-06 17:14:48.157  2949  2949 W Looper  : Drained
01-06 17:14:48.174  2949  5998 I AlarmManager: Change Wakeup Alarm type to non Wakeup type, current type=[2] packageName = androidstatsTag = *walarm*:*job.deadline* @26235634 and next wakeup alarm is @Tue Jan 06 22:57:14 GMT+03:00 2026
01-06 17:14:48.175  2949  5998 I AlarmManager: Change Wakeup Alarm type to non Wakeup type, current type=[2] packageName = androidstatsTag = *walarm*:*job.deadline* @24268002 and next wakeup alarm is @Tue Jan 06 22:57:14 GMT+03:00 2026
01-06 17:15:20.173  2949  2949 W Looper  : Slow dispatch took 2004ms main h=android.os.Handler c=android.app.AlarmManager$ListenerWrapper@66d7e7c m=0
01-06 17:15:20.173  2949  2949 W Looper  : Slow delivery took 2003ms main h=com.android.server.AlarmManagerService$AlarmHandler c=null m=4
01-06 17:15:20.188  2949  2949 W Looper  : Drained
01-06 17:15:20.205  2949  4183 I AlarmManager: Change Wakeup Alarm type to non Wakeup type, current type=[2] packageName = androidstatsTag = *walarm*:*job.deadline* @26235634 and next wakeup alarm is @Tue Jan 06 22:57:14 GMT+03:00 2026
01-06 17:15:20.207  2949  4183 I AlarmManager: Change Wakeup Alarm type to non Wakeup type, current type=[2] packageName = androidstatsTag = *walarm*:*job.deadline* @24300033 and next wakeup alarm is @Tue Jan 06 22:57:14 GMT+03:00 2026
01-06 17:15:52.205  2949  2949 W Looper  : Slow dispatch took 2005ms main h=android.os.Handler c=android.app.AlarmManager$ListenerWrapper@66d7e7c m=0
01-06 17:15:52.205  2949  2949 W Looper  : Slow delivery took 2004ms main h=com.android.server.AlarmManagerService$AlarmHandler c=null m=4
01-06 17:15:52.220  2949  2949 W Looper  : Drained
01-06 17:15:52.238  2949  5998 I AlarmManager: Change Wakeup Alarm type to non Wakeup type, current type=[2] packageName = androidstatsTag = *walarm*:*job.deadline* @26235634 and next wakeup alarm is @Tue Jan 06 22:57:14 GMT+03:00 2026
01-06 17:15:52.240  2949  5998 I AlarmManager: Change Wakeup Alarm type to non Wakeup type, current type=[2] packageName = androidstatsTag = *walarm*:*job.deadline* @24332066 and next wakeup alarm is @Tue Jan 06 22:57:14 GMT+03:00 2026
01-06 17:16:24.237  2949  2949 W Looper  : Slow dispatch took 2004ms main h=android.os.Handler c=android.app.AlarmManager$ListenerWrapper@66d7e7c m=0
01-06 17:16:24.237  2949  2949 W Looper  : Slow delivery took 2003ms main h=com.android.server.AlarmManagerService$AlarmHandler c=null m=4
01-06 17:16:24.251  2949  2949 W Looper  : Drained
01-06 17:16:24.268  2949  5226 I AlarmManager: Change Wakeup Alarm type to non Wakeup type, current type=[2] packageName = androidstatsTag = *walarm*:*job.deadline* @26235634 and next wakeup alarm is @Tue Jan 06 22:57:14 GMT+03:00 2026
01-06 17:16:24.270  2949  5226 I AlarmManager: Change Wakeup Alarm type to non Wakeup type, current type=[2] packageName = androidstatsTag = *walarm*:*job.deadline* @24364096 and next wakeup alarm is @Tue Jan 06 22:57:14 GMT+03:00 2026
01-06 17:16:56.267  2949  2949 W Looper  : Slow dispatch took 2004ms main h=android.os.Handler c=android.app.AlarmManager$ListenerWrapper@66d7e7c m=0
01-06 17:16:56.268  2949  2949 W Looper  : Slow delivery took 2003ms main h=com.android.server.AlarmManagerService$AlarmHandler c=null m=4
01-06 17:16:56.281  2949  2949 W Looper  : Drained
01-06 17:16:56.297  2949  4603 I AlarmManager: Change Wakeup Alarm type to non Wakeup type, current type=[2] packageName = androidstatsTag = *walarm*:*job.deadline* @26235634 and next wakeup alarm is @Tue Jan 06 22:57:14 GMT+03:00 2026
01-06 17:16:56.299  2949  4603 I AlarmManager: Change Wakeup Alarm type to non Wakeup type, current type=[2] packageName = androidstatsTag = *walarm*:*job.deadline* @24396125 and next wakeup alarm is @Tue Jan 06 22:57:14 GMT+03:00 2026
01-06 17:17:28.296  2949  2949 W Looper  : Slow dispatch took 2003ms main h=android.os.Handler c=android.app.AlarmManager$ListenerWrapper@66d7e7c m=0
01-06 17:17:28.296  2949  2949 W Looper  : Slow delivery took 2003ms main h=com.android.server.AlarmManagerService$AlarmHandler c=null m=4
01-06 17:17:28.306  2949  2949 W Looper  : Drained
01-06 17:17:28.320  2949  4603 I AlarmManager: Change Wakeup Alarm type to non Wakeup type, current type=[2] packageName = androidstatsTag = *walarm*:*job.deadline* @26235634 and next wakeup alarm is @Tue Jan 06 22:57:14 GMT+03:00 2026
01-06 17:17:28.321  2949  4603 I AlarmManager: Change Wakeup Alarm type to non Wakeup type, current type=[2] packageName = androidstatsTag = *walarm*:*job.deadline* @24428149 and next wakeup alarm is @Tue Jan 06 22:57:14 GMT+03:00 2026
01-06 17:17:55.569  2949  3406 W RuleEvaluation: Integrity rule files are not available.
01-06 17:17:55.569  2949  3220 I PackageManager: Integrity check passed for file:///data/app/vmdl343500405.tmp
01-06 17:17:55.602  2949  3013 I ActivityManager: Force stopping com.bingetv.app appid=10108 user=-1: installPackageLI
01-06 17:17:55.604  2949  3013 I ActivityManager: Killing 751:com.bingetv.app/u0a108 (adj 0): stop com.bingetv.app due to installPackageLI
01-06 17:17:55.609  2949  3013 W ActivityTaskManager: Force removing ActivityRecord{3c8beae u0 com.bingetv.app/.ui.main.EnhancedMainActivity t21003 f}}: app died, no saved state
01-06 17:17:55.617  2949  3220 I PackageManager: Update package com.bingetv.app code path from /data/app/~~qswdGMft4yuR9oH9nAFZjQ==/com.bingetv.app-pjUjluodKH6nVlM3ch8A0A== to /data/app/~~jkc7eKuFPwdrhrdcwoObig==/com.bingetv.app-2THSstkTY8qI906cmwj0eA==; Retain data and using new
01-06 17:17:55.617  2949  3220 I PackageManager: Update package com.bingetv.app resource path from /data/app/~~qswdGMft4yuR9oH9nAFZjQ==/com.bingetv.app-pjUjluodKH6nVlM3ch8A0A== to /data/app/~~jkc7eKuFPwdrhrdcwoObig==/com.bingetv.app-2THSstkTY8qI906cmwj0eA==; Retain data and using new
01-06 17:17:55.635  2949  3220 D CompatibilityChangeReporter: Compat change id reported: 135549675; UID 10108; state: ENABLED
01-06 17:17:55.640  2949  3220 I PackageManager: Permission ownership changed. Updating all permissions.
01-06 17:17:55.663  2949  4183 D ConnectivityService: ConnectivityService NetworkRequestInfo binderDied(NetworkRequest [ TRACK_DEFAULT id=324, [ Capabilities: INTERNET&NOT_RESTRICTED&TRUSTED Uid: 10108 AdministratorUids: [] RequestorUid: 10108 RequestorPackageName: com.bingetv.app] ], android.os.BinderProxy@2005bbc)
01-06 17:17:55.663  2949  3453 D ConnectivityService: releasing NetworkRequest [ TRACK_DEFAULT id=324, [ Capabilities: INTERNET&NOT_RESTRICTED&TRUSTED Uid: 10108 AdministratorUids: [] RequestorUid: 10108 RequestorPackageName: com.bingetv.app] ] (release request)
01-06 17:17:55.792  2949  3220 W PackageSettings: Skipping PackageSetting{234c113 com.ytvplayer.yacinetv/10077} due to missing metadata
01-06 17:17:55.828  2949  2996 W Looper  : Slow dispatch took 225ms android.ui h=com.android.server.am.ActivityManagerService$UiHandler c=null m=53
01-06 17:17:55.828  2949  2996 W Looper  : Slow delivery took 220ms android.ui h=com.android.server.am.ActivityManagerService$UiHandler c=null m=32
01-06 17:17:55.828  2949  2996 W Looper  : Drained
01-06 17:17:55.839  2949  2998 D CompatibilityChangeReporter: Compat change id reported: 135634846; UID 10013; state: DISABLED
01-06 17:17:55.839  2949  2998 W ActivityManager: setHasOverlayUi called on unknown pid: 751
01-06 17:17:55.839  2949  3014 D CompatibilityChangeReporter: Compat change id reported: 143937733; UID 10013; state: ENABLED
01-06 17:17:55.873  2949  3014 I ActivityManager: Start proc 1344:com.google.android.tvlauncher/u0a13 for top-activity {com.google.android.tvlauncher/com.google.android.tvlauncher.MainActivity}
01-06 17:17:55.910  2949  6871 W OomAdjuster: Fallback pre-set sched group to default: not expected top priority
01-06 17:17:56.220  2949  4604 D CompatibilityChangeReporter: Compat change id reported: 136274596; UID 10013; state: ENABLED
01-06 17:17:56.273  2949  4604 D CompatibilityChangeReporter: Compat change id reported: 135634846; UID 10016; state: DISABLED
01-06 17:17:56.274  2949  3014 D CompatibilityChangeReporter: Compat change id reported: 143937733; UID 10016; state: ENABLED
01-06 17:17:56.311  2949  3014 I ActivityManager: Start proc 1380:com.google.process.gservices/u0a16 for content provider {com.google.android.gsf/com.google.android.gsf.gservices.GservicesProvider}
01-06 17:17:56.704  3651  4916 W ContextImpl: Calling a method in the system process without a qualified user: android.app.ContextImpl.bindService:1748 android.content.ContextWrapper.bindService:756 com.mediatek.wwtv.tvrecommendation.util.ChannelQueryClient.<init>:30 com.mediatek.wwtv.tvrecommendation.util.ChannelQueryClient.getInstance:92 com.mediatek.wwtv.tvrecommendation.RecommendedChannelsThread.bindQueryChannelService:711 
01-06 17:17:56.707  2949  3867 D CompatibilityChangeReporter: Compat change id reported: 135634846; UID 1000; state: DISABLED
01-06 17:17:56.738  2949  3014 I ActivityManager: Start proc 1401:com.mediatek.wwtv.tvcenter/1000 for service {com.mediatek.wwtv.tvcenter/com.mediatek.wwtv.tvcenter.nav.HomeChannelService}
01-06 17:17:57.267  2949  3867 D CompatibilityChangeReporter: Compat change id reported: 136219221; UID 1000; state: DISABLED
01-06 17:18:00.016  2949  4064 E TaskPersister: File error accessing recents directory (directory doesn't exist?).
01-06 17:18:00.184  2949  4604 I ActivityManager: Killing 1201:com.google.android.gms/u0a16 (adj 915): 45283k from cached
01-06 17:18:00.284  2949  4183 W ActivityManager: Scheduling restart of crashed service com.google.android.gms/.chimera.GmsApiService in 1000ms for connection
01-06 17:18:00.284  2949  4183 W ActivityManager: Scheduling restart of crashed service com.google.android.gms/.chimera.GmsBoundBrokerService in 11000ms for connection
01-06 17:18:00.284  2949  4183 W ActivityManager: Scheduling restart of crashed service com.google.android.gms/.chimera.GmsInternalApiService in 21000ms for connection
01-06 17:18:00.328  2949  2949 W Looper  : Slow dispatch took 2012ms main h=android.os.Handler c=android.app.AlarmManager$ListenerWrapper@66d7e7c m=0
01-06 17:18:00.328  2949  2949 W Looper  : Slow delivery took 2012ms main h=com.android.server.AlarmManagerService$AlarmHandler c=null m=4
01-06 17:18:00.378  2949  2949 W Looper  : Drained
01-06 17:18:00.432  2949  3799 I AlarmManager: Change Wakeup Alarm type to non Wakeup type, current type=[2] packageName = androidstatsTag = *walarm*:*job.deadline* @26235634 and next wakeup alarm is @Tue Jan 06 22:57:14 GMT+03:00 2026
01-06 17:18:00.434  2949  3799 I AlarmManager: Change Wakeup Alarm type to non Wakeup type, current type=[2] packageName = androidstatsTag = *walarm*:*job.deadline* @24460256 and next wakeup alarm is @Tue Jan 06 22:57:14 GMT+03:00 2026
01-06 17:18:00.530  2949  4991 D ConnectivityService: requestNetwork for uid/pid:10013/1344 NetworkRequest [ TRACK_DEFAULT id=325, [ Capabilities: INTERNET&NOT_RESTRICTED&TRUSTED Uid: 10013 AdministratorUids: [] RequestorUid: 10013 RequestorPackageName: com.google.android.tvlauncher] ]
01-06 17:18:00.532  2949  3453 D ConnectivityService: NetReassign [325 : null  101]
01-06 17:18:00.623  2949  7524 D CompatibilityChangeReporter: Compat change id reported: 135634846; UID 1000; state: DISABLED
01-06 17:18:00.667  2949  3014 I ActivityManager: Start proc 1486:com.google.android.leanbacklauncher.partnercustomizer/1000 for content provider {com.google.android.leanbacklauncher.partnercustomizer/com.google.android.leanbacklauncher.partnercustomizer.ConfigurationProvider}
01-06 17:18:00.804  2949  3799 D CompatibilityChangeReporter: Compat change id reported: 136219221; UID 1000; state: DISABLED
01-06 17:18:01.027  2949  2949 W Looper  : Slow dispatch took 492ms main h=android.os.Handler c=com.android.server.hdmi.HdmiControlService$4@2f70b94 m=0
01-06 17:18:01.028  2949  2949 W Looper  : Slow delivery took 367ms main h=com.android.server.job.JobSchedulerService$JobHandler c=null m=4
01-06 17:18:01.036  2949  2949 W Looper  : Drained
01-06 17:18:01.291  2949  3013 D CompatibilityChangeReporter: Compat change id reported: 135634846; UID 10016; state: DISABLED
01-06 17:18:01.292  2949  3014 D CompatibilityChangeReporter: Compat change id reported: 143937733; UID 10016; state: ENABLED
01-06 17:18:01.321  2949  3014 I ActivityManager: Start proc 1533:com.google.android.gms/u0a16 for service {com.google.android.gms/com.google.android.gms.chimera.GmsApiService}
01-06 17:18:03.489  2949  7524 I AlarmManager: Change Wakeup Alarm type to non Wakeup type, current type=[2] packageName = com.google.android.gmsstatsTag = *walarm*:com.google.android.gms.gcm.HEARTBEAT_ALARM @25663320 and next wakeup alarm is @Tue Jan 06 22:57:14 GMT+03:00 2026
01-06 17:18:03.605  2949  2964 I AlarmManager: Change Wakeup Alarm type to non Wakeup type, current type=[2] packageName = com.google.android.gmsstatsTag = *walarm*:com.google.android.gms.gcm.HEARTBEAT_ALARM @25663437 and next wakeup alarm is @Tue Jan 06 22:57:14 GMT+03:00 2026
01-06 17:18:07.178  2949  3220 I ActivityManager: Force stopping com.bingetv.app appid=10108 user=0: pkg removed
01-06 17:18:07.206  2949  3013 W BroadcastQueue: Background execution not allowed: receiving Intent { act=android.intent.action.PACKAGE_REMOVED dat=package:com.bingetv.app flg=0x4000010 (has extras) } to com.android.vending/com.google.android.finsky.packagemonitor.impl.PackageMonitorReceiverImpl$RegisteredReceiver
01-06 17:18:07.220  2949  3013 W BroadcastQueue: Background execution not allowed: receiving Intent { act=android.intent.action.PACKAGE_REMOVED dat=package:com.bingetv.app flg=0x4000010 (has extras) } to com.android.vending/com.google.android.finsky.packagemonitor.backgroundimpl.BackgroundPackageMonitorReceiverImpl$RegisteredReceiver
01-06 17:18:07.231  2949  3013 W BroadcastQueue: Background execution not allowed: receiving Intent { act=android.intent.action.PACKAGE_REMOVED dat=package:com.bingetv.app flg=0x4000010 (has extras) } to com.android.vending/com.google.android.finsky.instantapps.appmanagement.InstantAppRemoveMonitor
01-06 17:18:07.233  2949  3013 W BroadcastQueue: Background execution not allowed: receiving Intent { act=android.intent.action.PACKAGE_REMOVED dat=package:com.bingetv.app flg=0x4000010 (has extras) } to com.google.android.gms/.chimera.GmsIntentOperationService$PersistentTrustedReceiver
01-06 17:18:07.234  2949  3013 W BroadcastQueue: Background execution not allowed: receiving Intent { act=android.intent.action.PACKAGE_REMOVED dat=package:com.bingetv.app flg=0x4000010 (has extras) } to com.google.android.leanbacklauncher.partnercustomizer/.PartnerReceiver
01-06 17:18:07.234  2949  3013 W BroadcastQueue: Background execution not allowed: receiving Intent { act=android.intent.action.PACKAGE_REMOVED dat=package:com.bingetv.app flg=0x4000010 (has extras) } to com.mediatek.wwtv.setupwizard/.PartnerReceiver
01-06 17:18:07.239  2949  4603 I AlarmManager: Change Wakeup Alarm type to non Wakeup type, current type=[3] packageName = com.google.android.gmsstatsTag = *alarm*:com.google.android.chimera.container.IntentOperationService.SAVED_INTENT @315384407069 and next wakeup alarm is @Tue Jan 06 22:57:14 GMT+03:00 2026
01-06 17:18:07.242  2949  2949 D CompatibilityChangeReporter: Compat change id reported: 135634846; UID 1000; state: DISABLED
01-06 17:18:07.278  2949  3013 W BroadcastQueue: Background execution not allowed: receiving Intent { act=android.intent.action.PACKAGE_ADDED dat=package:com.bingetv.app flg=0x4000010 (has extras) } to com.google.android.packageinstaller/com.android.packageinstaller.PackageInstalledReceiver
01-06 17:18:07.281  2949  3013 W BroadcastQueue: Background execution not allowed: receiving Intent { act=android.intent.action.PACKAGE_ADDED dat=package:com.bingetv.app flg=0x4000010 (has extras) } to com.android.vending/com.google.android.finsky.packagemonitor.impl.PackageMonitorReceiverImpl$RegisteredReceiver
01-06 17:18:07.282  2949  3013 W BroadcastQueue: Background execution not allowed: receiving Intent { act=android.intent.action.PACKAGE_ADDED dat=package:com.bingetv.app flg=0x4000010 (has extras) } to com.android.vending/com.google.android.finsky.packagemonitor.backgroundimpl.BackgroundPackageMonitorReceiverImpl$RegisteredReceiver
01-06 17:18:07.282  2949  3013 W BroadcastQueue: Background execution not allowed: receiving Intent { act=android.intent.action.PACKAGE_ADDED dat=package:com.bingetv.app flg=0x4000010 (has extras) } to com.google.android.gms/.chimera.GmsIntentOperationService$PersistentTrustedReceiver
01-06 17:18:07.282  2949  3013 W BroadcastQueue: Background execution not allowed: receiving Intent { act=android.intent.action.PACKAGE_ADDED dat=package:com.bingetv.app flg=0x4000010 (has extras) } to com.google.android.gms/.gass.chimera.PackageChangeBroadcastReceiver
01-06 17:18:07.282  2949  3013 W BroadcastQueue: Background execution not allowed: receiving Intent { act=android.intent.action.PACKAGE_ADDED dat=package:com.bingetv.app flg=0x4000010 (has extras) } to com.google.android.leanbacklauncher.partnercustomizer/.PartnerReceiver
01-06 17:18:07.282  2949  3013 W BroadcastQueue: Background execution not allowed: receiving Intent { act=android.intent.action.PACKAGE_ADDED dat=package:com.bingetv.app flg=0x4000010 (has extras) } to com.mediatek.wwtv.setupwizard/.PartnerReceiver
01-06 17:18:07.300  2949  3013 D CompatibilityChangeReporter: Compat change id reported: 135634846; UID 10017; state: DISABLED
01-06 17:18:07.315  2949  3014 W ActivityManager: Slow operation: 75ms so far, now at startProcess: returned from zygote!
01-06 17:18:07.329  2949  3014 W ActivityManager: Slow operation: 89ms so far, now at startProcess: done updating battery stats
01-06 17:18:07.329  2949  3014 W ActivityManager: Slow operation: 90ms so far, now at startProcess: building log message
01-06 17:18:07.329  2949  3014 I ActivityManager: Start proc 1613:com.android.keychain/1000 for service {com.android.keychain/com.android.keychain.KeyChainService}
01-06 17:18:07.329  2949  3014 W ActivityManager: Slow operation: 90ms so far, now at startProcess: starting to update pids map
01-06 17:18:07.330  2949  3014 W ActivityManager: Slow operation: 90ms so far, now at startProcess: done updating pids map
01-06 17:18:07.330  2949  3014 D CompatibilityChangeReporter: Compat change id reported: 143937733; UID 10017; state: ENABLED
01-06 17:18:07.333  2949  5226 I AlarmManager: Change Wakeup Alarm type to non Wakeup type, current type=[3] packageName = com.google.android.gmsstatsTag = *alarm*:com.google.android.chimera.container.IntentOperationService.SAVED_INTENT @315384407160 and next wakeup alarm is @Tue Jan 06 22:57:14 GMT+03:00 2026
01-06 17:18:07.366  2949  3014 W ActivityManager: Slow operation: 70ms so far, now at startProcess: returned from zygote!
01-06 17:18:07.408  2949  3014 W ActivityManager: Slow operation: 112ms so far, now at startProcess: done updating battery stats
01-06 17:18:07.412  2949  3014 W ActivityManager: Slow operation: 116ms so far, now at startProcess: building log message
01-06 17:18:07.412  2949  3014 I ActivityManager: Start proc 1636:com.android.vending/u0a17 for broadcast {com.android.vending/com.google.android.finsky.packagemonitor.impl.PackageMonitorReceiverImpl$RegisteredReceiver}
01-06 17:18:07.412  2949  3014 W ActivityManager: Slow operation: 116ms so far, now at startProcess: starting to update pids map
01-06 17:18:07.415  2949  3014 W ActivityManager: Slow operation: 118ms so far, now at startProcess: done updating pids map
01-06 17:18:07.503  2949  2949 W Looper  : Slow dispatch took 121ms main h=android.app.ActivityThread$H c=android.app.-$$Lambda$LoadedApk$ReceiverDispatcher$Args$_BumDX2UKsnxLVrE6UJsJZkotuA@ca30950 m=0
01-06 17:18:07.503  2949  2949 W Looper  : Slow delivery took 286ms main h=android.app.ActivityThread$H c=android.app.-$$Lambda$LoadedApk$ReceiverDispatcher$Args$_BumDX2UKsnxLVrE6UJsJZkotuA@2218749 m=0
01-06 17:18:07.646  2949  2949 V BackupManagerConstants: getFullBackupIntervalMilliseconds(...) returns 86400000
01-06 17:18:07.646  2949  2949 V BackupManagerConstants: getFullBackupRequiredNetworkType(...) returns 2
01-06 17:18:07.657  2949  2949 V BackupManagerConstants: getFullBackupRequireCharging(...) returns true
01-06 17:18:07.764  2949  2949 W Looper  : Drained
01-06 17:18:07.773  2949  6625 I ActivityTaskManager: START u0 {flg=0x10000000 cmp=com.bingetv.app/.ui.splash.SplashActivity} from uid 2000
01-06 17:18:07.863  2949  3012 W TextServicesManagerService: no available spell checker services found
01-06 17:18:07.957  2949  2998 D CompatibilityChangeReporter: Compat change id reported: 135634846; UID 10108; state: DISABLED
01-06 17:18:07.959  2949  3014 D CompatibilityChangeReporter: Compat change id reported: 143937733; UID 10108; state: ENABLED
01-06 17:18:08.018  2949  3014 W ActivityManager: Slow operation: 62ms so far, now at startProcess: returned from zygote!
01-06 17:18:08.026  2949  3014 W ActivityManager: Slow operation: 70ms so far, now at startProcess: done updating battery stats
01-06 17:18:08.026  2949  3014 W ActivityManager: Slow operation: 70ms so far, now at startProcess: building log message
01-06 17:18:08.026  2949  3014 I ActivityManager: Start proc 1677:com.bingetv.app/u0a108 for pre-top-activity {com.bingetv.app/com.bingetv.app.ui.splash.SplashActivity}
01-06 17:18:08.026  2949  3014 W ActivityManager: Slow operation: 70ms so far, now at startProcess: starting to update pids map
01-06 17:18:08.027  2949  3014 W ActivityManager: Slow operation: 71ms so far, now at startProcess: done updating pids map
01-06 17:18:08.030  2949  2998 D CompatibilityChangeReporter: Compat change id reported: 136219221; UID 1000; state: DISABLED
01-06 17:18:08.070  2949  5226 W OomAdjuster: Fallback pre-set sched group to default: not expected top priority
01-06 17:18:09.721  2949  4603 D CompatibilityChangeReporter: Compat change id reported: 135634846; UID 10017; state: DISABLED
01-06 17:18:09.722  2949  3014 D CompatibilityChangeReporter: Compat change id reported: 143937733; UID 10017; state: ENABLED
01-06 17:18:09.806  2949  3014 W ActivityManager: Slow operation: 88ms so far, now at startProcess: returned from zygote!
01-06 17:18:09.808  2949  3014 W ActivityManager: Slow operation: 91ms so far, now at startProcess: done updating battery stats
01-06 17:18:09.809  2949  3014 W ActivityManager: Slow operation: 92ms so far, now at startProcess: building log message
01-06 17:18:09.810  2949  3014 I ActivityManager: Start proc 1759:com.android.vending:background/u0a17 for broadcast {com.android.vending/com.google.android.finsky.packagemonitor.backgroundimpl.BackgroundPackageMonitorReceiverImpl$RegisteredReceiver}
01-06 17:18:09.810  2949  3014 W ActivityManager: Slow operation: 92ms so far, now at startProcess: starting to update pids map
01-06 17:18:09.812  2949  3014 W ActivityManager: Slow operation: 95ms so far, now at startProcess: done updating pids map
01-06 17:18:10.337  2949  5226 I ActivityTaskManager: START u0 {cmp=com.bingetv.app/.ui.main.EnhancedMainActivity} from uid 10108
01-06 17:18:10.395  2949  5226 W ActivityTaskManager: Tried to set launchTime (0) < mLastActivityLaunchTime (24407935)
01-06 17:18:11.334  2949  6871 W BroadcastQueue: Background execution not allowed: receiving Intent { act=android.intent.action.PACKAGE_REPLACED dat=package:com.bingetv.app flg=0x4000010 (has extras) } to com.google.android.gms/.chimera.GmsIntentOperationService$PersistentTrustedReceiver
01-06 17:18:11.355  2949  3013 W BroadcastQueue: Background execution not allowed: receiving Intent { act=android.intent.action.PACKAGE_REPLACED dat=package:com.bingetv.app flg=0x4000010 (has extras) } to com.google.android.gms/.gass.chimera.PackageChangeBroadcastReceiver
01-06 17:18:12.059  2949  6625 D ConnectivityService: requestNetwork for uid/pid:10017/1759 NetworkRequest [ TRACK_DEFAULT id=326, [ Capabilities: INTERNET&NOT_RESTRICTED&TRUSTED Uid: 10017 AdministratorUids: [] RequestorUid: 10017 RequestorPackageName: com.android.vending] ]
01-06 17:18:12.067  2949  3453 D ConnectivityService: NetReassign [326 : null  101]
01-06 17:18:12.216  2949  4064 E TaskPersister: File error accessing recents directory (directory doesn't exist?).
01-06 17:18:12.344  2949  6871 D ConnectivityService: requestNetwork for uid/pid:10017/1759 NetworkRequest [ TRACK_DEFAULT id=327, [ Capabilities: INTERNET&NOT_RESTRICTED&TRUSTED Uid: 10017 AdministratorUids: [] RequestorUid: 10017 RequestorPackageName: com.android.vending] ]
01-06 17:18:12.348  2949  3453 D ConnectivityService: NetReassign [327 : null  101]
01-06 17:18:12.389  2949  3453 D ConnectivityService: NetReassign [no changes]
01-06 17:18:14.311  2949  6625 D CompatibilityChangeReporter: Compat change id reported: 135634846; UID 10021; state: DISABLED
01-06 17:18:14.313  2949  3014 D CompatibilityChangeReporter: Compat change id reported: 143937733; UID 10021; state: ENABLED
01-06 17:18:14.355  2949  3014 W ActivityManager: Slow operation: 51ms so far, now at startProcess: returned from zygote!
01-06 17:18:14.366  2949  3014 W ActivityManager: Slow operation: 62ms so far, now at startProcess: done updating battery stats
01-06 17:18:14.367  2949  3014 W ActivityManager: Slow operation: 62ms so far, now at startProcess: building log message
01-06 17:18:14.367  2949  3014 I ActivityManager: Start proc 1874:android.process.acore/u0a21 for content provider {com.android.providers.contacts/com.android.providers.contacts.ContactsProvider2}
01-06 17:18:14.367  2949  3014 W ActivityManager: Slow operation: 62ms so far, now at startProcess: starting to update pids map
01-06 17:18:14.370  2949  3014 W ActivityManager: Slow operation: 65ms so far, now at startProcess: done updating pids map
01-06 17:18:14.486  2949  4603 D ConnectivityService: requestNetwork for uid/pid:10017/1636 NetworkRequest [ TRACK_DEFAULT id=329, [ Capabilities: INTERNET&NOT_RESTRICTED&TRUSTED Uid: 10017 AdministratorUids: [] RequestorUid: 10017 RequestorPackageName: com.android.vending] ]
01-06 17:18:14.486  2949  3453 D ConnectivityService: NetReassign [329 : null  101]
01-06 17:18:14.501  2949  3453 D ConnectivityService: NetReassign [no changes]
01-06 17:18:14.753  2949  5226 D CountryDetector: The first listener is added
01-06 17:18:14.768  1874  1874 D ActivityThread: Loading provider contacts;com.android.contacts: com.android.providers.contacts.ContactsProvider2
01-06 17:18:15.624  2949  4064 E TaskPersister: File error accessing recents directory (directory doesn't exist?).
01-06 17:18:16.838  2949  6625 D ConnectivityService: requestNetwork for uid/pid:10108/1677 NetworkRequest [ TRACK_DEFAULT id=331, [ Capabilities: INTERNET&NOT_RESTRICTED&TRUSTED Uid: 10108 AdministratorUids: [] RequestorUid: 10108 RequestorPackageName: com.bingetv.app] ]
01-06 17:18:16.838  2949  3453 D ConnectivityService: NetReassign [331 : null  101]
01-06 17:18:18.970  2949  4603 D CompatibilityChangeReporter: Compat change id reported: 135634846; UID 10016; state: DISABLED
01-06 17:18:18.971  2949  3014 D CompatibilityChangeReporter: Compat change id reported: 143937733; UID 10016; state: ENABLED
01-06 17:18:18.994  2949  3014 I ActivityManager: Start proc 1938:com.google.process.gapps/u0a16 for content provider {com.google.android.gsf/com.google.android.gsf.settings.GoogleSettingsProvider}
01-06 17:18:26.996  2949  2949 W Looper  : Slow dispatch took 2007ms main h=android.os.Handler c=android.app.AlarmManager$ListenerWrapper@66d7e7c m=0
01-06 17:18:26.996  2949  2949 W Looper  : Slow delivery took 2001ms main h=com.android.server.AlarmManagerService$AlarmHandler c=null m=4
01-06 17:18:27.016  2949  2949 W Looper  : Drained
01-06 17:18:29.422  2949  4603 D ConnectivityService: requestNetwork for uid/pid:10017/1759 NetworkRequest [ TRACK_DEFAULT id=332, [ Capabilities: INTERNET&NOT_RESTRICTED&TRUSTED Uid: 10017 AdministratorUids: [] RequestorUid: 10017 RequestorPackageName: com.android.vending] ]
01-06 17:18:29.423  2949  3453 D ConnectivityService: NetReassign [332 : null  101]
01-06 17:18:32.427  2949  2949 W Looper  : Slow dispatch took 2004ms main h=android.os.Handler c=android.app.AlarmManager$ListenerWrapper@66d7e7c m=0
01-06 17:18:32.427  2949  2949 W Looper  : Slow delivery took 2003ms main h=com.android.server.AlarmManagerService$AlarmHandler c=null m=4
01-06 17:18:32.441  2949  2949 W Looper  : Drained
01-06 17:18:32.474  2949  4603 I AlarmManager: Change Wakeup Alarm type to non Wakeup type, current type=[2] packageName = androidstatsTag = *walarm*:*job.deadline* @26235634 and next wakeup alarm is @Tue Jan 06 22:57:14 GMT+03:00 2026
01-06 17:18:32.476  2949  4603 I AlarmManager: Change Wakeup Alarm type to non Wakeup type, current type=[2] packageName = androidstatsTag = *walarm*:*job.deadline* @24492302 and next wakeup alarm is @Tue Jan 06 22:57:14 GMT+03:00 2026
01-06 17:18:59.667  2805  2805 I wificond: Received external scan result notification from kernel.
--------- beginning of main
01-06 17:18:59.696  2949  2995 I chatty  : uid=1000(system) android.fg expire 2 lines
01-06 17:19:00.004  3651  3651 I chatty  : uid=1000(system) com.mediatek.tv.service expire 12 lines
01-06 17:19:01.440  4782  4782 W cast_shell: [0106/171901.440793:WARNING:application_manager_impl.cc(611)] Unable to fetch config for app ID YouTube because the app is not supported
01-06 17:19:02.034  2949  3418 I chatty  : uid=1000(system) WifiHandlerThre expire 107 lines
01-06 17:19:02.037  2949  6625 I chatty  : uid=1000(system) Binder:2949_1D expire 18 lines
01-06 17:19:02.137  4782  4782 I cast_shell: [0106/171902.136756:INFO:service_base.h(78)] Size of the map for type AuthTokenResponse is 0
01-06 17:19:02.733  4782  4782 I cast_shell: [0106/171902.733503:INFO:service_base.h(246)] Container sizes for type CloudSetting are (session_info_map: 0), (topic_info_map: 21), (pending_events: 0).
01-06 17:19:02.735  4782  4782 I cast_shell: [0106/171902.733898:INFO:metrics_stat_logger.cc(38)] Metrics stat for the past 60 secs : total=13
01-06 17:19:02.735  4782  4782 I cast_shell: [metrics_stat_logger] Cast.Discovery.Mdns.Request.AppId.In=2
01-06 17:19:02.735  4782  4782 I cast_shell: [metrics_stat_logger] Cast.Discovery.Mdns.Request.In=2
01-06 17:19:02.735  4782  4782 I cast_shell: [metrics_stat_logger] Cast.Discovery.Mdns.Response.AppId.Out=2
01-06 17:19:02.735  4782  4782 I cast_shell: [metrics_stat_logger] Cast.Discovery.Mdns.Response.Out=2
01-06 17:19:02.735  4782  4782 I cast_shell: [metrics_stat_logger] Cloud.Transport.Gcm.GetStatus.In=1
01-06 17:19:02.735  4782  4782 I cast_shell: [metrics_stat_logger] Cloud.Transport.Gcm.GetStatus.Received=1
01-06 17:19:02.735  4782  4782 I cast_shell: [metrics_stat_logger] Cloud.Transport.Gcm.Message.Received=1
01-06 17:19:02.735  4782  4782 I cast_shell: [metrics_stat_logger] Cloud.Transport.Https.Status.Out=1
01-06 17:19:02.735  4782  4782 I cast_shell: [metrics_stat_logger] Cloud.Transport.Https.Status.Out.Success=1
01-06 17:19:02.735  4782  4782 I cast_shell: [metrics_stat_logger] Dial.SsdpDeviceDesc.Unknown=6
01-06 17:19:02.735  4782  4782 I cast_shell: [metrics_stat_logger] Dial.SsdpDeviceDesc.Unknown.200=6
01-06 17:19:02.735  4782  4782 I cast_shell: [metrics_stat_logger] Dial.YouTube.GetInfo.Unknown=6
01-06 17:19:02.735  4782  4782 I cast_shell: [metrics_stat_logger] Dial.YouTube.GetInfo.Unknown.404=6
01-06 17:19:03.189 26704 26704 W ThreadPoolForeg: type=1400 audit(0.0:2177): avc: denied { write } for name="traced_producer" dev="tmpfs" ino=12647 scontext=u:r:gmscore_app:s0:c512,c768 tcontext=u:object_r:traced_producer_socket:s0 tclass=sock_file permissive=0 app=com.google.android.gms
01-06 17:19:03.195  2834  2834 D MTK_KL  : 36,942713,24463124763,-;type=1400 audit(1767709143.189:2177): avc: denied { write } for comm="ThreadPoolForeg" name="traced_producer" dev="tmpfs" ino=12647 scontext=u:r:gmscore_app:s0:c512,c768 tcontext=u:object_r:traced_producer_socket:s0 tclass=sock_file permissive=0 app=com.google.android.gms
01-06 17:19:03.245  4782  4980 I cast_shell: [0106/171903.245655:INFO:mdns_app_filter.cc(3358)] MdnsAppFilter: responses sent in 31 seconds: 4
01-06 17:19:04.473  2949  2949 W Looper  : Slow dispatch took 2004ms main h=android.os.Handler c=android.app.AlarmManager$ListenerWrapper@66d7e7c m=0
01-06 17:19:04.473  2949  2949 W Looper  : Slow delivery took 2003ms main h=com.android.server.AlarmManagerService$AlarmHandler c=null m=4
01-06 17:19:04.488  2949  2949 W Looper  : Drained
01-06 17:19:04.504  2949  6625 I AlarmManager: Change Wakeup Alarm type to non Wakeup type, current type=[2] packageName = androidstatsTag = *walarm*:*job.deadline* @26235634 and next wakeup alarm is @Tue Jan 06 22:57:14 GMT+03:00 2026
01-06 17:19:04.505  2949  6625 I AlarmManager: Change Wakeup Alarm type to non Wakeup type, current type=[2] packageName = androidstatsTag = *walarm*:*job.deadline* @24524332 and next wakeup alarm is @Tue Jan 06 22:57:14 GMT+03:00 2026
01-06 17:19:08.675  1636  1708 I chatty  : uid=10017(com.android.vending) expire 3 lines
01-06 17:19:10.368  1759  1785 I chatty  : uid=10017(com.android.vending) expire 3 lines
01-06 17:19:11.445  1533  1533 D BoundBrokerSvc: onUnbind: Intent { act=com.google.android.gms.common.BIND_SHARED_PREFS pkg=com.google.android.gms }
01-06 17:19:11.446  1759  1759 I chatty  : uid=10017(com.android.vending) expire 4 lines
01-06 17:19:11.458  4782  4782 W cast_shell: [0106/171911.458205:WARNING:application_manager_impl.cc(611)] Unable to fetch config for app ID YouTube because the app is not supported
01-06 17:19:12.845  3651  4919 I chatty  : uid=1000(system) Thread-68 expire 19 lines
01-06 17:19:18.081  1759  1929 I chatty  : uid=10017(com.android.vending) expire 4 lines
01-06 17:19:21.272  4782  1316 I cast_shell: [0106/171921.272667:INFO:ssdp_device.c(101)] SSDP packets sent for 30 seconds = 13
01-06 17:19:21.455  4782  4782 W cast_shell: [0106/171921.454953:WARNING:application_manager_impl.cc(611)] Unable to fetch config for app ID YouTube because the app is not supported
01-06 17:19:31.460  4782  4782 W cast_shell: [0106/171931.459968:WARNING:application_manager_impl.cc(611)] Unable to fetch config for app ID YouTube because the app is not supported
01-06 17:19:31.874  3651  4919 I chatty  : uid=1000(system) Thread-68 expire 21 lines
01-06 17:19:32.174  2949  6871 I chatty  : uid=1000(system) Binder:2949_1F expire 6 lines
01-06 17:19:33.229 26704 26704 W ThreadPoolForeg: type=1400 audit(0.0:2178): avc: denied { write } for name="traced_producer" dev="tmpfs" ino=12647 scontext=u:r:gmscore_app:s0:c512,c768 tcontext=u:object_r:traced_producer_socket:s0 tclass=sock_file permissive=0 app=com.google.android.gms
01-06 17:19:33.235  2834  2834 D MTK_KL  : 36,942714,24493164636,-;type=1400 audit(1767709173.229:2178): avc: denied { write } for comm="ThreadPoolForeg" name="traced_producer" dev="tmpfs" ino=12647 scontext=u:r:gmscore_app:s0:c512,c768 tcontext=u:object_r:traced_producer_socket:s0 tclass=sock_file permissive=0 app=com.google.android.gms
01-06 17:19:34.273  4782  4980 I cast_shell: [0106/171934.273149:INFO:mdns_app_filter.cc(3358)] MdnsAppFilter: responses sent in 31 seconds: 4
01-06 17:19:34.526  1636  1658 I chatty  : uid=10017(com.android.vending) expire 1 line
01-06 17:19:35.186  2949  4603 I chatty  : uid=1000(system) Binder:2949_11 expire 21 lines
01-06 17:19:36.502  2949  2949 W Looper  : Slow dispatch took 2003ms main h=android.os.Handler c=android.app.AlarmManager$ListenerWrapper@66d7e7c m=0
01-06 17:19:36.503  2949  2949 W Looper  : Slow delivery took 2002ms main h=com.android.server.AlarmManagerService$AlarmHandler c=null m=4
01-06 17:19:36.513  2949  2949 W Looper  : Drained
01-06 17:19:36.527  2949  4603 I AlarmManager: Change Wakeup Alarm type to non Wakeup type, current type=[2] packageName = androidstatsTag = *walarm*:*job.deadline* @26235634 and next wakeup alarm is @Tue Jan 06 22:57:14 GMT+03:00 2026
01-06 17:19:36.528  2949  4603 I AlarmManager: Change Wakeup Alarm type to non Wakeup type, current type=[2] packageName = androidstatsTag = *walarm*:*job.deadline* @24556356 and next wakeup alarm is @Tue Jan 06 22:57:14 GMT+03:00 2026
01-06 17:19:38.201  2949  3418 I chatty  : uid=1000(system) WifiHandlerThre expire 58 lines
01-06 17:19:41.463  4782  4782 W cast_shell: [0106/171941.463312:WARNING:application_manager_impl.cc(611)] Unable to fetch config for app ID YouTube because the app is not supported
01-06 17:19:51.276  4782  1316 I cast_shell: [0106/171951.276371:INFO:ssdp_device.c(101)] SSDP packets sent for 30 seconds = 9
01-06 17:19:51.478  4782  4782 W cast_shell: [0106/171951.478773:WARNING:application_manager_impl.cc(611)] Unable to fetch config for app ID YouTube because the app is not supported
01-06 17:19:51.904  3651  4919 I chatty  : uid=1000(system) Thread-68 expire 21 lines
01-06 17:19:56.298  2949  4603 I chatty  : uid=1000(system) Binder:2949_11 expire 21 lines
01-06 17:19:59.306  2949  3418 I chatty  : uid=1000(system) WifiHandlerThre expire 58 lines
01-06 17:20:01.480  4782  4782 W cast_shell: [0106/172001.480020:WARNING:application_manager_impl.cc(611)] Unable to fetch config for app ID YouTube because the app is not supported
01-06 17:20:02.137  4782  4782 I cast_shell: [0106/172002.137777:INFO:service_base.h(78)] Size of the map for type AuthTokenResponse is 0
01-06 17:20:02.731  4782  4980 I cast_shell: [0106/172002.731319:INFO:mdns_cast_service.cc(987)] Recent mDNS app subtypes: [supported:'233637DE',] [unsupported:]
01-06 17:20:02.733  4782  4782 I cast_shell: [0106/172002.733766:INFO:service_base.h(246)] Container sizes for type CloudSetting are (session_info_map: 0), (topic_info_map: 21), (pending_events: 0).
01-06 17:20:02.734  4782  4782 I cast_shell: [0106/172002.734024:INFO:metrics_stat_logger.cc(38)] Metrics stat for the past 60 secs : total=8
01-06 17:20:02.734  4782  4782 I cast_shell: [metrics_stat_logger] Cast.Discovery.Mdns.Request.AppId.In=4
01-06 17:20:02.734  4782  4782 I cast_shell: [metrics_stat_logger] Cast.Discovery.Mdns.Request.In=4
01-06 17:20:02.734  4782  4782 I cast_shell: [metrics_stat_logger] Cast.Discovery.Mdns.Response.AppId.Out=4
01-06 17:20:02.734  4782  4782 I cast_shell: [metrics_stat_logger] Cast.Discovery.Mdns.Response.Out=4
01-06 17:20:02.734  4782  4782 I cast_shell: [metrics_stat_logger] Dial.SsdpDeviceDesc.Unknown=6
01-06 17:20:02.734  4782  4782 I cast_shell: [metrics_stat_logger] Dial.SsdpDeviceDesc.Unknown.200=6
01-06 17:20:02.734  4782  4782 I cast_shell: [metrics_stat_logger] Dial.YouTube.GetInfo.Unknown=6
01-06 17:20:02.734  4782  4782 I cast_shell: [metrics_stat_logger] Dial.YouTube.GetInfo.Unknown.404=6
01-06 17:20:03.269 26704 26704 W ThreadPoolForeg: type=1400 audit(0.0:2179): avc: denied { write } for name="traced_producer" dev="tmpfs" ino=12647 scontext=u:r:gmscore_app:s0:c512,c768 tcontext=u:object_r:traced_producer_socket:s0 tclass=sock_file permissive=0 app=com.google.android.gms
01-06 17:20:03.275  2834  2834 D MTK_KL  : 36,942715,24523204586,-;type=1400 audit(1767709203.269:2179): avc: denied { write } for comm="ThreadPoolForeg" name="traced_producer" dev="tmpfs" ino=12647 scontext=u:r:gmscore_app:s0:c512,c768 tcontext=u:object_r:traced_producer_socket:s0 tclass=sock_file permissive=0 app=com.google.android.gms
01-06 17:20:05.198  4782  4980 I cast_shell: [0106/172005.198225:INFO:mdns_app_filter.cc(3358)] MdnsAppFilter: responses sent in 30 seconds: 5
01-06 17:20:08.527  2949  2949 W Looper  : Slow dispatch took 2004ms main h=android.os.Handler c=android.app.AlarmManager$ListenerWrapper@66d7e7c m=0
01-06 17:20:08.528  2949  2949 W Looper  : Slow delivery took 2003ms main h=com.android.server.AlarmManagerService$AlarmHandler c=null m=4
01-06 17:20:08.541  2949  2949 W Looper  : Drained
01-06 17:20:08.557  2949  4603 I AlarmManager: Change Wakeup Alarm type to non Wakeup type, current type=[2] packageName = androidstatsTag = *walarm*:*job.deadline* @26235634 and next wakeup alarm is @Tue Jan 06 22:57:14 GMT+03:00 2026
01-06 17:20:08.559  2949  4603 I AlarmManager: Change Wakeup Alarm type to non Wakeup type, current type=[2] packageName = androidstatsTag = *walarm*:*job.deadline* @24588385 and next wakeup alarm is @Tue Jan 06 22:57:14 GMT+03:00 2026
01-06 17:20:11.485  4782  4782 W cast_shell: [0106/172011.485657:WARNING:application_manager_impl.cc(611)] Unable to fetch config for app ID YouTube because the app is not supported
01-06 17:20:12.030  1677  1689 I com.bingetv.ap: WaitForGcToComplete blocked Background on ProfileSaver for 7.290ms
01-06 17:20:12.432  1677  1689 I com.bingetv.ap: Background concurrent copying GC freed 45017(2730KB) AllocSpace objects, 0(0B) LOS objects, 24% free, 7147KB/9530KB, paused 109us total 148.683ms
01-06 17:20:12.935  3651  4919 I chatty  : uid=1000(system) Thread-68 expire 15 lines
01-06 17:20:17.379  2949  3418 I chatty  : uid=1000(system) WifiHandlerThre expire 32 lines
01-06 17:20:17.382  2949  4603 I chatty  : uid=1000(system) Binder:2949_11 expire 12 lines
01-06 17:20:21.258  4782  1316 I cast_shell: [0106/172021.258480:INFO:ssdp_device.c(101)] SSDP packets sent for 30 seconds = 13
01-06 17:20:21.489  4782  4782 W cast_shell: [0106/172021.489847:WARNING:application_manager_impl.cc(611)] Unable to fetch config for app ID YouTube because the app is not supported
01-06 17:20:28.866 13646 13646 I abb     : StartCommandInProcess(73657474696e67730067657400676c6f settings.get.glo [truncated])
01-06 17:20:28.874 13646 13651 I abb     : oneway function results will be dropped but finished with status OK and parcel size 4
01-06 17:20:28.869  2949  2949 W Binder:2949_11: type=1400 audit(0.0:2180): avc: denied { getopt } for scontext=u:r:system_server:s0 tcontext=u:r:shell:s0 tclass=unix_stream_socket permissive=0
01-06 17:20:28.869  2949  2949 I chatty  : uid=0(root) system_server identical 2 lines
01-06 17:20:28.869  2949  2949 W Binder:2949_11: type=1400 audit(0.0:2182): avc: denied { getopt } for scontext=u:r:system_server:s0 tcontext=u:r:shell:s0 tclass=unix_stream_socket permissive=0
01-06 17:20:28.875  2834  2834 D MTK_KL  : 36,942716,24548804884,-;type=1400 audit(1767709228.869:2180): avc: denied { getopt } for comm="Binder:2949_11" scontext=u:r:system_server:s0 tcontext=u:r:shell:s0 tclass=unix_stream_socket permissive=0
01-06 17:20:28.875  2834  2834 I chatty  : uid=0(root) /vendor/bin/k2logcat identical 2 lines
01-06 17:20:28.875  2834  2834 D MTK_KL  : 36,942718,24548805306,-;type=1400 audit(1767709228.869:2182): avc: denied { getopt } for comm="Binder:2949_11" scontext=u:r:system_server:s0 tcontext=u:r:shell:s0 tclass=unix_stream_socket permissive=0
01-06 17:20:28.881 13646 13646 I abb     : StartCommandInProcess(7061636b61676500696e7374616c6c00 package.install. [truncated])
01-06 17:20:28.960  3651  4919 I chatty  : uid=1000(system) Thread-68 expire 13 lines
01-06 17:20:29.437  2949  3418 I chatty  : uid=1000(system) WifiHandlerThre expire 54 lines
01-06 17:20:30.238  2949  3414 I chatty  : uid=1000(system) NetworkPolicy expire 1 line
01-06 17:20:30.425  2949  2949 W Binder:2949_11: type=1400 audit(0.0:2183): avc: denied { getopt } for scontext=u:r:system_server:s0 tcontext=u:r:shell:s0 tclass=unix_stream_socket permissive=0
