01-06 17:20:40.397  4093  4108 I niss:interacto: Background young concurrent copying GC freed 12671(921KB) AllocSpace objects, 0(0B) LOS objects, 22% free, 3535KB/4534KB, paused 189us total 291.856ms
01-06 17:20:40.413  2044  2044 D NetworkSecurityConfig: Using Network Security Config from resource network_security_config debugBuild: false
01-06 17:20:40.415  2044  2044 D NetworkSecurityConfig: Using Network Security Config from resource network_security_config debugBuild: false
01-06 17:20:40.423  1533  2041 W SQLiteLog: (28) double-quoted string literal: "com.bingetv.app"
01-06 17:20:40.448  2044  2044 D WM-WrkMgrInitializer: Initializing WorkManager with default configuration.
01-06 17:20:40.472  2044  2044 I TetheringManager: registerTetheringEventCallback:com.bingetv.app
01-06 17:20:40.555  2044  2044 D AppCompatDelegate: Checking for metadata for AppLocalesMetadataHolderService : Service not found
01-06 17:20:40.561  2949  2949 W Looper  : Slow dispatch took 2008ms main h=android.os.Handler c=android.app.AlarmManager$ListenerWrapper@66d7e7c m=0
01-06 17:20:40.561  2949  2949 W Looper  : Slow delivery took 2008ms main h=com.android.server.AlarmManagerService$AlarmHandler c=null m=4
01-06 17:20:40.667  1533  1545 I gle.android.gm: Background young concurrent copying GC freed 24434(1457KB) AllocSpace objects, 6(184KB) LOS objects, 18% free, 6319KB/7759KB, paused 352us total 114.583ms
01-06 17:20:40.749  2949  2949 V BackupManagerConstants: getFullBackupIntervalMilliseconds(...) returns 86400000
01-06 17:20:40.749  2949  2949 V BackupManagerConstants: getFullBackupRequiredNetworkType(...) returns 2
01-06 17:20:40.749  2949  2949 V BackupManagerConstants: getFullBackupRequireCharging(...) returns true
01-06 17:20:40.750  1262  1280 I PermissionControllerServiceImpl: Updating user sensitive for uid 10108
01-06 17:20:40.872  2949  2958 I chatty  : uid=1000(system) HeapTaskDaemon expire 1 line
01-06 17:20:40.902  1533  1583 I Icing   : Indexing com.google.android.gms-apps from com.google.android.gms
01-06 17:20:40.936  2949  2949 W Looper  : Drained
01-06 17:20:40.956  2949  5242 I AlarmManager: Change Wakeup Alarm type to non Wakeup type, current type=[2] packageName = androidstatsTag = *walarm*:*job.deadline* @26235634 and next wakeup alarm is @Tue Jan 06 22:57:14 GMT+03:00 2026
01-06 17:20:40.959  2949  5242 I AlarmManager: Change Wakeup Alarm type to non Wakeup type, current type=[2] packageName = androidstatsTag = *walarm*:*job.deadline* @24620784 and next wakeup alarm is @Tue Jan 06 22:57:14 GMT+03:00 2026
01-06 17:20:41.063  1533  1583 I Icing   : Indexing done com.google.android.gms-apps
01-06 17:20:41.066  1533  1583 I Icing   : Indexing com.google.android.gms-apps from com.google.android.gms
01-06 17:20:41.071  1533  1583 I Icing   : Indexing done com.google.android.gms-apps
01-06 17:20:41.096  2022  2094 I chatty  : uid=10017(com.android.vending) LightweightExec expire 3 lines
01-06 17:20:41.161  2022  2097 I chatty  : uid=10017(com.android.vending) LightweightExec expire 1 line
01-06 17:20:41.177  3651  4919 D RecommendedChannelsThread: [MtkLog]start, status==false,mLauncherRunning==false
01-06 17:20:41.190  2022  2095 I chatty  : uid=10017(com.android.vending) LightweightExec expire 2 lines
01-06 17:20:41.253  2044  2044 I Choreographer: Skipped 47 frames!  The application may be doing too much work on its main thread.
01-06 17:20:41.308  2022  2112 I chatty  : uid=10017(com.android.vending) bgExecutor #1 expire 3 lines
01-06 17:20:41.344  2314  2314 I hwservicemanager: getTransport: Cannot find entry android.hardware.graphics.mapper@4.0::IMapper/default in either framework or device manifest.
01-06 17:20:41.344  2044  2081 I Gralloc4: mapper 4.x is not supported
01-06 17:20:41.345  2314  2314 I hwservicemanager: getTransport: Cannot find entry android.hardware.graphics.mapper@3.0::IMapper/default in either framework or device manifest.
01-06 17:20:41.347  2044  2081 W Gralloc3: mapper 3.x is not supported
01-06 17:20:41.405  2044  2081 D gralloc : [ion_open:103] mma_open()
01-06 17:20:41.405  2044  2081 D gralloc : [mma_open:49] 
01-06 17:20:41.406  2044  2081 D gralloc : [ion_open:116] mma_open() failed! status=-19 errno=2
01-06 17:20:41.408  2022  2022 I chatty  : uid=10017(com.android.vending) expire 5 lines
01-06 17:20:41.408  2022  2095 I chatty  : uid=10017(com.android.vending) LightweightExec expire 1 line
01-06 17:20:41.410  2022  2122 I chatty  : uid=10017(com.android.vending) CronetInit expire 1 line
01-06 17:20:41.454  2949  7524 D ConnectivityService: requestNetwork for uid/pid:10017/2022 NetworkRequest [ TRACK_DEFAULT id=333, [ Capabilities: INTERNET&NOT_RESTRICTED&TRUSTED Uid: 10017 AdministratorUids: [] RequestorUid: 10017 RequestorPackageName: com.android.vending] ]
01-06 17:20:41.455  2949  3453 D ConnectivityService: NetReassign [333 : null → 101]
01-06 17:20:41.457  2949  3503 I chatty  : uid=1000(system) EthernetService expire 3 lines
01-06 17:20:41.463  2949  3453 D ConnectivityService: NetReassign [no changes]
01-06 17:20:41.500  2949  4601 I chatty  : uid=1000(system) Binder:2949_10 expire 2 lines
01-06 17:20:41.513  4782  4782 W cast_shell: [0106/172041.513494:WARNING:application_manager_impl.cc(611)] Unable to fetch config for app ID YouTube because the app is not supported
01-06 17:20:41.520  2044  2081 I OpenGLRenderer: Davey! duration=983ms; Flags=1, IntendedVsync=24560294614154, Vsync=24561077947456, OldestInputEvent=9223372036854775807, NewestInputEvent=0, HandleInputStart=24561086564882, AnimationStart=24561086568882, PerformTraversalsStart=24561087014632, DrawStart=24561160694215, SyncQueued=24561167206465, SyncStart=24561242205965, IssueDrawCommandsStart=24561242391215, SwapBuffers=24561349775381, FrameCompleted=24561353090631, DequeueBufferDuration=0, QueueBufferDuration=1722500, GpuCompleted=0, 
01-06 17:20:41.597  2022  2094 I chatty  : uid=10017(com.android.vending) LightweightExec expire 1 line
01-06 17:20:41.659  2022  2119 I chatty  : uid=10017(com.android.vending) BlockingExecuto expire 1 line
01-06 17:20:41.709  2022  2077 I chatty  : uid=10017(com.android.vending) Binder:2022_2 expire 3 lines
01-06 17:20:41.756 26704 26736 I FontLog : (REDACTED) Received query %s, URI %s
01-06 17:20:41.760 26704 26736 I FontLog : (REDACTED) Query [%s] resolved to %s
01-06 17:20:41.804 26704 26736 I FontLog : (REDACTED) Fetch %s end status %s
01-06 17:20:41.811 26704 26838 W GetConfigSnapshotOp: Succeeded but not registered: com.google.android.gms.gmscompliance_client#com.android.vending [CONTEXT service_id=51 ]
01-06 17:20:41.818 26704 30227 I FontLog : (REDACTED) Pulling font file for id = %d, cache size = %d
01-06 17:20:41.834  2022  2022 I chatty  : uid=10017(com.android.vending) expire 5 lines
01-06 17:20:41.856 26704 26873 I FontLog : (REDACTED) Pulling font file for id = %d, cache size = %d
01-06 17:20:41.989  2022  2113 I chatty  : uid=10017(com.android.vending) bgExecutor #2 expire 1 line
01-06 17:20:42.015  2022  2118 I chatty  : uid=10017(com.android.vending) bgExecutor #3 expire 11 lines
01-06 17:20:42.097  2022  2022 I chatty  : uid=10017(com.android.vending) expire 3 lines
01-06 17:20:42.143  2022  2095 I chatty  : uid=10017(com.android.vending) LightweightExec expire 1 line
01-06 17:20:42.149  2949  6871 D CompatibilityChangeReporter: Compat change id reported: 135634846; UID 10017; state: DISABLED
01-06 17:20:42.150  2949  3014 D CompatibilityChangeReporter: Compat change id reported: 143937733; UID 10017; state: ENABLED
01-06 17:20:42.154  2022  2155 I chatty  : uid=10017(com.android.vending) Db-scheduler_ma expire 1 line
01-06 17:20:42.181  2476  2476 D Zygote  : Forked child process 2158
01-06 17:20:42.185  3651  4919 D RecommendedChannelsThread: [MtkLog]start, status==false,mLauncherRunning==false
01-06 17:20:42.189  2949  3014 I ActivityManager: Start proc 2158:com.android.vending:background/u0a17 for broadcast {com.android.vending/com.google.android.finsky.packagemonitor.backgroundimpl.BackgroundPackageMonitorReceiverImpl$RegisteredReceiver}
01-06 17:20:42.214  2158  2158 I chatty  : uid=10017 com.android.vending:background expire 2 lines
01-06 17:20:42.223  2022  2109 I chatty  : uid=10017(com.android.vending) bgExecutor #0 expire 1 line
01-06 17:20:42.284  2022  2112 I chatty  : uid=10017(com.android.vending) bgExecutor #1 expire 2 lines
01-06 17:20:42.335  2022  2071 I chatty  : uid=10017(com.android.vending) HeapTaskDaemon expire 1 line
01-06 17:20:42.335  2022  2077 I chatty  : uid=10017(com.android.vending) Binder:2022_2 expire 4 lines
01-06 17:20:42.342  2949  4601 I ActivityTaskManager: START u0 {cmp=com.bingetv.app/.ui.main.EnhancedMainActivity} from uid 10108
01-06 17:20:42.344  3651  3691 D MonitorActivityController: ** Activity starting: Intent { cmp=com.bingetv.app/.ui.main.EnhancedMainActivity } : com.bingetv.app
01-06 17:20:42.345  3651  3691 D MonitorActivityController: ** setOTTSrc currentOttSrc: com.bingetv.app
01-06 17:20:42.377  3651  3691 D MonitorActivityController: ** Activity resuming: com.bingetv.app
01-06 17:20:42.377  3651  3691 D MonitorActivityController: ** setOTTSrc currentOttSrc: com.bingetv.app
01-06 17:20:42.389  2949  7524 W ActivityTaskManager: Tried to set launchTime (0) < mLastActivityLaunchTime (24560173)
01-06 17:20:42.402  2158  2158 I chatty  : uid=10017 com.android.vending:background expire 9 lines
01-06 17:20:42.587  2022  2077 I chatty  : uid=10017(com.android.vending) Binder:2022_2 expire 1 line
01-06 17:20:42.634  2022  2103 I chatty  : uid=10017(com.android.vending) ValueStore-0 expire 1 line
01-06 17:20:42.638  2022  2077 W android.vendin: Found duplicate classes, falling back to extracting from APK : /data/app/~~sjEfjfD9hH8RKysufxl6Rw==/com.google.android.gms-6O8QDmX3_8UP0FzSjE_cxQ==/split_GoogleCertificates_installtime.apk
01-06 17:20:42.638  2022  2077 W android.vendin: NOTE: This wastes RAM and hurts startup performance.
01-06 17:20:42.638  2022  2077 W android.vendin: Found duplicated class when checking oat files: 'Landroid/app/AppComponentFactory;' in /data/app/~~QFYjt0GftCe2VfHY3IZmTg==/com.android.vending-Bwv8VJN6C5EkYtYReOIogw==/base.apk and /data/app/~~sjEfjfD9hH8RKysufxl6Rw==/com.google.android.gms-6O8QDmX3_8UP0FzSjE_cxQ==/split_GoogleCertificates_installtime.apk
01-06 17:20:42.660  2158  2158 I Finsky:background: [2] Finished reading experiment flags from file [9Zvhe9kStSYiuQ9maa1vGlpEl27qAM9oBvaITuuX1v8] numFlags=2174.
01-06 17:20:42.674  2158  2158 I Finsky:background: [2] [BGP] Initializing crash detector...
01-06 17:20:42.693  2158  2158 I Finsky:background: [2] qkc - Registering in memory receiver for android.intent.action.PACKAGE_ADDED and android.intent.action.PACKAGE_REMOVED
01-06 17:20:42.701  2022  2112 I Finsky  : [2218] SCH: Scheduling phonesky job Id: 12-1, CT: 1767709242155, Constraints: [{ L: 15000, D: 86400000, C: CHARGING_NONE, I: IDLE_NONE, N: NET_ANY, B: BATTERY_ANY }]
01-06 17:20:42.718  2158  2158 I Finsky:background: [2] This process start was not selected for Play memory metrics collection.
01-06 17:20:42.724  2022  2118 I Finsky  : [2223] SCH: Scheduling 1 system job(s)
01-06 17:20:42.725  2022  2118 I Finsky  : [2223] SCH: Scheduling system job Id: 9319, L: 14431, D: 69229796, C: false, I: false, N: 1
01-06 17:20:42.725  2158  2158 I Finsky:background: [2] qkc - Received: android.intent.action.PACKAGE_ADDED, [Ub1ljiGOCkVmQK3W00foNXUbdb49LNCGvN0i2FQKaEg]
01-06 17:20:42.758  2022  2105 I Finsky  : [2213] [ContentSync] finished, scheduled=true
01-06 17:20:42.805  2158  2198 I TetheringManager: registerTetheringEventCallback:com.android.vending
01-06 17:20:42.806  2158  2198 W Settings: Setting download_manager_max_bytes_over_mobile has moved from android.provider.Settings.Secure to android.provider.Settings.Global.
01-06 17:20:42.809  2158  2198 I Finsky:background: [2227] SettingNotFoundException, fall through to G.downloadBytesOverMobileMaximum
01-06 17:20:42.810  2158  2198 W Settings: Setting download_manager_recommended_max_bytes_over_mobile has moved from android.provider.Settings.Secure to android.provider.Settings.Global.
01-06 17:20:42.811  2158  2198 I Finsky:background: [2227] SettingNotFoundException, fall through to G.downloadBytesOverMobileRecommended
01-06 17:20:42.813  2158  2198 I Finsky:background: [2227] registerListener
01-06 17:20:42.826  2158  2198 I Finsky:background: [2227] DFS: Listener added for lef@d0da87c
01-06 17:20:42.826  2158  2198 I Finsky:background: [2227] registerListener
01-06 17:20:42.831  2158  2198 I Finsky:background: [2227] registerListener
01-06 17:20:42.836  2158  2198 I Finsky:background: [2227] DFS: Listener added for srq@33de167
01-06 17:20:42.952  2158  2158 I Finsky:background: [2] Memory trim requested to level 5
01-06 17:20:42.955  2158  2198 I Finsky:background: [2227] IV2: IQv2 is disabled. Recovering all active installs: []
01-06 17:20:42.957  2158  2206 I Finsky:background: [2235] RECEIVER_PACKAGE_MONITOR_BACKGROUND#logWorkEndAndFinishGoAsync: SUCCESS
01-06 17:20:42.958  2949  6871 W BroadcastQueue: Background execution not allowed: receiving Intent { act=android.intent.action.PACKAGE_REPLACED dat=package:com.bingetv.app flg=0x4000010 (has extras) } to com.google.android.gms/.chimera.GmsIntentOperationService$PersistentTrustedReceiver
01-06 17:20:42.962  2158  2158 I Finsky:background: [2] Memory trim requested to level 80
01-06 17:20:42.963  2949  3013 W BroadcastQueue: Background execution not allowed: receiving Intent { act=android.intent.action.PACKAGE_REPLACED dat=package:com.bingetv.app flg=0x4000010 (has extras) } to com.google.android.gms/.gass.chimera.PackageChangeBroadcastReceiver
01-06 17:20:42.964  2949  3013 W BroadcastQueue: Background execution not allowed: receiving Intent { act=android.intent.action.DROPBOX_ENTRY_ADDED flg=0x10 (has extras) } to com.google.android.gms/.stats.service.DropBoxEntryAddedReceiver
01-06 17:20:42.972  2022  2094 I Finsky  : [2205] RECEIVER_SINGLE_USER_SETTINGS#logWorkEndAndFinishGoAsync: SUCCESS
01-06 17:20:42.986  2158  2203 I Finsky:background: [2232] Wrote row to frosting DB: 18239
01-06 17:20:43.012  2158  2203 I Finsky:background: [2232] Wrote row to frosting DB: 18240
01-06 17:20:43.022  2044  2044 D EnhancedMainActivity: Starting playlist load
01-06 17:20:43.027  2949  7524 D ConnectivityService: requestNetwork for uid/pid:10017/2158 NetworkRequest [ TRACK_DEFAULT id=335, [ Capabilities: INTERNET&NOT_RESTRICTED&TRUSTED Uid: 10017 AdministratorUids: [] RequestorUid: 10017 RequestorPackageName: com.android.vending] ]
01-06 17:20:43.032  2044  2059 I com.bingetv.ap: Background concurrent copying GC freed 28863(1435KB) AllocSpace objects, 26(1576KB) LOS objects, 24% free, 3652KB/4869KB, paused 114us total 153.052ms
01-06 17:20:43.031  2949  3453 D ConnectivityService: NetReassign [335 : null → 101]
01-06 17:20:43.043  2044  2044 I ExoPlayerImpl: Init 28c71d8 [ExoPlayerLib/2.18.7] [ikebukuro, AI PONT, Changhong, 30]
01-06 17:20:43.044  2158  2199 I Finsky:background: [2228] IQ: start evaluating install requests.
01-06 17:20:43.048  2158  2199 I Finsky:background: [2228] IQ: no jobs active. Skipping
01-06 17:20:43.055  2158  2209 I Finsky:background: [2237] IQ: Pruning inactive install requests
01-06 17:20:43.056  2158  2212 D HttpFlagsLoader: Not loading HTTP flags because they are disabled in the manifest
01-06 17:20:43.066  2949  5242 D ConnectivityService: requestNetwork for uid/pid:10017/2158 NetworkRequest [ TRACK_DEFAULT id=336, [ Capabilities: INTERNET&NOT_RESTRICTED&TRUSTED Uid: 10017 AdministratorUids: [] RequestorUid: 10017 RequestorPackageName: com.android.vending] ]
01-06 17:20:43.067  2949  3453 D ConnectivityService: NetReassign [336 : null → 101]
01-06 17:20:43.072  2949  3453 D ConnectivityService: NetReassign [no changes]
01-06 17:20:43.073  2158  2209 I Finsky:background: [2237] Resetting scheduler db
01-06 17:20:43.084  2158  2199 I Finsky:background: [2228] IQ: 0 scheduled install statuses found to proceed. 
01-06 17:20:43.088  2158  2195 I Finsky:background: [2224] SCH: Scheduling phonesky job Id: 3-21920, CT: 1767709093098, Constraints: [{ L: 0, D: 86400000, C: CHARGING_NONE, I: IDLE_REQUIRED, N: NET_UNMETERED, B: BATTERY_ANY }]
01-06 17:20:43.088  2158  2197 I cn_CronetLibraryLoader: Cronet version: 144.0.7509.3, arch: armv7l
01-06 17:20:43.089  2158  2195 I Finsky:background: [2224] SCH: Scheduling phonesky job Id: 47-15, CT: 1767682076762, Constraints: [{ L: 3600000, D: 53195896, C: CHARGING_NONE, I: IDLE_REQUIRED, N: NET_NONE, B: BATTERY_ANY }]
01-06 17:20:43.117  2158  2195 I Finsky:background: [2224] SCH: Scheduling 0 system job(s)
01-06 17:20:43.135  2158  2213 I Finsky:background: [2241] SCH: Canceling job 3-21920
01-06 17:20:43.136  2158  2197 I Finsky:background: [2226] Finished reading experiment flags from file [Se-xCc4LzNyh3UrKMIU2sUf-PUKz4oQEbpKZDMuaFno] numFlags=2171.
01-06 17:20:43.136  2158  2213 I Finsky:background: [2241] WM::SCH: Logging work end for 3-21920
01-06 17:20:43.139  2158  2193 I Finsky:background: [2222] SCH: no pending jobs to schedule.
01-06 17:20:43.142  2158  2197 I Finsky:background: [2226] Subscription detail: N/A
01-06 17:20:43.160  2158  2209 I Finsky:background: [2237] IQ: Creating job 21921, for (REQ_DEVICE_IDLE, NETWORK=UNMETERED, PROVISIONING_STATE=PROVISIONED, BACKUP_MANAGER_STATE=BACKUP_READY, AUTHENTICATION_REQUIRED)
01-06 17:20:43.161  2158  2209 I Finsky:background: [2237] IQ: Bulk scheduling created jobs
01-06 17:20:43.162  2158  2209 I Finsky:background: [2237] SCH: Received scheduling request: Id: 3-21921, Constraints: [{ L: 0, D: 86400000, C: CHARGING_NONE, I: IDLE_REQUIRED, N: NET_UNMETERED, B: BATTERY_ANY }]
01-06 17:20:43.184  2949  7524 I chatty  : uid=1000(system) Binder:2949_20 expire 3 lines
01-06 17:20:43.188  3651  4919 D RecommendedChannelsThread: [MtkLog]start, status==false,mLauncherRunning==false
01-06 17:20:43.193  2158  2209 D WM-PackageManagerHelper: Skipping component enablement for androidx.work.impl.background.systemjob.SystemJobService
01-06 17:20:43.193  2158  2209 D WM-Schedulers: Created SystemJobScheduler and enabled SystemJobService
01-06 17:20:43.194  2158  2199 D WM-ForceStopRunnable: Is default app process = true
01-06 17:20:43.198  2158  2199 D WM-ForceStopRunnable: Performing cleanup operations.
01-06 17:20:43.215  2158  2195 I Finsky:background: [2224] SSM: Start staged session task with 0 tracked staged sessions
01-06 17:20:43.253  2044  2044 D EnhancedMainActivity: Loading playlist: Xtream Codes (Type: xtream)
01-06 17:20:43.311  2044  2044 E com.bingetv.ap: No package ID ff found for ID 0xffffffff.
01-06 17:20:43.311  2044  2044 D FocusDebug: Focus changed: null -> no-id
01-06 17:20:43.467  2044  2059 I com.bingetv.ap: Background young concurrent copying GC freed 4474(501KB) AllocSpace objects, 2(136KB) LOS objects, 20% free, 3878KB/4869KB, paused 200us total 100.212ms
01-06 17:20:43.469  2158  2195 D WM-PackageManagerHelper: Skipping component enablement for androidx.work.impl.background.systemalarm.RescheduleReceiver
01-06 17:20:43.517  2949  3012 I chatty  : uid=1000(system) android.bg expire 1 line
01-06 17:20:43.789  2158  2188 I Finsky:background: [2217] WM::SCH: Logging work initialize for 3-21921
01-06 17:20:43.837  2158  2199 I Finsky:background: [2228] SCH: Scheduling phonesky job Id: 3-21921, CT: 1767709243162, Constraints: [{ L: 0, D: 86400000, C: CHARGING_NONE, I: IDLE_REQUIRED, N: NET_UNMETERED, B: BATTERY_ANY }]
01-06 17:20:43.876  2158  2195 I Finsky:background: [2224] SCH: Scheduling 0 system job(s)
01-06 17:20:44.047  2044  2044 D EnhancedMainActivity: Playlist 2 data already loaded (213245 channels). Skipping fetch.
01-06 17:20:44.052  2022  2022 I Finsky  : [2] Memory trim requested to level 80
01-06 17:20:44.052  2022  2022 I Finsky  : [2] Flushing in-memory image cache
01-06 17:20:44.192  3651  4919 D RecommendedChannelsThread: [MtkLog]start, status==false,mLauncherRunning==false
01-06 17:20:44.494  2949  3418 I chatty  : uid=1000(system) WifiHandlerThre expire 18 lines
01-06 17:20:44.505  2949  6871 I chatty  : uid=1000(system) Binder:2949_1F expire 7 lines
01-06 17:20:44.857  2949  4064 E TaskPersister: File error accessing recents directory (directory doesn't exist?).
01-06 17:20:45.195  3651  4919 D RecommendedChannelsThread: [MtkLog]start, status==false,mLauncherRunning==false
01-06 17:20:46.197  3651  4919 D RecommendedChannelsThread: [MtkLog]start, status==false,mLauncherRunning==false
01-06 17:20:46.444  2044  2246 D ProfileInstaller: Installing profile for com.bingetv.app
01-06 17:20:47.199  3651  4919 D RecommendedChannelsThread: [MtkLog]start, status==false,mLauncherRunning==false
01-06 17:20:48.200  3651  4919 D RecommendedChannelsThread: [MtkLog]start, status==false,mLauncherRunning==false
01-06 17:20:48.270 26704 26838 W GetConfigSnapshotOp: Succeeded but not registered: com.google.android.libraries.performance.primes#com.android.vending [CONTEXT service_id=51 ]
01-06 17:20:48.298  2022  2101 I Finsky  : [2210] playLoggingServerUrl: https://play.googleapis.com/play/log
01-06 17:20:48.298  2022  2101 I Finsky  : [2210] playLoggingServerTimestampUrl: https://play.googleapis.com/play/log/timestamp
01-06 17:20:49.203  3651  4919 D RecommendedChannelsThread: [MtkLog]start, status==false,mLauncherRunning==false
01-06 17:20:49.757  2158  2252 I Finsky:background: [2255] playLoggingServerUrl: https://play.googleapis.com/play/log
01-06 17:20:49.757  2158  2252 I Finsky:background: [2255] playLoggingServerTimestampUrl: https://play.googleapis.com/play/log/timestamp
01-06 17:20:49.802 26704 26838 W GetConfigSnapshotOp: Succeeded but not registered: com.google.android.libraries.performance.primes#com.android.vending [CONTEXT service_id=51 ]
01-06 17:20:50.204  3651  4919 D RecommendedChannelsThread: [MtkLog]start, status==false,mLauncherRunning==false
01-06 17:20:50.339  2044  2044 W Glide   : Failed to find GeneratedAppGlideModule. You should include an annotationProcessor compile dependency on com.github.bumptech.glide:compiler in your application and a @GlideModule annotated AppGlideModule implementation or LibraryGlideModules will be silently ignored
01-06 17:20:50.372  2949  3750 D ConnectivityService: requestNetwork for uid/pid:10108/2044 NetworkRequest [ TRACK_DEFAULT id=338, [ Capabilities: INTERNET&NOT_RESTRICTED&TRUSTED Uid: 10108 AdministratorUids: [] RequestorUid: 10108 RequestorPackageName: com.bingetv.app] ]
01-06 17:20:50.373  2949  3453 D ConnectivityService: NetReassign [338 : null → 101]
01-06 17:20:50.374  2949  3418 I chatty  : uid=1000(system) WifiHandlerThre expire 18 lines
01-06 17:20:50.380  2949  3503 I chatty  : uid=1000(system) EthernetService expire 1 line
01-06 17:20:50.540  2949  3750 I chatty  : uid=1000(system) Binder:2949_6 expire 3 lines
01-06 17:20:50.648  2044  2059 I com.bingetv.ap: Background concurrent copying GC freed 13954(961KB) AllocSpace objects, 2(52KB) LOS objects, 24% free, 5503KB/7337KB, paused 1.187ms total 125.618ms
01-06 17:20:51.206  3651  4919 D RecommendedChannelsThread: [MtkLog]start, status==false,mLauncherRunning==false
01-06 17:20:51.231  2044  2059 I com.bingetv.ap: Background concurrent copying GC freed 9865(596KB) AllocSpace objects, 0(0B) LOS objects, 24% free, 6929KB/9239KB, paused 163us total 135.749ms
01-06 17:20:51.293  2022  2098 I Finsky  : [2208] Initializing pausers from value store.
01-06 17:20:51.302  4782  1316 I cast_shell: [0106/172051.298543:INFO:ssdp_device.c(101)] SSDP packets sent for 30 seconds = 9
01-06 17:20:51.307  2022  2098 I Finsky  : [2208] IQ::HLD: Callers (Pausers) in PauseUpdatesCallersValueStore: []
01-06 17:20:51.319  2044  2081 I OpenGLRenderer: Davey! duration=1073ms; Flags=0, IntendedVsync=24570077380380, Vsync=24570094047046, OldestInputEvent=9223372036854775807, NewestInputEvent=0, HandleInputStart=24570102960347, AnimationStart=24570102964514, PerformTraversalsStart=24570102968181, DrawStart=24571136499427, SyncQueued=24571146482427, SyncStart=24571147534927, IssueDrawCommandsStart=24571148132593, SwapBuffers=24571151185510, FrameCompleted=24571152336093, DequeueBufferDuration=649500, QueueBufferDuration=639833, GpuCompleted=0, 
01-06 17:20:51.414  2022  2097 I Finsky  : [2207] registerListener
01-06 17:20:51.421  2022  2097 I Finsky  : [2207] DFS: Listener added for lef@2528fe6
01-06 17:20:51.421  2022  2097 I Finsky  : [2207] registerListener
01-06 17:20:51.530  2022  2098 I Finsky  : [2208] Triggered update for experiment package com.google.android.finsky.stable.
01-06 17:20:51.561  2022  2109 I Finsky  : [2217] Cannot disable service: xhl
01-06 17:20:51.567  2022  2109 I Finsky  : [2217] Cannot disable service: xhh
01-06 17:20:51.591  4782  4782 W cast_shell: [0106/172051.591868:WARNING:application_manager_impl.cc(611)] Unable to fetch config for app ID YouTube because the app is not supported
01-06 17:20:51.595  2022  2268 I Finsky  : [2265] SM: There are no stale sessions to be pruned
01-06 17:20:51.624  2022  2022 I Finsky  : [2] Connecting InstallListener to SplitInstallService broadcaster...
01-06 17:20:51.804  2022  2098 I Finsky  : [2208] Already at the latest configurations for experiment package com.google.android.finsky.stable.
01-06 17:20:51.804  2022  2098 I Finsky  : [2208] Triggered update for experiment package com.google.android.finsky.regular.
01-06 17:20:51.850  2022  2098 I Finsky  : [2208] Already at the latest configurations for experiment package com.google.android.finsky.regular.
01-06 17:20:51.850  2022  2098 I Finsky  : [2208] Triggered update for experiment package com.google.android.finsky.regular.
01-06 17:20:51.896  2022  2098 I Finsky  : [2208] Already at the latest configurations for experiment package com.google.android.finsky.regular.
01-06 17:20:52.207  3651  4919 D RecommendedChannelsThread: [MtkLog]start, status==false,mLauncherRunning==false
01-06 17:20:53.209  3651  4919 D RecommendedChannelsThread: [MtkLog]start, status==false,mLauncherRunning==false
01-06 17:20:53.531  2949  3418 I chatty  : uid=1000(system) WifiHandlerThre expire 10 lines
01-06 17:20:53.535  2949  5242 I chatty  : uid=1000(system) Binder:2949_1A expire 3 lines
01-06 17:20:54.210  3651  4919 D RecommendedChannelsThread: [MtkLog]start, status==false,mLauncherRunning==false
01-06 17:20:55.017  2158  2158 I Finsky:background: [2] Memory trim requested to level 80
01-06 17:20:55.212  3651  4919 D RecommendedChannelsThread: [MtkLog]start, status==false,mLauncherRunning==false
01-06 17:20:56.213  3651  4919 D RecommendedChannelsThread: [MtkLog]start, status==false,mLauncherRunning==false
01-06 17:20:56.553  2949  3418 I chatty  : uid=1000(system) WifiHandlerThre expire 15 lines
01-06 17:20:56.556  2949  4601 I chatty  : uid=1000(system) Binder:2949_10 expire 3 lines
01-06 17:20:57.214  3651  4919 D RecommendedChannelsThread: [MtkLog]start, status==false,mLauncherRunning==false
01-06 17:20:59.167  2949  2949 W Looper  : Slow dispatch took 2005ms main h=android.os.Handler c=android.app.AlarmManager$ListenerWrapper@66d7e7c m=0
01-06 17:20:59.168  2949  2949 W Looper  : Slow delivery took 2004ms main h=com.android.server.AlarmManagerService$AlarmHandler c=null m=4
01-06 17:20:59.187  2949  2949 W Looper  : Drained
01-06 17:20:58.216  3651  4919 D RecommendedChannelsThread: [MtkLog]start, status==false,mLauncherRunning==false
01-06 17:20:59.191  2022  2022 I Finsky  : [2] SCH: job service start with id 9319.
01-06 17:20:59.205  2022  2155 I Finsky  : [2247] SCH: Satisfied jobs for 9319 are: 12-1
01-06 17:20:59.209  2022  2272 I Finsky  : [2267] SCH: Job 12-1 starting
01-06 17:20:59.210  2022  2022 I Finsky  : [2] WM::SCH: Logging work start for 12-1
01-06 17:20:59.211  2022  2022 I Finsky  : [2] [ContentSync] job started
01-06 17:20:59.214  2022  2273 I Finsky  : [2268] PSR: Package cache is empty, setup cache.
01-06 17:20:59.218  3651  4919 D RecommendedChannelsThread: [MtkLog]start, status==false,mLauncherRunning==false
01-06 17:20:59.280  2834  2834 D MTK_KL  : 31,942727,24579209436,-;logd: logdr: UID=2000 GID=2000 PID=2274 n tail=0 logMask=99 pid=0 start=0ns timeout=0ns
01-06 17:20:59.323  2022  2273 W Finsky  : [2268] SLM: no metadata property com.android.vending.derived.apk.id found for shared library com.google.android.trichromelibrary_704911130:
01-06 17:20:59.323  2022  2273 W Finsky  : [2268] SLM: no metadata property com.android.vending.sdk.version.patch found for shared library com.google.android.trichromelibrary_704911130:
01-06 17:20:59.324  2022  2273 W Finsky  : [2268] SLM: no metadata property com.android.vending.derived.apk.id found for shared library com.google.android.trichromelibrary_744410230:
01-06 17:20:59.324  2022  2273 W Finsky  : [2268] SLM: no metadata property com.android.vending.sdk.version.patch found for shared library com.google.android.trichromelibrary_744410230:
01-06 17:20:59.325  2022  2273 W Finsky  : [2268] SLM: no metadata property com.android.vending.derived.apk.id found for shared library com.google.android.trichromelibrary_744417130:
01-06 17:20:59.325  2022  2273 W Finsky  : [2268] SLM: no metadata property com.android.vending.sdk.version.patch found for shared library com.google.android.trichromelibrary_744417130:
01-06 17:20:59.326  2022  2273 W Finsky  : [2268] SLM: no metadata property com.android.vending.derived.apk.id found for shared library com.google.android.trichromelibrary_744417430:
01-06 17:20:59.326  2022  2273 W Finsky  : [2268] SLM: no metadata property com.android.vending.sdk.version.patch found for shared library com.google.android.trichromelibrary_744417430:
01-06 17:20:59.569  2949  3701 I chatty  : uid=1000(system) Binder:2949_5 expire 3 lines
01-06 17:20:59.872  2949  2958 I chatty  : uid=1000(system) HeapTaskDaemon expire 1 line
01-06 17:21:00.004  3651  3651 E AgentTimeActionReceiver: {DT} CAUTION: time sync feature is not enabled
01-06 17:21:00.004  3651  3651 E AgentTimeActionReceiver: {DT} CAUTION: time sync feature is not enabled
01-06 17:21:00.004  3651  3651 E TimeMsgProcess: {DT} msgTpye:14
01-06 17:21:00.014  3651  3651 E TimeMsgProcess: {DT} TimeMsgProcess.isSystemTimeAutomatic(context)=trueTimeMsgProcess.isNetworkConnected(context)=true
01-06 17:21:00.015  3651  3651 E TimeMsgProcess: {DT} msgTpye:14
01-06 17:21:00.020  3651  3651 E TimeMsgProcess: {DT} TimeMsgProcess.isSystemTimeAutomatic(context)=trueTimeMsgProcess.isNetworkConnected(context)=true
01-06 17:21:00.220  3651  4919 D RecommendedChannelsThread: [MtkLog]start, status==false,mLauncherRunning==false
01-06 17:21:00.512  2949  3414 I chatty  : uid=1000(system) NetworkPolicy expire 1 line
01-06 17:21:00.940  2022  2022 I Finsky  : [2] App states replicator found 3 unowned apps
01-06 17:21:00.960  2022  2113 I Finsky  : [2219] Completed 0 account content syncs with 0 successful.
01-06 17:21:00.960  2022  2022 I Finsky  : [2] [ContentSync] Installation state replication succeeded.
01-06 17:21:00.960  2022  2022 I Finsky  : [2] SCH: jobFinished: 12-1. TimeElapsed: 1751ms.
01-06 17:21:00.961  2022  2022 I Finsky  : [2] WM::SCH: Logging work end for 12-1
01-06 17:21:01.003  2022  2113 I Finsky  : [2219] SCH: Scheduling phonesky job Id: 1-1337, CT: 1767696538502, Constraints: [{ L: 38734018, D: 81934018, C: CHARGING_NONE, I: IDLE_NONE, N: NET_ANY, B: BATTERY_ANY }]
01-06 17:21:01.010  2022  2112 I Finsky  : [2218] SCH: Scheduling 1 system job(s)
01-06 17:21:01.012  2022  2112 I Finsky  : [2218] SCH: Scheduling system job Id: 9327, L: 26011509, D: 69211509, C: false, I: false, N: 1
01-06 17:21:01.021  2022  2272 I Finsky  : [2267] SCH: job service finished with id 9319.
01-06 17:21:01.221  3651  4919 D RecommendedChannelsThread: [MtkLog]start, status==false,mLauncherRunning==false
01-06 17:21:01.438  2022  2022 I Finsky  : [2] setup::RES: shouldRecoverRestoredPackages: versionCodeSystem 84581908
01-06 17:21:01.440  2022  2022 I Finsky  : [2] Detected restoreservicev2://recovery not needed, will not run
01-06 17:21:01.521  4782  4782 W cast_shell: [0106/172101.520915:WARNING:application_manager_impl.cc(611)] Unable to fetch config for app ID YouTube because the app is not supported
01-06 17:21:01.664  2022  2150 I Finsky  : [2242] registerListener
01-06 17:21:01.664  2022  2150 I Finsky  : [2242] DSC: reviveDownloads()
01-06 17:21:01.670  2022  2150 I Finsky  : [2242] Initialized AssetModuleDownloader.
01-06 17:21:01.678  2158  2196 I Finsky:background: [2225] DS: reviveDownloads()
01-06 17:21:01.728  2949  3701 D ConnectivityService: requestNetwork for uid/pid:10017/2158 NetworkRequest [ TRACK_DEFAULT id=339, [ Capabilities: INTERNET&NOT_RESTRICTED&TRUSTED Uid: 10017 AdministratorUids: [] RequestorUid: 10017 RequestorPackageName: com.android.vending] ]
01-06 17:21:01.729  2949  3453 D ConnectivityService: NetReassign [339 : null → 101]
01-06 17:21:01.732  2949  3503 I chatty  : uid=1000(system) EthernetService expire 1 line
01-06 17:21:01.735  2158  2289 I Finsky:background: [2263] DS::IDC: updateWith: <393:SUCCEEDED>
01-06 17:21:01.736  2158  2289 I Finsky:background: [2263] DS::IDC: All invisible downloads are finished.
01-06 17:21:01.736  2158  2210 I Finsky:background: [2238] DS: Network is available [NetworkState{connected=true, wifi=true, metered=false, roaming=false}].
01-06 17:21:01.736  2158  2210 I Finsky:background: [2238] DS: Updating downloads for network change
01-06 17:21:01.737  2158  2289 I Finsky:background: [2263] DS::ISM: Stopping invisible download job
01-06 17:21:02.138  4782  4782 I cast_shell: [0106/172102.138122:INFO:service_base.h(78)] Size of the map for type AuthTokenResponse is 0
01-06 17:21:02.223  3651  4919 D RecommendedChannelsThread: [MtkLog]start, status==false,mLauncherRunning==false
01-06 17:21:02.583  2949  3418 I chatty  : uid=1000(system) WifiHandlerThre expire 26 lines
01-06 17:21:02.587  2949  3701 I chatty  : uid=1000(system) Binder:2949_5 expire 9 lines
01-06 17:21:02.810  4782  4782 I cast_shell: [0106/172102.810868:INFO:service_base.h(246)] Container sizes for type CloudSetting are (session_info_map: 0), (topic_info_map: 21), (pending_events: 0).
01-06 17:21:02.811  4782  4782 I cast_shell: [0106/172102.811323:INFO:metrics_stat_logger.cc(38)] Metrics stat for the past 60 secs : total=8
01-06 17:21:02.811  4782  4782 I cast_shell: [metrics_stat_logger] Cast.Discovery.Mdns.Request.AppId.In=4
01-06 17:21:02.811  4782  4782 I cast_shell: [metrics_stat_logger] Cast.Discovery.Mdns.Request.In=4
01-06 17:21:02.811  4782  4782 I cast_shell: [metrics_stat_logger] Cast.Discovery.Mdns.Response.AppId.Out=4
01-06 17:21:02.811  4782  4782 I cast_shell: [metrics_stat_logger] Cast.Discovery.Mdns.Response.Out=4
01-06 17:21:02.811  4782  4782 I cast_shell: [metrics_stat_logger] Dial.SsdpDeviceDesc.Unknown=6
01-06 17:21:02.811  4782  4782 I cast_shell: [metrics_stat_logger] Dial.SsdpDeviceDesc.Unknown.200=6
01-06 17:21:02.811  4782  4782 I cast_shell: [metrics_stat_logger] Dial.YouTube.GetInfo.Unknown=6
01-06 17:21:02.811  4782  4782 I cast_shell: [metrics_stat_logger] Dial.YouTube.GetInfo.Unknown.404=6
01-06 17:21:03.224  3651  4919 D RecommendedChannelsThread: [MtkLog]start, status==false,mLauncherRunning==false
01-06 17:21:03.330  2158  2158 I Finsky:background: [2] Memory trim requested to level 60
01-06 17:21:03.330  2022  2022 I Finsky  : [2] Memory trim requested to level 80
01-06 17:21:03.331  2022  2022 I Finsky  : [2] Flushing in-memory image cache
01-06 17:21:03.365 26704 26704 W ThreadPoolForeg: type=1400 audit(0.0:2188): avc: denied { write } for name="traced_producer" dev="tmpfs" ino=12647 scontext=u:r:gmscore_app:s0:c512,c768 tcontext=u:object_r:traced_producer_socket:s0 tclass=sock_file permissive=0 app=com.google.android.gms
01-06 17:21:03.375  2834  2834 D MTK_KL  : 36,942728,24583303374,-;type=1400 audit(1767709263.365:2188): avc: denied { write } for comm="ThreadPoolForeg" name="traced_producer" dev="tmpfs" ino=12647 scontext=u:r:gmscore_app:s0:c512,c768 tcontext=u:object_r:traced_producer_socket:s0 tclass=sock_file permissive=0 app=com.google.android.gms
01-06 17:21:04.226  3651  4919 D RecommendedChannelsThread: [MtkLog]start, status==false,mLauncherRunning==false
01-06 17:21:05.228  3651  4919 D RecommendedChannelsThread: [MtkLog]start, status==false,mLauncherRunning==false
01-06 17:21:06.229  3651  4919 D RecommendedChannelsThread: [MtkLog]start, status==false,mLauncherRunning==false
01-06 17:21:07.231  3651  4919 D RecommendedChannelsThread: [MtkLog]start, status==false,mLauncherRunning==false
01-06 17:21:07.257  4782  4980 I cast_shell: [0106/172107.257201:INFO:mdns_app_filter.cc(3358)] MdnsAppFilter: responses sent in 31 seconds: 4
01-06 17:21:08.232  3651  4919 D RecommendedChannelsThread: [MtkLog]start, status==false,mLauncherRunning==false
01-06 17:21:09.234  3651  4919 D RecommendedChannelsThread: [MtkLog]start, status==false,mLauncherRunning==false
01-06 17:21:10.235  3651  4919 I chatty  : uid=1000(system) Thread-68 identical 1 line
01-06 17:21:11.237  3651  4919 D RecommendedChannelsThread: [MtkLog]start, status==false,mLauncherRunning==false
01-06 17:21:11.516  4782  4782 W cast_shell: [0106/172111.516725:WARNING:application_manager_impl.cc(611)] Unable to fetch config for app ID YouTube because the app is not supported
01-06 17:21:11.625  2949  3418 I chatty  : uid=1000(system) WifiHandlerThre expire 3 lines
01-06 17:21:11.626  2949  3418 D WifiThroughputPredictor:  utilization (BssLoad) -1 utilization (LLStats) 80 isBluetoothConnected: false final utilization: 80
01-06 17:21:11.626  2949  3418 D WifiScoreCard: BSSID update SIGNAL_POLL ID: 1756974182 SSID: RIFT _CALL , BSSID: 08:5c:1b:34:13:d4, MAC: 54:f1:5f:6e:09:12, Supplicant state: COMPLETED, Wi-Fi standard: 0, RSSI: -44, Link speed: 144Mbps, Tx Link speed: 144Mbps, Max Supported Tx Link speed: -1Mbps, Rx Link speed: -1Mbps, Max Supported Rx Link speed: -1Mbps, Frequency: 2462MHz, Net ID: 11, Metered hint: false, score: 60
01-06 17:21:11.626  2949  3418 D WifiScoreCard: txRate: 15 txSpeed: 144
01-06 17:21:11.626  2949  3418 D WifiScoreCard: network update SIGNAL_POLL "RIFT _CALL " ID: 1060812281 RSSI -44 txSpeed 144
01-06 17:21:11.626  2949  3418 D WifiScoreCard: SSID: "RIFT _CALL "
01-06 17:21:11.626  2949  3418 D WifiScoreCard:  LastRssiPollTime: 24591459 LastRssiPoll: -44 LastTxSpeedPoll: 144
01-06 17:21:11.626  2949  3418 D WifiScoreCard:  StatsRecent:  ConnectAttempt: 12 ConnectFailure: 0 ConnectDurSec: 11787 AssocRej: 0 AssocTimeout: 0 AuthFailure: 0 ShortDiscNonlocal: 0 DisconnectNonlocal: 1 Disconnect: 2 ConsecutiveConnectFailure: 0
01-06 17:21:11.626  2949  3418 D WifiScoreCard:  StatsCurr:  ConnectAttempt: 202 ConnectFailure: 0 ConnectDurSec: 243898 AssocRej: 0 AssocTimeout: 0 AuthFailure: 0 ShortDiscNonlocal: 0 DisconnectNonlocal: 0 Disconnect: 11 ConsecutiveConnectFailure: 0
01-06 17:21:11.626  2949  3418 D WifiScoreCard:  StatsPrev:  ConnectAttempt: 0 ConnectFailure: 0 ConnectDurSec: 0 AssocRej: 0 AssocTimeout: 0 AuthFailure: 0 ShortDiscNonlocal: 0 DisconnectNonlocal: 0 Disconnect: 0 ConsecutiveConnectFailure: 0
01-06 17:21:11.628  2949  3418 D WifiClientModeImpl:  L2ConnectedState screen=on 4 0 "RIFT _CALL " 08:5c:1b:34:13:d4 rssi=-44 f=2462 sc=60 link=144 tx=14.9, 0.0, 0.0  rx=14.6 bcn=0 [on:0 tx:0 rx:0 period:3011] from screen [on:0 period:24533331] score=60
01-06 17:21:11.629  2949  3701 I WifiService: getConnectionInfo uid=10033
01-06 17:21:11.630  2949  3701 V WifiService: getConnectionInfo: hideBssidSsidAndNetworkId=true, hideDefaultMacAddress=true
01-06 17:21:11.631  2949  3701 E WifiService: Permission violation - getConfiguredNetworks not allowed for uid=10033, packageName=com.google.android.tvrecommendations, reason=java.lang.SecurityException: UID 10033 has no location permission
01-06 17:21:12.238  3651  4919 D RecommendedChannelsThread: [MtkLog]start, status==false,mLauncherRunning==false
01-06 17:21:12.955  2949  2949 W Looper  : Slow dispatch took 2004ms main h=android.os.Handler c=android.app.AlarmManager$ListenerWrapper@66d7e7c m=0
01-06 17:21:12.956  2949  2949 W Looper  : Slow delivery took 2003ms main h=com.android.server.AlarmManagerService$AlarmHandler c=null m=4
01-06 17:21:12.969  2949  2949 W Looper  : Drained
01-06 17:21:13.001  2949  3701 I AlarmManager: Change Wakeup Alarm type to non Wakeup type, current type=[2] packageName = androidstatsTag = *walarm*:*job.deadline* @26235634 and next wakeup alarm is @Tue Jan 06 22:57:14 GMT+03:00 2026
01-06 17:21:13.003  2949  3701 I AlarmManager: Change Wakeup Alarm type to non Wakeup type, current type=[2] packageName = androidstatsTag = *walarm*:*job.deadline* @24652828 and next wakeup alarm is @Tue Jan 06 22:57:14 GMT+03:00 2026
01-06 17:21:13.240  3651  4919 I chatty  : uid=1000(system) Thread-68 identical 1 line
01-06 17:21:14.241  3651  4919 D RecommendedChannelsThread: [MtkLog]start, status==false,mLauncherRunning==false
01-06 17:21:14.644  2949  3418 D WifiClientModeImpl: fetchRssiLinkSpeedAndFrequencyNative rssi=-40 TxLinkspeed=144 freq=2462 RxLinkSpeed=0
01-06 17:21:14.644  2949  3418 V WifiConfigManager: Updating scan detail cache freq=2462 BSSID=08:5c:1b:34:13:d4 RSSI=-40 for "RIFT _CALL "WPA_PSK
01-06 17:21:14.645  2949  3418 D WifiThroughputPredictor:  utilization (BssLoad) -1 utilization (LLStats) 80 isBluetoothConnected: false final utilization: 80
01-06 17:21:14.645  2949  3418 D WifiThroughputPredictor:  utilization (BssLoad) -1 utilization (LLStats) 80 isBluetoothConnected: false final utilization: 80
01-06 17:21:14.646  2949  3418 D WifiScoreCard: BSSID update SIGNAL_POLL ID: 1756974182 SSID: RIFT _CALL , BSSID: 08:5c:1b:34:13:d4, MAC: 54:f1:5f:6e:09:12, Supplicant state: COMPLETED, Wi-Fi standard: 0, RSSI: -40, Link speed: 144Mbps, Tx Link speed: 144Mbps, Max Supported Tx Link speed: -1Mbps, Rx Link speed: -1Mbps, Max Supported Rx Link speed: -1Mbps, Frequency: 2462MHz, Net ID: 11, Metered hint: false, score: 60
01-06 17:21:14.646  2949  3418 D WifiScoreCard: txRate: 11 txSpeed: 144
01-06 17:21:14.646  2949  3418 D WifiScoreCard: network update SIGNAL_POLL "RIFT _CALL " ID: 1060812281 RSSI -40 txSpeed 144
01-06 17:21:14.646  2949  3418 D WifiScoreCard: SSID: "RIFT _CALL "
01-06 17:21:14.646  2949  3418 D WifiScoreCard:  LastRssiPollTime: 24594479 LastRssiPoll: -40 LastTxSpeedPoll: 144
01-06 17:21:14.646  2949  3418 D WifiScoreCard:  StatsRecent:  ConnectAttempt: 12 ConnectFailure: 0 ConnectDurSec: 11787 AssocRej: 0 AssocTimeout: 0 AuthFailure: 0 ShortDiscNonlocal: 0 DisconnectNonlocal: 1 Disconnect: 2 ConsecutiveConnectFailure: 0
01-06 17:21:14.646  2949  3418 D WifiScoreCard:  StatsCurr:  ConnectAttempt: 202 ConnectFailure: 0 ConnectDurSec: 243898 AssocRej: 0 AssocTimeout: 0 AuthFailure: 0 ShortDiscNonlocal: 0 DisconnectNonlocal: 0 Disconnect: 11 ConsecutiveConnectFailure: 0
01-06 17:21:14.646  2949  3418 D WifiScoreCard:  StatsPrev:  ConnectAttempt: 0 ConnectFailure: 0 ConnectDurSec: 0 AssocRej: 0 AssocTimeout: 0 AuthFailure: 0 ShortDiscNonlocal: 0 DisconnectNonlocal: 0 Disconnect: 0 ConsecutiveConnectFailure: 0
01-06 17:21:14.647  2949  3418 D WifiClientModeImpl:  L2ConnectedState screen=on 4 0 "RIFT _CALL " 08:5c:1b:34:13:d4 rssi=-40 f=2462 sc=60 link=144 tx=10.1, 0.0, 0.0  rx=9.2 bcn=0 [on:0 tx:0 rx:0 period:3019] from screen [on:0 period:24536350] score=60
01-06 17:21:14.649  2949  3701 I WifiService: getConnectionInfo uid=10033
01-06 17:21:14.650  2949  3701 V WifiService: getConnectionInfo: hideBssidSsidAndNetworkId=true, hideDefaultMacAddress=true
01-06 17:21:14.652  2949  3701 E WifiService: Permission violation - getConfiguredNetworks not allowed for uid=10033, packageName=com.google.android.tvrecommendations, reason=java.lang.SecurityException: UID 10033 has no location permission
01-06 17:21:15.243  3651  4919 D RecommendedChannelsThread: [MtkLog]start, status==false,mLauncherRunning==false
01-06 17:21:16.244  3651  4919 I chatty  : uid=1000(system) Thread-68 identical 1 line
01-06 17:21:17.246  3651  4919 D RecommendedChannelsThread: [MtkLog]start, status==false,mLauncherRunning==false
01-06 17:21:17.653  2949  3418 D WifiClientModeImpl: fetchRssiLinkSpeedAndFrequencyNative rssi=-39 TxLinkspeed=144 freq=2462 RxLinkSpeed=0
01-06 17:21:17.653  2949  3418 V WifiConfigManager: Updating scan detail cache freq=2462 BSSID=08:5c:1b:34:13:d4 RSSI=-39 for "RIFT _CALL "WPA_PSK
01-06 17:21:17.654  2949  3418 D WifiThroughputPredictor:  utilization (BssLoad) -1 utilization (LLStats) 80 isBluetoothConnected: false final utilization: 80
01-06 17:21:17.654  2949  3418 D WifiThroughputPredictor:  utilization (BssLoad) -1 utilization (LLStats) 80 isBluetoothConnected: false final utilization: 80
01-06 17:21:17.655  2949  3418 D WifiScoreCard: BSSID update SIGNAL_POLL ID: 1756974182 SSID: RIFT _CALL , BSSID: 08:5c:1b:34:13:d4, MAC: 54:f1:5f:6e:09:12, Supplicant state: COMPLETED, Wi-Fi standard: 0, RSSI: -39, Link speed: 144Mbps, Tx Link speed: 144Mbps, Max Supported Tx Link speed: -1Mbps, Rx Link speed: -1Mbps, Max Supported Rx Link speed: -1Mbps, Frequency: 2462MHz, Net ID: 11, Metered hint: false, score: 60
01-06 17:21:17.655  2949  3418 D WifiScoreCard: txRate: 7 txSpeed: 144
01-06 17:21:17.655  2949  3418 D WifiScoreCard: network update SIGNAL_POLL "RIFT _CALL " ID: 1060812281 RSSI -39 txSpeed 144
01-06 17:21:17.655  2949  3418 D WifiScoreCard: SSID: "RIFT _CALL "
01-06 17:21:17.655  2949  3418 D WifiScoreCard:  LastRssiPollTime: 24597488 LastRssiPoll: -39 LastTxSpeedPoll: 144
01-06 17:21:17.655  2949  3418 D WifiScoreCard:  StatsRecent:  ConnectAttempt: 12 ConnectFailure: 0 ConnectDurSec: 11787 AssocRej: 0 AssocTimeout: 0 AuthFailure: 0 ShortDiscNonlocal: 0 DisconnectNonlocal: 1 Disconnect: 2 ConsecutiveConnectFailure: 0
01-06 17:21:17.655  2949  3418 D WifiScoreCard:  StatsCurr:  ConnectAttempt: 202 ConnectFailure: 0 ConnectDurSec: 243898 AssocRej: 0 AssocTimeout: 0 AuthFailure: 0 ShortDiscNonlocal: 0 DisconnectNonlocal: 0 Disconnect: 11 ConsecutiveConnectFailure: 0
01-06 17:21:17.655  2949  3418 D WifiScoreCard:  StatsPrev:  ConnectAttempt: 0 ConnectFailure: 0 ConnectDurSec: 0 AssocRej: 0 AssocTimeout: 0 AuthFailure: 0 ShortDiscNonlocal: 0 DisconnectNonlocal: 0 Disconnect: 0 ConsecutiveConnectFailure: 0
01-06 17:21:17.656  2949  3418 D WifiClientModeImpl:  L2ConnectedState screen=on 4 0 "RIFT _CALL " 08:5c:1b:34:13:d4 rssi=-39 f=2462 sc=60 link=144 tx=6.6, 0.0, 0.0  rx=5.9 bcn=0 [on:0 tx:0 rx:0 period:3008] from screen [on:0 period:24539359] score=60
01-06 17:21:17.658  2949  3701 I WifiService: getConnectionInfo uid=10033
01-06 17:21:17.658  2949  3701 V WifiService: getConnectionInfo: hideBssidSsidAndNetworkId=true, hideDefaultMacAddress=true
01-06 17:21:17.659  2949  3701 E WifiService: Permission violation - getConfiguredNetworks not allowed for uid=10033, packageName=com.google.android.tvrecommendations, reason=java.lang.SecurityException: UID 10033 has no location permission
01-06 17:21:18.247  3651  4919 D RecommendedChannelsThread: [MtkLog]start, status==false,mLauncherRunning==false
01-06 17:21:19.249  3651  4919 I chatty  : uid=1000(system) Thread-68 identical 1 line
01-06 17:21:20.250  3651  4919 D RecommendedChannelsThread: [MtkLog]start, status==false,mLauncherRunning==false
01-06 17:21:20.665  2949  3418 D WifiClientModeImpl: fetchRssiLinkSpeedAndFrequencyNative rssi=-39 TxLinkspeed=144 freq=2462 RxLinkSpeed=0
01-06 17:21:20.665  2949  3418 V WifiConfigManager: Updating scan detail cache freq=2462 BSSID=08:5c:1b:34:13:d4 RSSI=-39 for "RIFT _CALL "WPA_PSK
01-06 17:21:20.666  2949  3418 D WifiThroughputPredictor:  utilization (BssLoad) -1 utilization (LLStats) 80 isBluetoothConnected: false final utilization: 80
01-06 17:21:20.666  2949  3418 D WifiThroughputPredictor:  utilization (BssLoad) -1 utilization (LLStats) 80 isBluetoothConnected: false final utilization: 80
01-06 17:21:20.667  2949  3418 D WifiScoreCard: BSSID update SIGNAL_POLL ID: 1756974182 SSID: RIFT _CALL , BSSID: 08:5c:1b:34:13:d4, MAC: 54:f1:5f:6e:09:12, Supplicant state: COMPLETED, Wi-Fi standard: 0, RSSI: -39, Link speed: 144Mbps, Tx Link speed: 144Mbps, Max Supported Tx Link speed: -1Mbps, Rx Link speed: -1Mbps, Max Supported Rx Link speed: -1Mbps, Frequency: 2462MHz, Net ID: 11, Metered hint: false, score: 60
01-06 17:21:20.667  2949  3418 D WifiScoreCard: txRate: 7 txSpeed: 144
01-06 17:21:20.667  2949  3418 D WifiScoreCard: network update SIGNAL_POLL "RIFT _CALL " ID: 1060812281 RSSI -39 txSpeed 144
01-06 17:21:20.667  2949  3418 D WifiScoreCard: SSID: "RIFT _CALL "
01-06 17:21:20.667  2949  3418 D WifiScoreCard:  LastRssiPollTime: 24600500 LastRssiPoll: -39 LastTxSpeedPoll: 144
01-06 17:21:20.667  2949  3418 D WifiScoreCard:  StatsRecent:  ConnectAttempt: 12 ConnectFailure: 0 ConnectDurSec: 11787 AssocRej: 0 AssocTimeout: 0 AuthFailure: 0 ShortDiscNonlocal: 0 DisconnectNonlocal: 1 Disconnect: 2 ConsecutiveConnectFailure: 0
01-06 17:21:20.667  2949  3418 D WifiScoreCard:  StatsCurr:  ConnectAttempt: 202 ConnectFailure: 0 ConnectDurSec: 243898 AssocRej: 0 AssocTimeout: 0 AuthFailure: 0 ShortDiscNonlocal: 0 DisconnectNonlocal: 0 Disconnect: 11 ConsecutiveConnectFailure: 0
01-06 17:21:20.667  2949  3418 D WifiScoreCard:  StatsPrev:  ConnectAttempt: 0 ConnectFailure: 0 ConnectDurSec: 0 AssocRej: 0 AssocTimeout: 0 AuthFailure: 0 ShortDiscNonlocal: 0 DisconnectNonlocal: 0 Disconnect: 0 ConsecutiveConnectFailure: 0
01-06 17:21:20.668  2949  3418 D WifiClientModeImpl:  L2ConnectedState screen=on 4 0 "RIFT _CALL " 08:5c:1b:34:13:d4 rssi=-39 f=2462 sc=60 link=144 tx=6.6, 0.0, 0.0  rx=5.3 bcn=0 [on:0 tx:0 rx:0 period:3012] from screen [on:0 period:24542371] score=60
01-06 17:21:20.669  2949  3701 I WifiService: getConnectionInfo uid=10033
01-06 17:21:20.670  2949  3701 V WifiService: getConnectionInfo: hideBssidSsidAndNetworkId=true, hideDefaultMacAddress=true
01-06 17:21:20.671  2949  3701 E WifiService: Permission violation - getConfiguredNetworks not allowed for uid=10033, packageName=com.google.android.tvrecommendations, reason=java.lang.SecurityException: UID 10033 has no location permission
