01-06 14:17:55.948  2949  4183 I chatty  : uid=1000(system) Binder:2949_D expire 1 line
01-06 14:17:55.981  2949  3453 I chatty  : uid=1000(system) ConnectivitySer expire 2 lines
01-06 14:18:59.626  2805  2805 I wificond: Received external scan result notification from kernel.
01-06 14:19:04.090  2949  2949 I chatty  : uid=1000 system_server expire 33 lines
01-06 14:20:40.210  2949  4183 I chatty  : uid=1000(system) Binder:2949_D expire 8 lines
01-06 14:20:47.933  2949  3700 I chatty  : uid=1000(system) Binder:2949_4 expire 1 line
01-06 14:20:47.934  2949  3453 I chatty  : uid=1000(system) ConnectivitySer expire 1 line
01-06 14:20:47.939  2949  4601 I chatty  : uid=1000(system) Binder:2949_10 expire 9 lines
01-06 14:20:48.940  2949  3013 I chatty  : uid=1000(system) ActivityManager expire 1 line
01-06 14:20:48.941  2949  3014 I chatty  : uid=1000(system) ActivityManager expire 2 lines
01-06 14:23:59.547  2805  2805 I wificond: Received external scan result notification from kernel.
01-06 14:24:24.401  2949  2949 I chatty  : uid=1000 system_server expire 27 lines
01-06 14:24:24.432  2949  5240 I chatty  : uid=1000(system) Binder:2949_19 expire 8 lines
01-06 14:24:56.463  2949  4601 I chatty  : uid=1000(system) Binder:2949_10 expire 8 lines
01-06 14:28:40.693  2949  3700 I chatty  : uid=1000(system) Binder:2949_4 expire 2 lines
01-06 14:28:59.414  2805  2805 I wificond: Received external scan result notification from kernel.
01-06 14:29:12.692  2949  2949 I chatty  : uid=1000 system_server expire 3 lines
01-06 14:29:12.724  2949  3800 I chatty  : uid=1000(system) Binder:2949_8 expire 12 lines
01-06 14:29:44.723  2949  2949 I chatty  : uid=1000 system_server expire 21 lines
01-06 14:30:16.782  2949  3700 I chatty  : uid=1000(system) Binder:2949_4 expire 5 lines
01-06 14:31:20.500  2949  3026 I chatty  : uid=1000(system) batterystats-wo expire 1 line
01-06 14:31:42.569  2949  3012 I chatty  : uid=1000(system) android.bg expire 1 line
01-06 14:32:31.175  2949  5240 I chatty  : uid=1000(system) Binder:2949_19 expire 3 lines
01-06 14:32:31.176  2949  3014 I chatty  : uid=1000(system) ActivityManager expire 2 lines
01-06 14:32:31.907  2949  3453 I chatty  : uid=1000(system) ConnectivitySer expire 3 lines
01-06 14:32:34.133  2949  4601 I chatty  : uid=1000(system) Binder:2949_10 expire 4 lines
01-06 14:32:34.177  2949  5232 I chatty  : uid=1000(system) Binder:2949_17 expire 4 lines
01-06 14:32:34.177  2949  3453 I chatty  : uid=1000(system) ConnectivitySer expire 3 lines
01-06 14:32:34.178  2949  5226 I chatty  : uid=1000(system) Binder:2949_16 expire 11 lines
01-06 14:32:56.892  2949  2949 I chatty  : uid=1000 system_server expire 10 lines
01-06 14:33:29.483  2949  3013 I chatty  : uid=1000(system) ActivityManager expire 3 lines
01-06 14:33:29.511  2949  3014 I chatty  : uid=1000(system) ActivityManager expire 3 lines
01-06 14:33:31.419  2949  4603 I chatty  : uid=1000(system) Binder:2949_11 expire 1 line
01-06 14:33:52.514  2949  2998 I chatty  : uid=1000(system) android.display expire 3 lines
01-06 14:33:57.627  2949  4064 I chatty  : uid=1000(system) LazyTaskWriterT expire 1 line
01-06 14:33:59.627  2805  2805 I wificond: Received external scan result notification from kernel.
01-06 14:34:03.357  2949  7524 I chatty  : uid=1000(system) Binder:2949_20 expire 1 line
01-06 14:34:03.357  2949  5226 I chatty  : uid=1000(system) Binder:2949_16 expire 3 lines
01-06 14:34:03.363  2949  4171 I chatty  : uid=1000(system) Binder:2949_B expire 9 lines
01-06 14:34:03.574  2949  5226 I chatty  : uid=1000(system) Binder:2949_16 expire 4 lines
01-06 14:34:03.686  2949  2998 I chatty  : uid=1000(system) android.display expire 5 lines
01-06 14:34:06.786  2949  4064 I chatty  : uid=1000(system) LazyTaskWriterT expire 3 lines
01-06 14:34:09.192  2949  3453 I chatty  : uid=1000(system) ConnectivitySer expire 1 line
01-06 14:34:16.163  2949  2949 I chatty  : uid=1000 system_server expire 18 lines
01-06 14:34:35.599  2949  7524 I chatty  : uid=1000(system) Binder:2949_20 expire 4 lines
01-06 14:36:26.787  2949  5998 I chatty  : uid=1000(system) Binder:2949_1C expire 3 lines
01-06 14:36:43.715  2949  2949 I chatty  : uid=1000 system_server expire 13 lines
01-06 14:36:43.732  2949  3799 I chatty  : uid=1000(system) Binder:2949_7 expire 10 lines
01-06 14:36:49.610  2949  3867 I chatty  : uid=1000(system) Binder:2949_9 expire 2 lines
01-06 14:36:52.667  2949  4064 I chatty  : uid=1000(system) LazyTaskWriterT expire 2 lines
01-06 14:38:19.810  2949  4603 I chatty  : uid=1000(system) Binder:2949_11 expire 2 lines
01-06 14:38:59.308  2805  2805 I wificond: Received external scan result notification from kernel.
01-06 14:39:03.356  2949  2949 I chatty  : uid=1000 system_server expire 11 lines
01-06 14:39:23.863  2949  3799 I chatty  : uid=1000(system) Binder:2949_7 expire 4 lines
01-06 14:40:00.007  2949  4069 I chatty  : uid=1000(system) backup-0 expire 5 lines
01-06 14:40:27.889  2949  2949 I chatty  : uid=1000 system_server expire 24 lines
01-06 14:40:27.924  2949  3867 I chatty  : uid=1000(system) Binder:2949_9 expire 2 lines
01-06 14:40:59.953  2949  4604 I chatty  : uid=1000(system) Binder:2949_12 expire 5 lines
01-06 14:41:34.887  2949  3014 I chatty  : uid=1000(system) ActivityManager expire 2 lines
01-06 14:41:55.588  2949  3799 I chatty  : uid=1000(system) Binder:2949_7 expire 7 lines
01-06 14:41:55.590  2949  5232 I chatty  : uid=1000(system) Binder:2949_17 expire 1 line
01-06 14:42:36.036  2949  4603 I chatty  : uid=1000(system) Binder:2949_11 expire 2 lines
01-06 14:43:59.601  2805  2805 I wificond: Received external scan result notification from kernel.
01-06 14:44:12.088  2949  2949 I chatty  : uid=1000 system_server expire 8 lines
01-06 14:44:12.120  2949  4604 I chatty  : uid=1000(system) Binder:2949_12 expire 2 lines
01-06 14:44:44.127  2949  3406 I chatty  : uid=1000(system) AppIntegrityMan expire 1 line
01-06 14:44:44.127  2949  3220 I chatty  : uid=1000(system) PackageManager expire 7 lines
01-06 14:44:44.158  2949  3013 I chatty  : uid=1000(system) ActivityManager expire 17 lines
01-06 14:44:44.254  2949  4197 I chatty  : uid=1000(system) Binder:2949_F expire 1 line
01-06 14:44:44.255  2949  3453 I chatty  : uid=1000(system) ConnectivitySer expire 1 line
01-06 14:44:44.401  2949  2996 I chatty  : uid=1000(system) android.ui expire 3 lines
01-06 14:44:44.402  2949  2998 I chatty  : uid=1000(system) android.display expire 1 line
01-06 14:44:44.413  2949  4171 I chatty  : uid=1000(system) Binder:2949_B expire 2 lines
01-06 14:44:44.659  2949  3377 I chatty  : uid=1000(system) Binder:2949_3 expire 1 line
01-06 14:44:44.766  3651  4916 W ContextImpl: Calling a method in the system process without a qualified user: android.app.ContextImpl.bindService:1748 android.content.ContextWrapper.bindService:756 com.mediatek.wwtv.tvrecommendation.util.ChannelQueryClient.<init>:30 com.mediatek.wwtv.tvrecommendation.util.ChannelQueryClient.getInstance:92 com.mediatek.wwtv.tvrecommendation.RecommendedChannelsThread.bindQueryChannelService:711 
01-06 14:44:44.769  2949  3700 I chatty  : uid=1000(system) Binder:2949_4 expire 2 lines
01-06 14:44:44.795  2949  3014 I chatty  : uid=1000(system) ActivityManager expire 2 lines
01-06 14:44:47.281  2949  4064 I chatty  : uid=1000(system) LazyTaskWriterT expire 1 line
01-06 14:44:52.248  2949  3014 I chatty  : uid=1000(system) ActivityManager expire 32 lines
01-06 14:44:52.295  2949  3012 I chatty  : uid=1000(system) android.bg expire 1 line
01-06 14:44:52.327  2949  2949 I chatty  : uid=1000 system_server expire 6 lines
01-06 14:44:52.349  2949  4171 I chatty  : uid=1000(system) Binder:2949_B expire 1 line
01-06 14:44:52.365  2949  2995 I chatty  : uid=1000(system) android.fg expire 1 line
01-06 14:44:52.378  2949  3013 I chatty  : uid=1000(system) ActivityManager expire 1 line
01-06 14:44:52.437  2949  6863 I chatty  : uid=1000(system) Binder:2949_1E expire 1 line
01-06 14:44:52.443  2949  4183 I chatty  : uid=1000(system) Binder:2949_D expire 1 line
01-06 14:44:52.556  2949  3700 I chatty  : uid=1000(system) Binder:2949_4 expire 2 lines
01-06 14:44:52.600  2949  3377 I chatty  : uid=1000(system) Binder:2949_3 expire 1 line
01-06 14:44:52.648  2949  2998 I chatty  : uid=1000(system) android.display expire 1 line
01-06 14:44:52.867  2949  3014 I chatty  : uid=1000(system) ActivityManager expire 19 lines
01-06 14:44:52.905  2949  4171 I chatty  : uid=1000(system) Binder:2949_B expire 6 lines
01-06 14:44:53.059  2949  2949 I chatty  : uid=1000 system_server expire 3 lines
01-06 14:44:54.286  2949  3800 I chatty  : uid=1000(system) Binder:2949_8 expire 2 lines
01-06 14:44:54.481  2949  3799 I chatty  : uid=1000(system) Binder:2949_7 expire 2 lines
01-06 14:44:54.692  2949  4169 I chatty  : uid=1000(system) Binder:2949_A expire 3 lines
01-06 14:44:54.707  2949  3453 I chatty  : uid=1000(system) ConnectivitySer expire 5 lines
01-06 14:44:55.613  2949  4604 I chatty  : uid=1000(system) Binder:2949_12 expire 1 line
01-06 14:44:56.241  2949  4064 I chatty  : uid=1000(system) LazyTaskWriterT expire 2 lines
01-06 14:44:57.062  2949  3013 I chatty  : uid=1000(system) ActivityManager expire 1 line
01-06 14:44:57.750  2949  4183 I chatty  : uid=1000(system) Binder:2949_D expire 1 line
01-06 14:45:01.442  2949  4603 I chatty  : uid=1000(system) Binder:2949_11 expire 2 lines
01-06 14:45:01.508  2949  6871 I chatty  : uid=1000(system) Binder:2949_1F expire 4 lines
01-06 14:45:01.510  2949  4184 I chatty  : uid=1000(system) Binder:2949_E expire 1 line
01-06 14:45:01.511  2949  3800 I chatty  : uid=1000(system) Binder:2949_8 expire 5 lines
01-06 14:45:01.511  2949  3453 I chatty  : uid=1000(system) ConnectivitySer expire 7 lines
01-06 14:45:01.922  2949  3014 I chatty  : uid=1000(system) ActivityManager expire 5 lines
01-06 14:45:02.120  2949  4603 I chatty  : uid=1000(system) Binder:2949_11 expire 6 lines
01-06 14:45:02.470 22047 22047 D ActivityThread: Loading provider contacts;com.android.contacts: com.android.providers.contacts.ContactsProvider2
01-06 14:45:07.868  2949  3012 I chatty  : uid=1000(system) android.bg expire 1 line
01-06 14:45:12.900  2949  2949 I chatty  : uid=1000 system_server expire 17 lines
01-06 14:45:48.317  2949  5998 I chatty  : uid=1000(system) Binder:2949_1C expire 4 lines
01-06 14:46:54.063  2949  2949 I chatty  : uid=1000 system_server expire 16 lines
01-06 14:47:06.795  2949  6871 I chatty  : uid=1000(system) Binder:2949_1F expire 1 line
01-06 14:47:06.816  2949  4603 I chatty  : uid=1000(system) Binder:2949_11 expire 2 lines
01-06 14:47:06.941  2949  3700 I chatty  : uid=1000(system) Binder:2949_4 expire 8 lines
01-06 14:47:07.000  2949  3799 I chatty  : uid=1000(system) Binder:2949_7 expire 1 line
01-06 14:47:07.107  2949  4169 I chatty  : uid=1000(system) Binder:2949_A expire 5 lines
01-06 14:47:07.112  2949  4184 I chatty  : uid=1000(system) Binder:2949_E expire 1 line
01-06 14:47:07.112  2949  2964 I chatty  : uid=1000(system) Binder:2949_2 expire 1 line
01-06 14:47:07.112  2949  3453 I chatty  : uid=1000(system) ConnectivitySer expire 3 lines
01-06 14:47:07.113  2949  3867 I chatty  : uid=1000(system) Binder:2949_9 expire 1 line
01-06 14:48:59.684  2805  2805 I wificond: Received external scan result notification from kernel.
01-06 14:49:02.173  2949  2949 I chatty  : uid=1000 system_server expire 4 lines
01-06 14:49:02.189  2949  3014 I chatty  : uid=1000(system) ActivityManager expire 2 lines
01-06 14:49:03.214  2949  4183 I chatty  : uid=1000(system) Binder:2949_D expire 5 lines
01-06 14:49:03.214  2949  3453 I chatty  : uid=1000(system) ConnectivitySer expire 9 lines
01-06 14:49:03.400  2949  3701 I chatty  : uid=1000(system) Binder:2949_5 expire 1 line
01-06 14:49:03.402  2949  3014 I chatty  : uid=1000(system) ActivityManager expire 10 lines
01-06 14:49:06.148  2949  5238 I chatty  : uid=1000(system) Binder:2949_18 expire 1 line
01-06 14:49:06.283  2949  3377 I chatty  : uid=1000(system) Binder:2949_3 expire 3 lines
01-06 14:49:06.318  2949  6625 I chatty  : uid=1000(system) Binder:2949_1D expire 5 lines
01-06 14:49:06.318  2949  3800 I chatty  : uid=1000(system) Binder:2949_8 expire 1 line
01-06 14:49:08.201  2949  3013 I chatty  : uid=1000(system) ActivityManager expire 4 lines
01-06 14:49:19.836  2949  5212 I chatty  : uid=1000(system) Binder:2949_15 expire 2 lines
01-06 14:49:20.289  2949  2998 I chatty  : uid=1000(system) android.display expire 1 line
01-06 14:49:29.702  2949  2949 I chatty  : uid=1000 system_server expire 2 lines
01-06 14:49:30.431  2949  4169 I chatty  : uid=1000(system) Binder:2949_A expire 3 lines
01-06 14:49:30.532  2949  2996 I chatty  : uid=1000(system) android.ui expire 1 line
01-06 14:49:35.365  2949  2995 I chatty  : uid=1000(system) android.fg expire 1 line
01-06 14:49:35.725  2949  2949 I chatty  : uid=1000 system_server expire 14 lines
01-06 14:49:35.864  2949  4169 I chatty  : uid=1000(system) Binder:2949_A expire 2 lines
01-06 14:49:36.016  2949  2964 I chatty  : uid=1000(system) Binder:2949_2 expire 1 line
01-06 14:49:37.508  2949  2998 I chatty  : uid=1000(system) android.display expire 3 lines
01-06 14:49:37.685  2949  5998 I chatty  : uid=1000(system) Binder:2949_1C expire 7 lines
01-06 14:49:37.770  2949  5240 I chatty  : uid=1000(system) Binder:2949_19 expire 1 line
01-06 14:49:37.771  2949  5212 I chatty  : uid=1000(system) Binder:2949_15 expire 5 lines
01-06 14:49:37.773  2949  3453 I chatty  : uid=1000(system) ConnectivitySer expire 4 lines
01-06 14:49:37.791  2949  6625 I chatty  : uid=1000(system) Binder:2949_1D expire 1 line
01-06 14:49:37.798  2949  5238 I chatty  : uid=1000(system) Binder:2949_18 expire 1 line
01-06 14:49:37.800  2949  4183 I chatty  : uid=1000(system) Binder:2949_D expire 4 lines
01-06 14:49:37.824  2949  3800 I chatty  : uid=1000(system) Binder:2949_8 expire 1 line
01-06 14:49:38.374  2949  4064 I chatty  : uid=1000(system) LazyTaskWriterT expire 3 lines
01-06 14:51:42.673  2949  3012 I chatty  : uid=1000(system) android.bg expire 1 line
01-06 14:51:44.038  2949  2949 I chatty  : uid=1000 system_server expire 15 lines
01-06 14:51:44.101  2949  5212 I chatty  : uid=1000(system) Binder:2949_15 expire 8 lines
01-06 14:52:16.188  2949  4183 I chatty  : uid=1000(system) Binder:2949_D expire 2 lines
01-06 14:52:41.680  2949  5994 I chatty  : uid=1000(system) Binder:2949_1B expire 2 lines
01-06 14:52:41.682  2949  2964 I chatty  : uid=1000(system) Binder:2949_2 expire 1 line
01-06 14:52:41.683  2949  3453 I chatty  : uid=1000(system) ConnectivitySer expire 1 line
01-06 14:52:41.695  2949  3700 I chatty  : uid=1000(system) Binder:2949_4 expire 3 lines
01-06 14:52:41.755  2949  2998 I chatty  : uid=1000(system) android.display expire 1 line
01-06 14:52:46.806  2949  4064 I chatty  : uid=1000(system) LazyTaskWriterT expire 2 lines
01-06 14:53:11.339  2949  3799 I chatty  : uid=1000(system) Binder:2949_7 expire 3 lines
01-06 14:53:59.239  2805  2805 I wificond: Received external scan result notification from kernel.
01-06 14:54:24.360  2949  2949 I chatty  : uid=1000 system_server expire 9 lines
01-06 14:54:24.417  2949  4604 I chatty  : uid=1000(system) Binder:2949_12 expire 2 lines
01-06 14:54:56.463  2949  6625 I chatty  : uid=1000(system) Binder:2949_1D expire 8 lines
01-06 14:56:00.503  2949  2949 I chatty  : uid=1000 system_server expire 19 lines
01-06 14:56:00.566  2949  5212 I chatty  : uid=1000(system) Binder:2949_15 expire 7 lines
01-06 14:57:36.663  2949  3799 I chatty  : uid=1000(system) Binder:2949_7 expire 4 lines
01-06 14:57:55.128  2949  4604 I chatty  : uid=1000(system) Binder:2949_12 expire 2 lines
01-06 14:57:56.305  2949  2998 I chatty  : uid=1000(system) android.display expire 2 lines
01-06 14:57:59.743  2949  4064 I chatty  : uid=1000(system) LazyTaskWriterT expire 3 lines
01-06 14:58:59.338  2805  2805 I wificond: Received external scan result notification from kernel.
01-06 14:59:12.726  2949  2949 I chatty  : uid=1000 system_server expire 25 lines
01-06 14:59:44.794  2949  4604 I chatty  : uid=1000(system) Binder:2949_12 expire 3 lines
01-06 15:00:11.583  2949  5212 I chatty  : uid=1000(system) Binder:2949_15 expire 10 lines
01-06 15:00:14.633  2949  4064 I chatty  : uid=1000(system) LazyTaskWriterT expire 1 line
01-06 15:01:20.820  2949  3026 I chatty  : uid=1000(system) batterystats-wo expire 1 line
01-06 15:02:21.941  2949  4169 I chatty  : uid=1000(system) Binder:2949_A expire 3 lines
01-06 15:02:21.944  2949  3014 I chatty  : uid=1000(system) ActivityManager expire 9 lines
01-06 15:02:32.983  2949  3867 I chatty  : uid=1000(system) Binder:2949_9 expire 2 lines
01-06 15:02:34.389  2949  3453 I chatty  : uid=1000(system) ConnectivitySer expire 5 lines
01-06 15:02:34.714  2949  2964 I chatty  : uid=1000(system) Binder:2949_2 expire 8 lines
01-06 15:02:34.716  2949  3014 I chatty  : uid=1000(system) ActivityManager expire 3 lines
01-06 15:02:34.777  2949  2949 I chatty  : uid=1000 system_server expire 10 lines
01-06 15:02:41.298  2949  5998 I chatty  : uid=1000(system) Binder:2949_1C expire 1 line
01-06 15:02:41.301  2949  3867 I chatty  : uid=1000(system) Binder:2949_9 expire 3 lines
01-06 15:03:30.808  2949  3013 I chatty  : uid=1000(system) ActivityManager expire 2 lines
01-06 15:03:34.520  2949  4991 I chatty  : uid=1000(system) Binder:2949_14 expire 3 lines
01-06 15:03:59.789  2805  2805 I wificond: Received external scan result notification from kernel.
01-06 15:04:04.891  2949  2949 I chatty  : uid=1000 system_server expire 11 lines
01-06 15:04:04.930  2949  4183 I chatty  : uid=1000(system) Binder:2949_D expire 2 lines
01-06 15:05:08.996  2949  3700 I chatty  : uid=1000(system) Binder:2949_4 expire 6 lines
01-06 15:05:41.010  2949  2949 I chatty  : uid=1000 system_server expire 19 lines
01-06 15:06:45.128  2949  4991 I chatty  : uid=1000(system) Binder:2949_14 expire 6 lines
01-06 15:07:46.214  2949  4183 I chatty  : uid=1000(system) Binder:2949_D expire 4 lines
01-06 15:08:21.257  2949  5994 I chatty  : uid=1000(system) Binder:2949_1B expire 2 lines
01-06 15:08:53.286  2949  6625 I chatty  : uid=1000(system) Binder:2949_1D expire 4 lines
01-06 15:08:59.487  2805  2805 I wificond: Received external scan result notification from kernel.
01-06 15:09:25.286  2949  2949 I chatty  : uid=1000 system_server expire 15 lines
01-06 15:10:29.397  2949  5994 I chatty  : uid=1000(system) Binder:2949_1B expire 2 lines
01-06 15:11:01.447  2949  4991 I chatty  : uid=1000(system) Binder:2949_14 expire 2 lines
01-06 15:11:29.319  2949  5998 I chatty  : uid=1000(system) Binder:2949_1C expire 8 lines
01-06 15:11:30.346  2949  2998 I chatty  : uid=1000(system) android.display expire 1 line
01-06 15:11:33.513  2949  6625 I chatty  : uid=1000(system) Binder:2949_1D expire 2 lines
01-06 15:11:33.778  2949  4064 I chatty  : uid=1000(system) LazyTaskWriterT expire 1 line
01-06 15:11:36.350  2949  5226 I chatty  : uid=1000(system) Binder:2949_16 expire 1 line
01-06 15:11:36.350  2949  3014 I chatty  : uid=1000(system) ActivityManager expire 6 lines
01-06 15:11:37.578  2949  4177 I chatty  : uid=1000(system) Binder:2949_C expire 1 line
01-06 15:11:41.402  2949  4603 I chatty  : uid=1000(system) Binder:2949_11 expire 2 lines
01-06 15:11:41.409 23302 23302 D ActivityThread: Loading provider contacts;com.android.contacts: com.android.providers.contacts.ContactsProvider2
01-06 15:11:42.792  2949  3012 I chatty  : uid=1000(system) android.bg expire 1 line
01-06 15:12:05.511  2949  2949 I chatty  : uid=1000 system_server expire 12 lines
01-06 15:12:05.558  2949  3867 I chatty  : uid=1000(system) Binder:2949_9 expire 7 lines
01-06 15:13:43.905  2949  5998 I chatty  : uid=1000(system) Binder:2949_1C expire 5 lines
01-06 15:13:59.662  2805  2805 I wificond: Received external scan result notification from kernel.
01-06 15:14:13.639  2949  2949 I chatty  : uid=1000 system_server expire 20 lines
01-06 15:14:49.326  2949  6625 I chatty  : uid=1000(system) Binder:2949_1D expire 1 line
01-06 15:14:49.341  2949  3800 I chatty  : uid=1000(system) Binder:2949_8 expire 1 line
01-06 15:14:49.351  2949  2998 I chatty  : uid=1000(system) android.display expire 1 line
01-06 15:14:49.353  2949  4177 I chatty  : uid=1000(system) Binder:2949_C expire 3 lines
01-06 15:14:59.159  2949  4064 I chatty  : uid=1000(system) LazyTaskWriterT expire 4 lines
01-06 15:15:17.738  2949  2963 I chatty  : uid=1000(system) Binder:2949_1 expire 6 lines
01-06 15:15:25.679  2949  4603 I chatty  : uid=1000(system) Binder:2949_11 expire 3 lines
01-06 15:16:53.819  2949  2964 I chatty  : uid=1000(system) Binder:2949_2 expire 7 lines
01-06 15:17:25.830  2949  2949 I chatty  : uid=1000 system_server expire 19 lines
01-06 15:17:57.822  2949  2963 I chatty  : uid=1000(system) Binder:2949_1 expire 1 line
01-06 15:17:57.911  2949  4603 I chatty  : uid=1000(system) Binder:2949_11 expire 2 lines
01-06 15:17:58.232  2949  3800 I chatty  : uid=1000(system) Binder:2949_8 expire 10 lines
01-06 15:17:58.234  2949  3014 I chatty  : uid=1000(system) ActivityManager expire 9 lines
01-06 15:18:59.466  2805  2805 I wificond: Received external scan result notification from kernel.
01-06 15:19:02.071  2949  5242 I chatty  : uid=1000(system) Binder:2949_1A expire 6 lines
01-06 15:21:10.121  2949  2949 I chatty  : uid=1000 system_server expire 21 lines
01-06 15:21:10.154  2949  3800 I chatty  : uid=1000(system) Binder:2949_8 expire 10 lines
01-06 15:23:09.942  2949  3013 I chatty  : uid=1000(system) ActivityManager expire 1 line
01-06 15:23:09.942  2949  3014 I chatty  : uid=1000(system) ActivityManager expire 2 lines
01-06 15:23:50.306  2949  4991 I chatty  : uid=1000(system) Binder:2949_14 expire 2 lines
01-06 15:23:59.757  2805  2805 I wificond: Received external scan result notification from kernel.
01-06 15:24:22.305  2949  2949 I chatty  : uid=1000 system_server expire 6 lines
01-06 15:24:54.364  2949  3800 I chatty  : uid=1000(system) Binder:2949_8 expire 6 lines
01-06 15:25:26.363  2949  2949 I chatty  : uid=1000 system_server expire 21 lines
01-06 15:25:26.393  2949  5242 I chatty  : uid=1000(system) Binder:2949_1A expire 12 lines
01-06 15:28:59.495  2805  2805 I wificond: Received external scan result notification from kernel.
01-06 15:29:10.572  2949  2949 I chatty  : uid=1000 system_server expire 8 lines
01-06 15:29:42.631  2949  6625 I chatty  : uid=1000(system) Binder:2949_1D expire 16 lines
01-06 15:30:14.644  2949  2949 I chatty  : uid=1000 system_server expire 19 lines
01-06 15:31:20.512  2949  3026 I chatty  : uid=1000(system) batterystats-wo expire 1 line
01-06 15:31:42.908  2949  3012 I chatty  : uid=1000(system) android.bg expire 1 line
01-06 15:32:35.939  2949  4603 I chatty  : uid=1000(system) Binder:2949_11 expire 2 lines
01-06 15:32:35.940  2949  3014 I chatty  : uid=1000(system) ActivityManager expire 3 lines
01-06 15:32:36.719  2949  3453 I chatty  : uid=1000(system) ConnectivitySer expire 3 lines
01-06 15:32:54.799  2949  3800 I chatty  : uid=1000(system) Binder:2949_8 expire 3 lines
01-06 15:33:33.114  2949  3013 I chatty  : uid=1000(system) ActivityManager expire 2 lines
01-06 15:33:33.345  2949  3800 I chatty  : uid=1000(system) Binder:2949_8 expire 9 lines
01-06 15:33:35.095  2949  2949 I chatty  : uid=1000 system_server expire 25 lines
01-06 15:33:59.441  2805  2805 I wificond: Received external scan result notification from kernel.
01-06 15:34:07.157  2949  6625 I chatty  : uid=1000(system) Binder:2949_1D expire 7 lines
01-06 15:34:39.186  2949  4603 I chatty  : uid=1000(system) Binder:2949_11 expire 4 lines
01-06 15:36:02.288  2949  2998 I chatty  : uid=1000(system) android.display expire 3 lines
01-06 15:37:51.337  2949  2949 I chatty  : uid=1000 system_server expire 12 lines
01-06 15:37:51.382  2949  3800 I chatty  : uid=1000(system) Binder:2949_8 expire 6 lines
01-06 15:38:28.722  2949  6625 I chatty  : uid=1000(system) Binder:2949_1D expire 6 lines
01-06 15:38:29.732  2949  2964 I chatty  : uid=1000(system) Binder:2949_2 expire 6 lines
01-06 15:38:29.811  2949  3700 I chatty  : uid=1000(system) Binder:2949_4 expire 1 line
01-06 15:38:29.811  2949  3453 I chatty  : uid=1000(system) ConnectivitySer expire 2 lines
01-06 15:38:31.813  2949  4064 I chatty  : uid=1000(system) LazyTaskWriterT expire 2 lines
01-06 15:38:33.761  2949  5212 I chatty  : uid=1000(system) Binder:2949_15 expire 1 line
01-06 15:38:59.667  2805  2805 I wificond: Received external scan result notification from kernel.
01-06 15:39:27.436  2949  2949 I chatty  : uid=1000 system_server expire 8 lines
01-06 15:39:59.485  2949  4197 I chatty  : uid=1000(system) Binder:2949_F expire 13 lines
01-06 15:40:31.498  2949  2949 I chatty  : uid=1000 system_server expire 22 lines
01-06 15:41:03.537  2949  6625 I chatty  : uid=1000(system) Binder:2949_1D expire 4 lines
01-06 15:41:58.139  2949  2964 I chatty  : uid=1000(system) Binder:2949_2 expire 4 lines
01-06 15:43:55.853  2949  3014 I chatty  : uid=1000(system) ActivityManager expire 2 lines
01-06 15:43:59.525  2805  2805 I wificond: Received external scan result notification from kernel.
01-06 15:44:15.676  2949  2949 I chatty  : uid=1000 system_server expire 7 lines
01-06 15:44:47.739  2949  6625 I chatty  : uid=1000(system) Binder:2949_1D expire 2 lines
01-06 15:45:15.468  2949  3406 I chatty  : uid=1000(system) AppIntegrityMan expire 1 line
01-06 15:45:15.468  2949  3220 I chatty  : uid=1000(system) PackageManager expire 6 lines
01-06 15:45:15.495  2949  3013 I chatty  : uid=1000(system) ActivityManager expire 3 lines
01-06 15:45:15.613  2949  4169 I chatty  : uid=1000(system) Binder:2949_A expire 1 line
01-06 15:45:15.613  2949  3453 I chatty  : uid=1000(system) ConnectivitySer expire 2 lines
01-06 15:45:15.733  2949  2998 I chatty  : uid=1000(system) android.display expire 2 lines
01-06 15:45:15.733  2949  3014 I chatty  : uid=1000(system) ActivityManager expire 6 lines
01-06 15:45:15.736  2949  2996 I chatty  : uid=1000(system) android.ui expire 3 lines
01-06 15:45:15.790  2949  3799 I chatty  : uid=1000(system) Binder:2949_7 expire 5 lines
01-06 15:45:16.410  2949  5240 I chatty  : uid=1000(system) Binder:2949_19 expire 1 line
01-06 15:45:16.540  3651  4916 W ContextImpl: Calling a method in the system process without a qualified user: android.app.ContextImpl.bindService:1748 android.content.ContextWrapper.bindService:756 com.mediatek.wwtv.tvrecommendation.util.ChannelQueryClient.<init>:30 com.mediatek.wwtv.tvrecommendation.util.ChannelQueryClient.getInstance:92 com.mediatek.wwtv.tvrecommendation.RecommendedChannelsThread.bindQueryChannelService:711 
01-06 15:45:16.548  2949  4184 I chatty  : uid=1000(system) Binder:2949_E expire 8 lines
01-06 15:45:16.605  2949  7524 I chatty  : uid=1000(system) Binder:2949_20 expire 2 lines
01-06 15:45:18.569  2949  4064 I chatty  : uid=1000(system) LazyTaskWriterT expire 1 line
01-06 15:45:19.741  2949  2949 I chatty  : uid=1000 system_server expire 7 lines
01-06 15:45:19.873  2949  3013 I chatty  : uid=1000(system) ActivityManager expire 15 lines
01-06 15:45:19.873  2949  3014 I chatty  : uid=1000(system) ActivityManager expire 17 lines
01-06 15:45:20.360  2949  4184 I chatty  : uid=1000(system) Binder:2949_E expire 2 lines
01-06 15:45:25.148  2949  3220 I chatty  : uid=1000(system) PackageManager expire 1 line
01-06 15:45:25.260  2949  4197 I chatty  : uid=1000(system) Binder:2949_F expire 2 lines
01-06 15:45:25.420  2949  3012 I chatty  : uid=1000(system) android.bg expire 1 line
01-06 15:45:25.468  2949  2995 I chatty  : uid=1000(system) android.fg expire 1 line
01-06 15:45:25.536  2949  2949 I chatty  : uid=1000 system_server expire 4 lines
01-06 15:45:25.557  2949  3014 I chatty  : uid=1000(system) ActivityManager expire 27 lines
01-06 15:45:25.595  2949  2964 I chatty  : uid=1000(system) Binder:2949_2 expire 3 lines
01-06 15:45:25.854  2949  2996 I chatty  : uid=1000(system) android.ui expire 1 line
01-06 15:45:25.898  2949  2998 I chatty  : uid=1000(system) android.display expire 2 lines
01-06 15:45:27.317  2949  4171 I chatty  : uid=1000(system) Binder:2949_B expire 1 line
01-06 15:45:27.324  2949  3453 I chatty  : uid=1000(system) ConnectivitySer expire 2 lines
01-06 15:45:27.346  2949  5212 I chatty  : uid=1000(system) Binder:2949_15 expire 2 lines
01-06 15:45:28.136  2949  4184 I chatty  : uid=1000(system) Binder:2949_E expire 1 line
01-06 15:45:28.556  2949  6863 I chatty  : uid=1000(system) Binder:2949_1E expire 1 line
01-06 15:45:29.620  2949  4064 I chatty  : uid=1000(system) LazyTaskWriterT expire 1 line
01-06 15:45:30.533  2949  4197 I chatty  : uid=1000(system) Binder:2949_F expire 3 lines
01-06 15:45:30.546  2949  3013 I chatty  : uid=1000(system) ActivityManager expire 2 lines
01-06 15:45:31.165  2949  3799 I chatty  : uid=1000(system) Binder:2949_7 expire 4 lines
01-06 15:45:31.177  2949  3453 I chatty  : uid=1000(system) ConnectivitySer expire 10 lines
01-06 15:45:31.294  2949  6871 I chatty  : uid=1000(system) Binder:2949_1F expire 3 lines
01-06 15:45:32.786  2949  4184 I chatty  : uid=1000(system) Binder:2949_E expire 2 lines
01-06 15:45:32.790  2949  3014 I chatty  : uid=1000(system) ActivityManager expire 9 lines
01-06 15:45:33.122  2949  4064 I chatty  : uid=1000(system) LazyTaskWriterT expire 1 line
01-06 15:45:33.204 24603 24603 D ActivityThread: Loading provider contacts;com.android.contacts: com.android.providers.contacts.ContactsProvider2
01-06 15:45:36.892  2949  6863 I chatty  : uid=1000(system) Binder:2949_1E expire 2 lines
01-06 15:45:38.355  2949  4171 I chatty  : uid=1000(system) Binder:2949_B expire 2 lines
01-06 15:45:47.321  2949  2949 I chatty  : uid=1000 system_server expire 22 lines
01-06 15:46:24.407  2949  3799 I chatty  : uid=1000(system) Binder:2949_7 expire 7 lines
01-06 15:47:52.487  2949  6871 I chatty  : uid=1000(system) Binder:2949_1F expire 3 lines
01-06 15:47:54.050  2949  2998 I chatty  : uid=1000(system) android.display expire 1 line
01-06 15:47:59.146  2949  6863 I chatty  : uid=1000(system) Binder:2949_1E expire 5 lines
01-06 15:47:59.663  2949  3014 I chatty  : uid=1000(system) ActivityManager expire 6 lines
01-06 15:48:00.575  2949  4197 I chatty  : uid=1000(system) Binder:2949_F expire 3 lines
01-06 15:48:00.939  2949  4171 I chatty  : uid=1000(system) Binder:2949_B expire 1 line
01-06 15:48:01.511  2949  3453 I chatty  : uid=1000(system) ConnectivitySer expire 4 lines
01-06 15:48:02.592  2949  4184 I chatty  : uid=1000(system) Binder:2949_E expire 4 lines
01-06 15:48:05.240  2949  6871 I chatty  : uid=1000(system) Binder:2949_1F expire 1 line
01-06 15:48:05.313  2949  5998 I chatty  : uid=1000(system) Binder:2949_1C expire 1 line
01-06 15:48:05.314  2949  3750 I chatty  : uid=1000(system) Binder:2949_6 expire 2 lines
01-06 15:48:05.316  2949  3867 I chatty  : uid=1000(system) Binder:2949_9 expire 1 line
01-06 15:48:05.316  2949  3453 I chatty  : uid=1000(system) ConnectivitySer expire 7 lines
01-06 15:48:05.332  2949  7524 I chatty  : uid=1000(system) Binder:2949_20 expire 1 line
01-06 15:48:05.350  2949  5240 I chatty  : uid=1000(system) Binder:2949_19 expire 2 lines
01-06 15:48:05.355  2949  4197 I chatty  : uid=1000(system) Binder:2949_F expire 2 lines
01-06 15:48:05.368  2949  2964 I chatty  : uid=1000(system) Binder:2949_2 expire 3 lines
01-06 15:48:05.432  2949  2995 I chatty  : uid=1000(system) android.fg expire 1 line
01-06 15:48:05.441  2949  5242 I chatty  : uid=1000(system) Binder:2949_1A expire 1 line
01-06 15:48:05.788  2949  4603 I chatty  : uid=1000(system) Binder:2949_11 expire 8 lines
01-06 15:48:06.542  2949  5212 I chatty  : uid=1000(system) Binder:2949_15 expire 2 lines
01-06 15:48:08.611  2949  4064 I chatty  : uid=1000(system) LazyTaskWriterT expire 4 lines
01-06 15:48:11.230  2949  2998 I chatty  : uid=1000(system) android.display expire 2 lines
01-06 15:48:20.727  2949  2949 I chatty  : uid=1000 system_server expire 5 lines
01-06 15:48:37.358  2949  3700 I chatty  : uid=1000(system) Binder:2949_4 expire 7 lines
01-06 15:48:59.687  2805  2805 I wificond: Received external scan result notification from kernel.
01-06 15:49:04.609  2949  2949 I chatty  : uid=1000 system_server expire 11 lines
01-06 15:49:12.822  2949  4603 I chatty  : uid=1000(system) Binder:2949_11 expire 1 line
01-06 15:49:15.817  2949  4064 I chatty  : uid=1000(system) LazyTaskWriterT expire 2 lines
01-06 15:49:15.902  2949  5998 I chatty  : uid=1000(system) Binder:2949_1C expire 3 lines
01-06 15:49:17.405  2949  2998 I chatty  : uid=1000(system) android.display expire 1 line
01-06 15:49:36.670  2949  3014 I chatty  : uid=1000(system) ActivityManager expire 16 lines
01-06 15:49:37.534  2949  3453 I chatty  : uid=1000(system) ConnectivitySer expire 4 lines
01-06 15:49:39.056  2949  3750 I chatty  : uid=1000(system) Binder:2949_6 expire 1 line
01-06 15:49:46.843  2949  6863 I chatty  : uid=1000(system) Binder:2949_1E expire 2 lines
01-06 15:49:49.129  2949  5226 I chatty  : uid=1000(system) Binder:2949_16 expire 1 line
01-06 15:49:49.182  2949  3014 I chatty  : uid=1000(system) ActivityManager expire 4 lines
01-06 15:49:49.571  2949  3800 I chatty  : uid=1000(system) Binder:2949_8 expire 4 lines
01-06 15:49:49.573  2949  3453 I chatty  : uid=1000(system) ConnectivitySer expire 4 lines
01-06 15:49:55.680  2949  6863 I chatty  : uid=1000(system) Binder:2949_1E expire 7 lines
01-06 15:49:55.710  2949  4604 I chatty  : uid=1000(system) Binder:2949_12 expire 4 lines
01-06 15:49:59.113  2949  4064 I chatty  : uid=1000(system) LazyTaskWriterT expire 5 lines
01-06 15:50:00.255  2949  2998 I chatty  : uid=1000(system) android.display expire 2 lines
01-06 15:50:10.128  2949  2949 I chatty  : uid=1000 system_server expire 10 lines
01-06 15:50:14.860  2949  4197 I chatty  : uid=1000(system) Binder:2949_F expire 1 line
01-06 15:50:22.872  2949  5212 I chatty  : uid=1000(system) Binder:2949_15 expire 4 lines
01-06 15:50:44.833  2949  4603 I chatty  : uid=1000(system) Binder:2949_11 expire 2 lines
01-06 15:50:44.946  2949  6863 I chatty  : uid=1000(system) Binder:2949_1E expire 1 line
01-06 15:50:44.982  2949  2996 I chatty  : uid=1000(system) android.ui expire 1 line
01-06 15:50:45.046  2949  2963 I chatty  : uid=1000(system) Binder:2949_1 expire 3 lines
01-06 15:50:45.046  2949  2964 I chatty  : uid=1000(system) Binder:2949_2 expire 1 line
01-06 15:50:45.046  2949  5226 I chatty  : uid=1000(system) Binder:2949_16 expire 2 lines
01-06 15:50:45.046  2949  4601 I chatty  : uid=1000(system) Binder:2949_10 expire 1 line
01-06 15:50:45.047  2949  5240 I chatty  : uid=1000(system) Binder:2949_19 expire 4 lines
01-06 15:50:45.057  2949  3453 I chatty  : uid=1000(system) ConnectivitySer expire 5 lines
01-06 15:50:45.066  2949  4197 I chatty  : uid=1000(system) Binder:2949_F expire 2 lines
01-06 15:50:45.072  2949  3377 I chatty  : uid=1000(system) Binder:2949_3 expire 1 line
01-06 15:50:45.103  2949  3799 I chatty  : uid=1000(system) Binder:2949_7 expire 1 line
01-06 15:50:45.105  2949  5242 I chatty  : uid=1000(system) Binder:2949_1A expire 5 lines
01-06 15:50:50.406  2949  4064 I chatty  : uid=1000(system) LazyTaskWriterT expire 2 lines
01-06 15:50:58.546  2949  5998 I chatty  : uid=1000(system) Binder:2949_1C expire 2 lines
01-06 15:50:59.155  3651  4916 W ContextImpl: Calling a method in the system process without a qualified user: android.app.ContextImpl.bindService:1748 android.content.ContextWrapper.bindService:756 com.mediatek.wwtv.tvrecommendation.util.ChannelQueryClient.<init>:30 com.mediatek.wwtv.tvrecommendation.util.ChannelQueryClient.getInstance:92 com.mediatek.wwtv.tvrecommendation.RecommendedChannelsThread.bindQueryChannelService:711 
01-06 15:50:59.217  2949  3014 I chatty  : uid=1000(system) ActivityManager expire 6 lines
01-06 15:51:00.851  2949  2998 I chatty  : uid=1000(system) android.display expire 1 line
01-06 15:51:00.920  2949  2949 I chatty  : uid=1000 system_server expire 8 lines
01-06 15:51:43.086  2949  3012 I chatty  : uid=1000(system) android.bg expire 1 line
01-06 15:51:46.311  2949  5242 I chatty  : uid=1000(system) Binder:2949_1A expire 4 lines
01-06 15:52:18.310  2949  2949 I chatty  : uid=1000 system_server expire 12 lines
01-06 15:52:50.365  2949  5238 I chatty  : uid=1000(system) Binder:2949_18 expire 4 lines
01-06 15:53:22.392  2949  4169 I chatty  : uid=1000(system) Binder:2949_A expire 10 lines
01-06 15:53:59.537  2805  2805 I wificond: Received external scan result notification from kernel.
01-06 15:54:26.418  2949  2949 I chatty  : uid=1000 system_server expire 12 lines
01-06 15:56:08.926  2949  3406 I chatty  : uid=1000(system) AppIntegrityMan expire 1 line
01-06 15:56:08.928  2949  3220 I chatty  : uid=1000(system) PackageManager expire 3 lines
01-06 15:56:08.957  2949  3013 I chatty  : uid=1000(system) ActivityManager expire 18 lines
01-06 15:56:08.979  2949  3220 I chatty  : uid=1000(system) PackageManager expire 4 lines
01-06 15:56:09.055  2949  5998 I chatty  : uid=1000(system) Binder:2949_1C expire 1 line
01-06 15:56:09.056  2949  3453 I chatty  : uid=1000(system) ConnectivitySer expire 1 line
01-06 15:56:09.909  2949  3000 I chatty  : uid=1000(system) android.anim expire 1 line
01-06 15:56:09.913  2949  2998 I chatty  : uid=1000(system) android.display expire 4 lines
01-06 15:56:09.941  2949  2996 I chatty  : uid=1000(system) android.ui expire 3 lines
01-06 15:56:11.179  3651  4916 W ContextImpl: Calling a method in the system process without a qualified user: android.app.ContextImpl.bindService:1748 android.content.ContextWrapper.bindService:756 com.mediatek.wwtv.tvrecommendation.util.ChannelQueryClient.<init>:30 com.mediatek.wwtv.tvrecommendation.util.ChannelQueryClient.getInstance:92 com.mediatek.wwtv.tvrecommendation.RecommendedChannelsThread.bindQueryChannelService:711 
01-06 15:56:12.568  2949  4064 I chatty  : uid=1000(system) LazyTaskWriterT expire 1 line
01-06 15:56:16.742  2949  2949 I chatty  : uid=1000 system_server expire 1 line
01-06 15:56:16.792  2949  3012 I chatty  : uid=1000(system) android.bg expire 1 line
01-06 15:56:16.806  2949  5238 I chatty  : uid=1000(system) Binder:2949_18 expire 1 line
01-06 15:56:16.820  2949  3014 I chatty  : uid=1000(system) ActivityManager expire 11 lines
01-06 15:56:16.882  2949  6625 I chatty  : uid=1000(system) Binder:2949_1D expire 1 line
01-06 15:56:16.911  2949  3014 I chatty  : uid=1000(system) ActivityManager expire 24 lines
01-06 15:56:17.003  2949  2949 I chatty  : uid=1000 system_server expire 10 lines
01-06 15:56:17.019  2949  2995 I chatty  : uid=1000(system) android.fg expire 1 line
01-06 15:56:17.073  2949  3799 I chatty  : uid=1000(system) Binder:2949_7 expire 1 line
01-06 15:56:17.292  2949  4177 I chatty  : uid=1000(system) Binder:2949_C expire 1 line
01-06 15:56:17.343  2949  2998 I chatty  : uid=1000(system) android.display expire 2 lines
01-06 15:56:17.348  2949  2996 I chatty  : uid=1000(system) android.ui expire 1 line
01-06 15:56:17.474  2949  7524 I chatty  : uid=1000(system) Binder:2949_20 expire 1 line
01-06 15:56:18.902  2949  5238 I chatty  : uid=1000(system) Binder:2949_18 expire 2 lines
01-06 15:56:18.905  2949  3453 I chatty  : uid=1000(system) ConnectivitySer expire 8 lines
01-06 15:56:19.028  2949  4990 I chatty  : uid=1000(system) Binder:2949_13 expire 4 lines
01-06 15:56:19.030  2949  3014 I chatty  : uid=1000(system) ActivityManager expire 18 lines
01-06 15:56:19.645  2949  5998 I chatty  : uid=1000(system) Binder:2949_1C expire 3 lines
01-06 15:56:20.310  2949  4177 I chatty  : uid=1000(system) Binder:2949_C expire 3 lines
01-06 15:56:20.812  2949  4064 I chatty  : uid=1000(system) LazyTaskWriterT expire 2 lines
01-06 15:56:22.014  2949  3013 I chatty  : uid=1000(system) ActivityManager expire 2 lines
01-06 15:56:22.206  2949  5238 I chatty  : uid=1000(system) Binder:2949_18 expire 2 lines
01-06 15:56:25.142 25963 25963 D ActivityThread: Loading provider contacts;com.android.contacts: com.android.providers.contacts.ContactsProvider2
01-06 15:56:28.656  2949  6625 I chatty  : uid=1000(system) Binder:2949_1D expire 1 line
01-06 15:56:28.656  2949  7524 I chatty  : uid=1000(system) Binder:2949_20 expire 1 line
01-06 15:56:28.664  2949  3799 I chatty  : uid=1000(system) Binder:2949_7 expire 1 line
01-06 15:56:29.141  2949  4601 I chatty  : uid=1000(system) Binder:2949_10 expire 3 lines
01-06 15:56:29.665  2949  3014 I chatty  : uid=1000(system) ActivityManager expire 2 lines
01-06 15:56:30.470  2949  3453 I chatty  : uid=1000(system) ConnectivitySer expire 5 lines
01-06 15:56:34.563  2949  2949 I chatty  : uid=1000 system_server expire 13 lines
01-06 15:56:34.665  2949  3800 I chatty  : uid=1000(system) Binder:2949_8 expire 8 lines
01-06 15:56:40.701  2949  3799 I chatty  : uid=1000(system) Binder:2949_7 expire 2 lines
01-06 15:57:20.678  2949  5242 I chatty  : uid=1000(system) Binder:2949_1A expire 2 lines
01-06 15:57:22.240  2949  2998 I chatty  : uid=1000(system) android.display expire 1 line
01-06 15:57:39.333  2949  4169 I chatty  : uid=1000(system) Binder:2949_A expire 3 lines
01-06 15:57:39.409  2949  4990 I chatty  : uid=1000(system) Binder:2949_13 expire 3 lines
01-06 15:57:39.430  2949  6863 I chatty  : uid=1000(system) Binder:2949_1E expire 1 line
01-06 15:57:39.448  2949  5238 I chatty  : uid=1000(system) Binder:2949_18 expire 2 lines
01-06 15:57:39.464  2949  3453 I chatty  : uid=1000(system) ConnectivitySer expire 3 lines
01-06 15:57:39.465  2949  5232 I chatty  : uid=1000(system) Binder:2949_17 expire 8 lines
01-06 15:57:39.490  2949  6863 I chatty  : uid=1000(system) Binder:2949_1E expire 1 line
01-06 15:57:39.491  2949  4171 I chatty  : uid=1000(system) Binder:2949_B expire 2 lines
01-06 15:57:39.505  2949  4990 I chatty  : uid=1000(system) Binder:2949_13 expire 3 lines
01-06 15:57:42.175  2949  4064 I chatty  : uid=1000(system) LazyTaskWriterT expire 3 lines
01-06 15:57:44.265  2949  2998 I chatty  : uid=1000(system) android.display expire 2 lines
01-06 15:57:53.763  2949  2949 I chatty  : uid=1000 system_server expire 15 lines
01-06 15:58:02.043  2949  3800 I chatty  : uid=1000(system) Binder:2949_8 expire 1 line
01-06 15:58:10.756  2949  4604 I chatty  : uid=1000(system) Binder:2949_12 expire 3 lines
01-06 15:58:59.773  2805  2805 I wificond: Received external scan result notification from kernel.
01-06 15:59:36.171  2949  3014 I chatty  : uid=1000(system) ActivityManager expire 4 lines
01-06 15:59:36.568  2949  5232 I chatty  : uid=1000(system) Binder:2949_17 expire 3 lines
01-06 15:59:36.569  2949  3453 I chatty  : uid=1000(system) ConnectivitySer expire 5 lines
01-06 15:59:37.488  2949  4064 I chatty  : uid=1000(system) LazyTaskWriterT expire 5 lines
01-06 15:59:42.003  2949  4604 I chatty  : uid=1000(system) Binder:2949_12 expire 5 lines
01-06 15:59:43.515  2949  2998 I chatty  : uid=1000(system) android.display expire 2 lines
01-06 15:59:46.815  2949  2949 I chatty  : uid=1000 system_server expire 9 lines
01-06 15:59:49.759  2949  4990 I chatty  : uid=1000(system) Binder:2949_13 expire 5 lines
01-06 15:59:49.760  2949  2964 I chatty  : uid=1000(system) Binder:2949_2 expire 1 line
01-06 15:59:49.769  2949  3800 I chatty  : uid=1000(system) Binder:2949_8 expire 3 lines
01-06 16:00:03.518  2949  6625 I chatty  : uid=1000(system) Binder:2949_1D expire 1 line
01-06 16:00:03.537  2949  3867 I chatty  : uid=1000(system) Binder:2949_9 expire 1 line
01-06 16:00:31.776  2949  7524 I chatty  : uid=1000(system) Binder:2949_20 expire 5 lines
01-06 16:00:34.818  2949  4064 I chatty  : uid=1000(system) LazyTaskWriterT expire 3 lines
01-06 16:00:42.624  2949  4601 I chatty  : uid=1000(system) Binder:2949_10 expire 3 lines
01-06 16:00:50.980  2949  2949 I chatty  : uid=1000 system_server expire 12 lines
01-06 16:01:16.727  2949  3800 I chatty  : uid=1000(system) Binder:2949_8 expire 3 lines
01-06 16:01:20.644  2949  3026 I chatty  : uid=1000(system) batterystats-wo expire 1 line
01-06 16:01:33.563  2949  4169 I chatty  : uid=1000(system) Binder:2949_A expire 5 lines
01-06 16:01:33.564  2949  3750 I chatty  : uid=1000(system) Binder:2949_6 expire 2 lines
01-06 16:01:33.564  2949  3701 I chatty  : uid=1000(system) Binder:2949_5 expire 1 line
01-06 16:01:33.565  2949  3453 I chatty  : uid=1000(system) ConnectivitySer expire 1 line
01-06 16:01:33.624  2949  2998 I chatty  : uid=1000(system) android.display expire 1 line
01-06 16:02:37.867  2949  4184 I chatty  : uid=1000(system) Binder:2949_E expire 1 line
01-06 16:02:37.870  2949  3014 I chatty  : uid=1000(system) ActivityManager expire 16 lines
01-06 16:02:39.575  2949  2949 I chatty  : uid=1000 system_server expire 7 lines
01-06 16:02:40.334  2949  5232 I chatty  : uid=1000(system) Binder:2949_17 expire 2 lines
01-06 16:02:40.336  2949  3453 I chatty  : uid=1000(system) ConnectivitySer expire 10 lines
01-06 16:02:40.516  2949  4169 I chatty  : uid=1000(system) Binder:2949_A expire 2 lines
01-06 16:02:40.672  2949  4184 I chatty  : uid=1000(system) Binder:2949_E expire 2 lines
01-06 16:02:40.676  2949  3750 I chatty  : uid=1000(system) Binder:2949_6 expire 4 lines
01-06 16:02:43.883  2949  7524 I chatty  : uid=1000(system) Binder:2949_20 expire 2 lines
01-06 16:02:43.884  2949  4991 I chatty  : uid=1000(system) Binder:2949_14 expire 1 line
01-06 16:02:43.884  2949  3701 I chatty  : uid=1000(system) Binder:2949_5 expire 1 line
01-06 16:02:43.885  2949  6863 I chatty  : uid=1000(system) Binder:2949_1E expire 1 line
01-06 16:02:43.885  2475  2511 E FrameworkListener: read() failed (Connection reset by peer)
01-06 16:02:59.253  2949  7524 I chatty  : uid=1000(system) Binder:2949_20 expire 4 lines
01-06 16:03:34.471  2949  3013 I chatty  : uid=1000(system) ActivityManager expire 2 lines
01-06 16:03:34.568  2949  3014 I chatty  : uid=1000(system) ActivityManager expire 13 lines
01-06 16:03:36.422  2949  2949 I chatty  : uid=1000 system_server expire 14 lines
01-06 16:03:36.536  2949  5232 I chatty  : uid=1000(system) Binder:2949_17 expire 8 lines
01-06 16:03:37.490  2949  4990 I chatty  : uid=1000(system) Binder:2949_13 expire 1 line
01-06 16:03:59.679  2805  2805 I wificond: Received external scan result notification from kernel.
01-06 16:04:46.938  2949  4604 I chatty  : uid=1000(system) Binder:2949_12 expire 3 lines
01-06 16:05:12.745  2949  2949 I chatty  : uid=1000 system_server expire 4 lines
01-06 16:05:20.468  2949  3750 I chatty  : uid=1000(system) Binder:2949_6 expire 3 lines
01-06 16:05:20.483  2949  3700 I chatty  : uid=1000(system) Binder:2949_4 expire 4 lines
01-06 16:05:20.542  2949  2963 I chatty  : uid=1000(system) Binder:2949_1 expire 2 lines
01-06 16:05:20.558  2949  3377 I chatty  : uid=1000(system) Binder:2949_3 expire 6 lines
01-06 16:05:20.861  2949  5998 I chatty  : uid=1000(system) Binder:2949_1C expire 1 line
01-06 16:05:20.862  2949  6871 I chatty  : uid=1000(system) Binder:2949_1F expire 1 line
01-06 16:05:20.868  2949  5212 I chatty  : uid=1000(system) Binder:2949_15 expire 1 line
01-06 16:05:20.891  2949  7524 I chatty  : uid=1000(system) Binder:2949_20 expire 16 lines
01-06 16:05:20.912  2949  3453 I chatty  : uid=1000(system) ConnectivitySer expire 3 lines
01-06 16:05:20.913  2949  7524 I chatty  : uid=1000(system) Binder:2949_20 expire 2 lines
01-06 16:05:21.112  2949  4169 I chatty  : uid=1000(system) Binder:2949_A expire 1 line
01-06 16:05:21.821  2949  2949 I chatty  : uid=1000 system_server expire 12 lines
01-06 16:05:22.870  2949  3012 I chatty  : uid=1000(system) android.bg expire 5 lines
01-06 16:05:22.925  2949  3014 I chatty  : uid=1000(system) ActivityManager expire 12 lines
01-06 16:05:22.927  2949  2996 I chatty  : uid=1000(system) android.ui expire 2 lines
01-06 16:05:22.982  2949  3013 I chatty  : uid=1000(system) ActivityManager expire 2 lines
01-06 16:05:23.015  2949  2995 I chatty  : uid=1000(system) android.fg expire 6 lines
01-06 16:05:23.309  2949  3014 I chatty  : uid=1000(system) ActivityManager expire 12 lines
01-06 16:05:23.569  2949  2949 I chatty  : uid=1000 system_server expire 4 lines
01-06 16:05:23.592  2949  2996 I chatty  : uid=1000(system) android.ui expire 4 lines
01-06 16:05:24.202  2949  4991 I chatty  : uid=1000(system) Binder:2949_14 expire 3 lines
01-06 16:05:25.357  2949  3013 I chatty  : uid=1000(system) ActivityManager expire 5 lines
01-06 16:05:26.434  2949  6625 I chatty  : uid=1000(system) Binder:2949_1D expire 7 lines
01-06 16:05:27.470  2949  4169 I chatty  : uid=1000(system) Binder:2949_A expire 1 line
01-06 16:05:29.608  2949  2963 I chatty  : uid=1000(system) Binder:2949_1 expire 1 line
01-06 16:05:29.637  2949  3453 I chatty  : uid=1000(system) ConnectivitySer expire 2 lines
01-06 16:05:30.057  2949  4603 I chatty  : uid=1000(system) Binder:2949_11 expire 2 lines
01-06 16:05:30.147  2949  5998 I chatty  : uid=1000(system) Binder:2949_1C expire 2 lines
01-06 16:05:32.230  2949  5232 I chatty  : uid=1000(system) Binder:2949_17 expire 3 lines
01-06 16:05:32.306  2949  2998 I chatty  : uid=1000(system) android.display expire 2 lines
01-06 16:05:32.333  2949  3014 I chatty  : uid=1000(system) ActivityManager expire 9 lines
01-06 16:05:32.348  2949  2996 I chatty  : uid=1000(system) android.ui expire 1 line
01-06 16:05:32.429  2949  5232 I chatty  : uid=1000(system) Binder:2949_17 expire 4 lines
01-06 16:05:32.472  2949  3013 I chatty  : uid=1000(system) ActivityManager expire 3 lines
01-06 16:05:32.485  2949  7524 I chatty  : uid=1000(system) Binder:2949_20 expire 4 lines
01-06 16:05:32.578  2949  6625 I chatty  : uid=1000(system) Binder:2949_1D expire 6 lines
01-06 16:05:32.648  2949  3453 I chatty  : uid=1000(system) ConnectivitySer expire 3 lines
01-06 16:05:33.206  2949  2949 I chatty  : uid=1000 system_server expire 8 lines
01-06 16:05:33.960  2949  3377 I chatty  : uid=1000(system) Binder:2949_3 expire 1 line
01-06 16:05:35.315  2949  4603 I chatty  : uid=1000(system) Binder:2949_11 expire 2 lines
01-06 16:05:35.322  2949  4064 I chatty  : uid=1000(system) LazyTaskWriterT expire 1 line
01-06 16:05:41.336  2949  4169 I chatty  : uid=1000(system) Binder:2949_A expire 4 lines
