01-06 17:09:07.820  2949  2949 I chatty  : uid=1000 system_server expire 9 lines
01-06 17:09:39.877  2949  5232 I chatty  : uid=1000(system) Binder:2949_17 expire 4 lines
01-06 17:10:43.903  2949  2949 W Looper  : Slow dispatch took 2004ms main h=android.os.Handler c=android.app.AlarmManager$ListenerWrapper@66d7e7c m=0
01-06 17:10:43.903  2949  2949 W Looper  : Slow delivery took 2003ms main h=com.android.server.AlarmManagerService$AlarmHandler c=null m=4
01-06 17:10:43.917  2949  2949 W Looper  : Drained
01-06 17:10:43.933  2949  5232 I AlarmManager: Change Wakeup Alarm type to non Wakeup type, current type=[2] packageName = androidstatsTag = *walarm*:*job.deadline* @26235634 and next wakeup alarm is @Tue Jan 06 22:57:14 GMT+03:00 2026
01-06 17:10:43.935  2949  5232 I AlarmManager: Change Wakeup Alarm type to non Wakeup type, current type=[2] packageName = androidstatsTag = *walarm*:*job.deadline* @24023761 and next wakeup alarm is @Tue Jan 06 22:57:14 GMT+03:00 2026
01-06 17:11:15.932  2949  2949 W Looper  : Slow dispatch took 2004ms main h=android.os.Handler c=android.app.AlarmManager$ListenerWrapper@66d7e7c m=0
01-06 17:11:15.932  2949  2949 W Looper  : Slow delivery took 2003ms main h=com.android.server.AlarmManagerService$AlarmHandler c=null m=4
01-06 17:11:15.947  2949  2949 W Looper  : Drained
01-06 17:11:15.963  2949  5232 I AlarmManager: Change Wakeup Alarm type to non Wakeup type, current type=[2] packageName = androidstatsTag = *walarm*:*job.deadline* @26235634 and next wakeup alarm is @Tue Jan 06 22:57:14 GMT+03:00 2026
01-06 17:11:15.964  2949  5232 I AlarmManager: Change Wakeup Alarm type to non Wakeup type, current type=[2] packageName = androidstatsTag = *walarm*:*job.deadline* @24055791 and next wakeup alarm is @Tue Jan 06 22:57:14 GMT+03:00 2026
01-06 17:11:43.715  2949  3012 I UsageStatsService: User[0] Flushing usage stats to disk
01-06 17:11:47.962  2949  2949 W Looper  : Slow dispatch took 2004ms main h=android.os.Handler c=android.app.AlarmManager$ListenerWrapper@66d7e7c m=0
01-06 17:11:47.962  2949  2949 W Looper  : Slow delivery took 2003ms main h=com.android.server.AlarmManagerService$AlarmHandler c=null m=4
01-06 17:11:47.976  2949  2949 W Looper  : Drained
01-06 17:11:47.992  2949  5232 I AlarmManager: Change Wakeup Alarm type to non Wakeup type, current type=[2] packageName = androidstatsTag = *walarm*:*job.deadline* @26235634 and next wakeup alarm is @Tue Jan 06 22:57:14 GMT+03:00 2026
01-06 17:11:47.994  2949  5232 I AlarmManager: Change Wakeup Alarm type to non Wakeup type, current type=[2] packageName = androidstatsTag = *walarm*:*job.deadline* @24087820 and next wakeup alarm is @Tue Jan 06 22:57:14 GMT+03:00 2026
01-06 17:12:19.991  2949  2949 W Looper  : Slow dispatch took 2004ms main h=android.os.Handler c=android.app.AlarmManager$ListenerWrapper@66d7e7c m=0
01-06 17:12:19.991  2949  2949 W Looper  : Slow delivery took 2003ms main h=com.android.server.AlarmManagerService$AlarmHandler c=null m=4
01-06 17:12:20.005  2949  2949 W Looper  : Drained
01-06 17:12:20.023  2949  3377 I AlarmManager: Change Wakeup Alarm type to non Wakeup type, current type=[2] packageName = androidstatsTag = *walarm*:*job.deadline* @26235634 and next wakeup alarm is @Tue Jan 06 22:57:14 GMT+03:00 2026
01-06 17:12:20.025  2949  3377 I AlarmManager: Change Wakeup Alarm type to non Wakeup type, current type=[2] packageName = androidstatsTag = *walarm*:*job.deadline* @24119851 and next wakeup alarm is @Tue Jan 06 22:57:14 GMT+03:00 2026
01-06 17:12:52.022  2949  2949 W Looper  : Slow dispatch took 2004ms main h=android.os.Handler c=android.app.AlarmManager$ListenerWrapper@66d7e7c m=0
01-06 17:12:52.022  2949  2949 W Looper  : Slow delivery took 2003ms main h=com.android.server.AlarmManagerService$AlarmHandler c=null m=4
01-06 17:12:52.036  2949  2949 W Looper  : Drained
01-06 17:12:52.053  2949  3377 I AlarmManager: Change Wakeup Alarm type to non Wakeup type, current type=[2] packageName = androidstatsTag = *walarm*:*job.deadline* @26235634 and next wakeup alarm is @Tue Jan 06 22:57:14 GMT+03:00 2026
01-06 17:12:52.055  2949  3377 I AlarmManager: Change Wakeup Alarm type to non Wakeup type, current type=[2] packageName = androidstatsTag = *walarm*:*job.deadline* @24151881 and next wakeup alarm is @Tue Jan 06 22:57:14 GMT+03:00 2026
01-06 17:13:24.052  2949  2949 W Looper  : Slow dispatch took 2004ms main h=android.os.Handler c=android.app.AlarmManager$ListenerWrapper@66d7e7c m=0
01-06 17:13:24.053  2949  2949 W Looper  : Slow delivery took 2003ms main h=com.android.server.AlarmManagerService$AlarmHandler c=null m=4
01-06 17:13:24.067  2949  2949 W Looper  : Drained
01-06 17:13:24.084  2949  5232 I AlarmManager: Change Wakeup Alarm type to non Wakeup type, current type=[2] packageName = androidstatsTag = *walarm*:*job.deadline* @26235634 and next wakeup alarm is @Tue Jan 06 22:57:14 GMT+03:00 2026
01-06 17:13:24.085  2949  5232 I AlarmManager: Change Wakeup Alarm type to non Wakeup type, current type=[2] packageName = androidstatsTag = *walarm*:*job.deadline* @24183911 and next wakeup alarm is @Tue Jan 06 22:57:14 GMT+03:00 2026
01-06 17:13:56.082  2949  2949 W Looper  : Slow dispatch took 2004ms main h=android.os.Handler c=android.app.AlarmManager$ListenerWrapper@66d7e7c m=0
01-06 17:13:56.082  2949  2949 W Looper  : Slow delivery took 2003ms main h=com.android.server.AlarmManagerService$AlarmHandler c=null m=4
01-06 17:13:56.096  2949  2949 W Looper  : Drained
01-06 17:13:56.113  2949  3377 I AlarmManager: Change Wakeup Alarm type to non Wakeup type, current type=[2] packageName = androidstatsTag = *walarm*:*job.deadline* @26235634 and next wakeup alarm is @Tue Jan 06 22:57:14 GMT+03:00 2026
01-06 17:13:56.114  2949  3377 I AlarmManager: Change Wakeup Alarm type to non Wakeup type, current type=[2] packageName = androidstatsTag = *walarm*:*job.deadline* @24215941 and next wakeup alarm is @Tue Jan 06 22:57:14 GMT+03:00 2026
01-06 17:13:59.651  2805  2805 I wificond: Received external scan result notification from kernel.
01-06 17:14:48.142  2949  2949 W Looper  : Slow dispatch took 2004ms main h=android.os.Handler c=android.app.AlarmManager$ListenerWrapper@66d7e7c m=0
01-06 17:14:48.142  2949  2949 W Looper  : Slow delivery took 2003ms main h=com.android.server.AlarmManagerService$AlarmHandler c=null m=4
01-06 17:14:48.157  2949  2949 W Looper  : Drained
01-06 17:14:48.174  2949  5998 I AlarmManager: Change Wakeup Alarm type to non Wakeup type, current type=[2] packageName = androidstatsTag = *walarm*:*job.deadline* @26235634 and next wakeup alarm is @Tue Jan 06 22:57:14 GMT+03:00 2026
01-06 17:14:48.175  2949  5998 I AlarmManager: Change Wakeup Alarm type to non Wakeup type, current type=[2] packageName = androidstatsTag = *walarm*:*job.deadline* @24268002 and next wakeup alarm is @Tue Jan 06 22:57:14 GMT+03:00 2026
01-06 17:15:20.173  2949  2949 W Looper  : Slow dispatch took 2004ms main h=android.os.Handler c=android.app.AlarmManager$ListenerWrapper@66d7e7c m=0
01-06 17:15:20.173  2949  2949 W Looper  : Slow delivery took 2003ms main h=com.android.server.AlarmManagerService$AlarmHandler c=null m=4
01-06 17:15:20.188  2949  2949 W Looper  : Drained
01-06 17:15:20.205  2949  4183 I AlarmManager: Change Wakeup Alarm type to non Wakeup type, current type=[2] packageName = androidstatsTag = *walarm*:*job.deadline* @26235634 and next wakeup alarm is @Tue Jan 06 22:57:14 GMT+03:00 2026
01-06 17:15:20.207  2949  4183 I AlarmManager: Change Wakeup Alarm type to non Wakeup type, current type=[2] packageName = androidstatsTag = *walarm*:*job.deadline* @24300033 and next wakeup alarm is @Tue Jan 06 22:57:14 GMT+03:00 2026
01-06 17:15:52.205  2949  2949 W Looper  : Slow dispatch took 2005ms main h=android.os.Handler c=android.app.AlarmManager$ListenerWrapper@66d7e7c m=0
01-06 17:15:52.205  2949  2949 W Looper  : Slow delivery took 2004ms main h=com.android.server.AlarmManagerService$AlarmHandler c=null m=4
01-06 17:15:52.220  2949  2949 W Looper  : Drained
01-06 17:15:52.238  2949  5998 I AlarmManager: Change Wakeup Alarm type to non Wakeup type, current type=[2] packageName = androidstatsTag = *walarm*:*job.deadline* @26235634 and next wakeup alarm is @Tue Jan 06 22:57:14 GMT+03:00 2026
01-06 17:15:52.240  2949  5998 I AlarmManager: Change Wakeup Alarm type to non Wakeup type, current type=[2] packageName = androidstatsTag = *walarm*:*job.deadline* @24332066 and next wakeup alarm is @Tue Jan 06 22:57:14 GMT+03:00 2026
01-06 17:16:24.237  2949  2949 W Looper  : Slow dispatch took 2004ms main h=android.os.Handler c=android.app.AlarmManager$ListenerWrapper@66d7e7c m=0
01-06 17:16:24.237  2949  2949 W Looper  : Slow delivery took 2003ms main h=com.android.server.AlarmManagerService$AlarmHandler c=null m=4
01-06 17:16:24.251  2949  2949 W Looper  : Drained
01-06 17:16:24.268  2949  5226 I AlarmManager: Change Wakeup Alarm type to non Wakeup type, current type=[2] packageName = androidstatsTag = *walarm*:*job.deadline* @26235634 and next wakeup alarm is @Tue Jan 06 22:57:14 GMT+03:00 2026
01-06 17:16:24.270  2949  5226 I AlarmManager: Change Wakeup Alarm type to non Wakeup type, current type=[2] packageName = androidstatsTag = *walarm*:*job.deadline* @24364096 and next wakeup alarm is @Tue Jan 06 22:57:14 GMT+03:00 2026
01-06 17:16:56.267  2949  2949 W Looper  : Slow dispatch took 2004ms main h=android.os.Handler c=android.app.AlarmManager$ListenerWrapper@66d7e7c m=0
01-06 17:16:56.268  2949  2949 W Looper  : Slow delivery took 2003ms main h=com.android.server.AlarmManagerService$AlarmHandler c=null m=4
01-06 17:16:56.281  2949  2949 W Looper  : Drained
01-06 17:16:56.297  2949  4603 I AlarmManager: Change Wakeup Alarm type to non Wakeup type, current type=[2] packageName = androidstatsTag = *walarm*:*job.deadline* @26235634 and next wakeup alarm is @Tue Jan 06 22:57:14 GMT+03:00 2026
01-06 17:16:56.299  2949  4603 I AlarmManager: Change Wakeup Alarm type to non Wakeup type, current type=[2] packageName = androidstatsTag = *walarm*:*job.deadline* @24396125 and next wakeup alarm is @Tue Jan 06 22:57:14 GMT+03:00 2026
01-06 17:17:28.296  2949  2949 W Looper  : Slow dispatch took 2003ms main h=android.os.Handler c=android.app.AlarmManager$ListenerWrapper@66d7e7c m=0
01-06 17:17:28.296  2949  2949 W Looper  : Slow delivery took 2003ms main h=com.android.server.AlarmManagerService$AlarmHandler c=null m=4
01-06 17:17:28.306  2949  2949 W Looper  : Drained
01-06 17:17:28.320  2949  4603 I AlarmManager: Change Wakeup Alarm type to non Wakeup type, current type=[2] packageName = androidstatsTag = *walarm*:*job.deadline* @26235634 and next wakeup alarm is @Tue Jan 06 22:57:14 GMT+03:00 2026
01-06 17:17:28.321  2949  4603 I AlarmManager: Change Wakeup Alarm type to non Wakeup type, current type=[2] packageName = androidstatsTag = *walarm*:*job.deadline* @24428149 and next wakeup alarm is @Tue Jan 06 22:57:14 GMT+03:00 2026
01-06 17:17:55.569  2949  3406 W RuleEvaluation: Integrity rule files are not available.
01-06 17:17:55.569  2949  3220 I PackageManager: Integrity check passed for file:///data/app/vmdl343500405.tmp
01-06 17:17:55.602  2949  3013 I ActivityManager: Force stopping com.bingetv.app appid=10108 user=-1: installPackageLI
01-06 17:17:55.604  2949  3013 I ActivityManager: Killing 751:com.bingetv.app/u0a108 (adj 0): stop com.bingetv.app due to installPackageLI
01-06 17:17:55.609  2949  3013 W ActivityTaskManager: Force removing ActivityRecord{3c8beae u0 com.bingetv.app/.ui.main.EnhancedMainActivity t21003 f}}: app died, no saved state
01-06 17:17:55.617  2949  3220 I PackageManager: Update package com.bingetv.app code path from /data/app/~~qswdGMft4yuR9oH9nAFZjQ==/com.bingetv.app-pjUjluodKH6nVlM3ch8A0A== to /data/app/~~jkc7eKuFPwdrhrdcwoObig==/com.bingetv.app-2THSstkTY8qI906cmwj0eA==; Retain data and using new
01-06 17:17:55.617  2949  3220 I PackageManager: Update package com.bingetv.app resource path from /data/app/~~qswdGMft4yuR9oH9nAFZjQ==/com.bingetv.app-pjUjluodKH6nVlM3ch8A0A== to /data/app/~~jkc7eKuFPwdrhrdcwoObig==/com.bingetv.app-2THSstkTY8qI906cmwj0eA==; Retain data and using new
01-06 17:17:55.635  2949  3220 D CompatibilityChangeReporter: Compat change id reported: 135549675; UID 10108; state: ENABLED
01-06 17:17:55.640  2949  3220 I PackageManager: Permission ownership changed. Updating all permissions.
01-06 17:17:55.663  2949  4183 D ConnectivityService: ConnectivityService NetworkRequestInfo binderDied(NetworkRequest [ TRACK_DEFAULT id=324, [ Capabilities: INTERNET&NOT_RESTRICTED&TRUSTED Uid: 10108 AdministratorUids: [] RequestorUid: 10108 RequestorPackageName: com.bingetv.app] ], android.os.BinderProxy@2005bbc)
01-06 17:17:55.663  2949  3453 D ConnectivityService: releasing NetworkRequest [ TRACK_DEFAULT id=324, [ Capabilities: INTERNET&NOT_RESTRICTED&TRUSTED Uid: 10108 AdministratorUids: [] RequestorUid: 10108 RequestorPackageName: com.bingetv.app] ] (release request)
01-06 17:17:55.792  2949  3220 W PackageSettings: Skipping PackageSetting{234c113 com.ytvplayer.yacinetv/10077} due to missing metadata
01-06 17:17:55.828  2949  2996 W Looper  : Slow dispatch took 225ms android.ui h=com.android.server.am.ActivityManagerService$UiHandler c=null m=53
01-06 17:17:55.828  2949  2996 W Looper  : Slow delivery took 220ms android.ui h=com.android.server.am.ActivityManagerService$UiHandler c=null m=32
01-06 17:17:55.828  2949  2996 W Looper  : Drained
01-06 17:17:55.839  2949  2998 D CompatibilityChangeReporter: Compat change id reported: 135634846; UID 10013; state: DISABLED
01-06 17:17:55.839  2949  2998 W ActivityManager: setHasOverlayUi called on unknown pid: 751
01-06 17:17:55.839  2949  3014 D CompatibilityChangeReporter: Compat change id reported: 143937733; UID 10013; state: ENABLED
01-06 17:17:55.873  2949  3014 I ActivityManager: Start proc 1344:com.google.android.tvlauncher/u0a13 for top-activity {com.google.android.tvlauncher/com.google.android.tvlauncher.MainActivity}
01-06 17:17:55.910  2949  6871 W OomAdjuster: Fallback pre-set sched group to default: not expected top priority
01-06 17:17:56.220  2949  4604 D CompatibilityChangeReporter: Compat change id reported: 136274596; UID 10013; state: ENABLED
01-06 17:17:56.273  2949  4604 D CompatibilityChangeReporter: Compat change id reported: 135634846; UID 10016; state: DISABLED
01-06 17:17:56.274  2949  3014 D CompatibilityChangeReporter: Compat change id reported: 143937733; UID 10016; state: ENABLED
01-06 17:17:56.311  2949  3014 I ActivityManager: Start proc 1380:com.google.process.gservices/u0a16 for content provider {com.google.android.gsf/com.google.android.gsf.gservices.GservicesProvider}
01-06 17:17:56.704  3651  4916 W ContextImpl: Calling a method in the system process without a qualified user: android.app.ContextImpl.bindService:1748 android.content.ContextWrapper.bindService:756 com.mediatek.wwtv.tvrecommendation.util.ChannelQueryClient.<init>:30 com.mediatek.wwtv.tvrecommendation.util.ChannelQueryClient.getInstance:92 com.mediatek.wwtv.tvrecommendation.RecommendedChannelsThread.bindQueryChannelService:711 
01-06 17:17:56.707  2949  3867 D CompatibilityChangeReporter: Compat change id reported: 135634846; UID 1000; state: DISABLED
01-06 17:17:56.738  2949  3014 I ActivityManager: Start proc 1401:com.mediatek.wwtv.tvcenter/1000 for service {com.mediatek.wwtv.tvcenter/com.mediatek.wwtv.tvcenter.nav.HomeChannelService}
01-06 17:17:57.267  2949  3867 D CompatibilityChangeReporter: Compat change id reported: 136219221; UID 1000; state: DISABLED
01-06 17:18:00.016  2949  4064 E TaskPersister: File error accessing recents directory (directory doesn't exist?).
01-06 17:18:00.184  2949  4604 I ActivityManager: Killing 1201:com.google.android.gms/u0a16 (adj 915): 45283k from cached
01-06 17:18:00.284  2949  4183 W ActivityManager: Scheduling restart of crashed service com.google.android.gms/.chimera.GmsApiService in 1000ms for connection
01-06 17:18:00.284  2949  4183 W ActivityManager: Scheduling restart of crashed service com.google.android.gms/.chimera.GmsBoundBrokerService in 11000ms for connection
01-06 17:18:00.284  2949  4183 W ActivityManager: Scheduling restart of crashed service com.google.android.gms/.chimera.GmsInternalApiService in 21000ms for connection
01-06 17:18:00.328  2949  2949 W Looper  : Slow dispatch took 2012ms main h=android.os.Handler c=android.app.AlarmManager$ListenerWrapper@66d7e7c m=0
01-06 17:18:00.328  2949  2949 W Looper  : Slow delivery took 2012ms main h=com.android.server.AlarmManagerService$AlarmHandler c=null m=4
01-06 17:18:00.378  2949  2949 W Looper  : Drained
01-06 17:18:00.432  2949  3799 I AlarmManager: Change Wakeup Alarm type to non Wakeup type, current type=[2] packageName = androidstatsTag = *walarm*:*job.deadline* @26235634 and next wakeup alarm is @Tue Jan 06 22:57:14 GMT+03:00 2026
01-06 17:18:00.434  2949  3799 I AlarmManager: Change Wakeup Alarm type to non Wakeup type, current type=[2] packageName = androidstatsTag = *walarm*:*job.deadline* @24460256 and next wakeup alarm is @Tue Jan 06 22:57:14 GMT+03:00 2026
01-06 17:18:00.530  2949  4991 D ConnectivityService: requestNetwork for uid/pid:10013/1344 NetworkRequest [ TRACK_DEFAULT id=325, [ Capabilities: INTERNET&NOT_RESTRICTED&TRUSTED Uid: 10013 AdministratorUids: [] RequestorUid: 10013 RequestorPackageName: com.google.android.tvlauncher] ]
01-06 17:18:00.532  2949  3453 D ConnectivityService: NetReassign [325 : null → 101]
01-06 17:18:00.623  2949  7524 D CompatibilityChangeReporter: Compat change id reported: 135634846; UID 1000; state: DISABLED
01-06 17:18:00.667  2949  3014 I ActivityManager: Start proc 1486:com.google.android.leanbacklauncher.partnercustomizer/1000 for content provider {com.google.android.leanbacklauncher.partnercustomizer/com.google.android.leanbacklauncher.partnercustomizer.ConfigurationProvider}
01-06 17:18:00.804  2949  3799 D CompatibilityChangeReporter: Compat change id reported: 136219221; UID 1000; state: DISABLED
01-06 17:18:01.027  2949  2949 W Looper  : Slow dispatch took 492ms main h=android.os.Handler c=com.android.server.hdmi.HdmiControlService$4@2f70b94 m=0
01-06 17:18:01.028  2949  2949 W Looper  : Slow delivery took 367ms main h=com.android.server.job.JobSchedulerService$JobHandler c=null m=4
01-06 17:18:01.036  2949  2949 W Looper  : Drained
01-06 17:18:01.291  2949  3013 D CompatibilityChangeReporter: Compat change id reported: 135634846; UID 10016; state: DISABLED
01-06 17:18:01.292  2949  3014 D CompatibilityChangeReporter: Compat change id reported: 143937733; UID 10016; state: ENABLED
01-06 17:18:01.321  2949  3014 I ActivityManager: Start proc 1533:com.google.android.gms/u0a16 for service {com.google.android.gms/com.google.android.gms.chimera.GmsApiService}
01-06 17:18:03.489  2949  7524 I AlarmManager: Change Wakeup Alarm type to non Wakeup type, current type=[2] packageName = com.google.android.gmsstatsTag = *walarm*:com.google.android.gms.gcm.HEARTBEAT_ALARM @25663320 and next wakeup alarm is @Tue Jan 06 22:57:14 GMT+03:00 2026
01-06 17:18:03.605  2949  2964 I AlarmManager: Change Wakeup Alarm type to non Wakeup type, current type=[2] packageName = com.google.android.gmsstatsTag = *walarm*:com.google.android.gms.gcm.HEARTBEAT_ALARM @25663437 and next wakeup alarm is @Tue Jan 06 22:57:14 GMT+03:00 2026
01-06 17:18:07.178  2949  3220 I ActivityManager: Force stopping com.bingetv.app appid=10108 user=0: pkg removed
01-06 17:18:07.206  2949  3013 W BroadcastQueue: Background execution not allowed: receiving Intent { act=android.intent.action.PACKAGE_REMOVED dat=package:com.bingetv.app flg=0x4000010 (has extras) } to com.android.vending/com.google.android.finsky.packagemonitor.impl.PackageMonitorReceiverImpl$RegisteredReceiver
01-06 17:18:07.220  2949  3013 W BroadcastQueue: Background execution not allowed: receiving Intent { act=android.intent.action.PACKAGE_REMOVED dat=package:com.bingetv.app flg=0x4000010 (has extras) } to com.android.vending/com.google.android.finsky.packagemonitor.backgroundimpl.BackgroundPackageMonitorReceiverImpl$RegisteredReceiver
01-06 17:18:07.231  2949  3013 W BroadcastQueue: Background execution not allowed: receiving Intent { act=android.intent.action.PACKAGE_REMOVED dat=package:com.bingetv.app flg=0x4000010 (has extras) } to com.android.vending/com.google.android.finsky.instantapps.appmanagement.InstantAppRemoveMonitor
01-06 17:18:07.233  2949  3013 W BroadcastQueue: Background execution not allowed: receiving Intent { act=android.intent.action.PACKAGE_REMOVED dat=package:com.bingetv.app flg=0x4000010 (has extras) } to com.google.android.gms/.chimera.GmsIntentOperationService$PersistentTrustedReceiver
01-06 17:18:07.234  2949  3013 W BroadcastQueue: Background execution not allowed: receiving Intent { act=android.intent.action.PACKAGE_REMOVED dat=package:com.bingetv.app flg=0x4000010 (has extras) } to com.google.android.leanbacklauncher.partnercustomizer/.PartnerReceiver
01-06 17:18:07.234  2949  3013 W BroadcastQueue: Background execution not allowed: receiving Intent { act=android.intent.action.PACKAGE_REMOVED dat=package:com.bingetv.app flg=0x4000010 (has extras) } to com.mediatek.wwtv.setupwizard/.PartnerReceiver
01-06 17:18:07.239  2949  4603 I AlarmManager: Change Wakeup Alarm type to non Wakeup type, current type=[3] packageName = com.google.android.gmsstatsTag = *alarm*:com.google.android.chimera.container.IntentOperationService.SAVED_INTENT @315384407069 and next wakeup alarm is @Tue Jan 06 22:57:14 GMT+03:00 2026
01-06 17:18:07.242  2949  2949 D CompatibilityChangeReporter: Compat change id reported: 135634846; UID 1000; state: DISABLED
01-06 17:18:07.278  2949  3013 W BroadcastQueue: Background execution not allowed: receiving Intent { act=android.intent.action.PACKAGE_ADDED dat=package:com.bingetv.app flg=0x4000010 (has extras) } to com.google.android.packageinstaller/com.android.packageinstaller.PackageInstalledReceiver
01-06 17:18:07.281  2949  3013 W BroadcastQueue: Background execution not allowed: receiving Intent { act=android.intent.action.PACKAGE_ADDED dat=package:com.bingetv.app flg=0x4000010 (has extras) } to com.android.vending/com.google.android.finsky.packagemonitor.impl.PackageMonitorReceiverImpl$RegisteredReceiver
01-06 17:18:07.282  2949  3013 W BroadcastQueue: Background execution not allowed: receiving Intent { act=android.intent.action.PACKAGE_ADDED dat=package:com.bingetv.app flg=0x4000010 (has extras) } to com.android.vending/com.google.android.finsky.packagemonitor.backgroundimpl.BackgroundPackageMonitorReceiverImpl$RegisteredReceiver
01-06 17:18:07.282  2949  3013 W BroadcastQueue: Background execution not allowed: receiving Intent { act=android.intent.action.PACKAGE_ADDED dat=package:com.bingetv.app flg=0x4000010 (has extras) } to com.google.android.gms/.chimera.GmsIntentOperationService$PersistentTrustedReceiver
01-06 17:18:07.282  2949  3013 W BroadcastQueue: Background execution not allowed: receiving Intent { act=android.intent.action.PACKAGE_ADDED dat=package:com.bingetv.app flg=0x4000010 (has extras) } to com.google.android.gms/.gass.chimera.PackageChangeBroadcastReceiver
01-06 17:18:07.282  2949  3013 W BroadcastQueue: Background execution not allowed: receiving Intent { act=android.intent.action.PACKAGE_ADDED dat=package:com.bingetv.app flg=0x4000010 (has extras) } to com.google.android.leanbacklauncher.partnercustomizer/.PartnerReceiver
01-06 17:18:07.282  2949  3013 W BroadcastQueue: Background execution not allowed: receiving Intent { act=android.intent.action.PACKAGE_ADDED dat=package:com.bingetv.app flg=0x4000010 (has extras) } to com.mediatek.wwtv.setupwizard/.PartnerReceiver
01-06 17:18:07.300  2949  3013 D CompatibilityChangeReporter: Compat change id reported: 135634846; UID 10017; state: DISABLED
01-06 17:18:07.315  2949  3014 W ActivityManager: Slow operation: 75ms so far, now at startProcess: returned from zygote!
01-06 17:18:07.329  2949  3014 W ActivityManager: Slow operation: 89ms so far, now at startProcess: done updating battery stats
01-06 17:18:07.329  2949  3014 W ActivityManager: Slow operation: 90ms so far, now at startProcess: building log message
01-06 17:18:07.329  2949  3014 I ActivityManager: Start proc 1613:com.android.keychain/1000 for service {com.android.keychain/com.android.keychain.KeyChainService}
01-06 17:18:07.329  2949  3014 W ActivityManager: Slow operation: 90ms so far, now at startProcess: starting to update pids map
01-06 17:18:07.330  2949  3014 W ActivityManager: Slow operation: 90ms so far, now at startProcess: done updating pids map
01-06 17:18:07.330  2949  3014 D CompatibilityChangeReporter: Compat change id reported: 143937733; UID 10017; state: ENABLED
01-06 17:18:07.333  2949  5226 I AlarmManager: Change Wakeup Alarm type to non Wakeup type, current type=[3] packageName = com.google.android.gmsstatsTag = *alarm*:com.google.android.chimera.container.IntentOperationService.SAVED_INTENT @315384407160 and next wakeup alarm is @Tue Jan 06 22:57:14 GMT+03:00 2026
01-06 17:18:07.366  2949  3014 W ActivityManager: Slow operation: 70ms so far, now at startProcess: returned from zygote!
01-06 17:18:07.408  2949  3014 W ActivityManager: Slow operation: 112ms so far, now at startProcess: done updating battery stats
01-06 17:18:07.412  2949  3014 W ActivityManager: Slow operation: 116ms so far, now at startProcess: building log message
01-06 17:18:07.412  2949  3014 I ActivityManager: Start proc 1636:com.android.vending/u0a17 for broadcast {com.android.vending/com.google.android.finsky.packagemonitor.impl.PackageMonitorReceiverImpl$RegisteredReceiver}
01-06 17:18:07.412  2949  3014 W ActivityManager: Slow operation: 116ms so far, now at startProcess: starting to update pids map
01-06 17:18:07.415  2949  3014 W ActivityManager: Slow operation: 118ms so far, now at startProcess: done updating pids map
01-06 17:18:07.503  2949  2949 W Looper  : Slow dispatch took 121ms main h=android.app.ActivityThread$H c=android.app.-$$Lambda$LoadedApk$ReceiverDispatcher$Args$_BumDX2UKsnxLVrE6UJsJZkotuA@ca30950 m=0
01-06 17:18:07.503  2949  2949 W Looper  : Slow delivery took 286ms main h=android.app.ActivityThread$H c=android.app.-$$Lambda$LoadedApk$ReceiverDispatcher$Args$_BumDX2UKsnxLVrE6UJsJZkotuA@2218749 m=0
01-06 17:18:07.646  2949  2949 V BackupManagerConstants: getFullBackupIntervalMilliseconds(...) returns 86400000
01-06 17:18:07.646  2949  2949 V BackupManagerConstants: getFullBackupRequiredNetworkType(...) returns 2
01-06 17:18:07.657  2949  2949 V BackupManagerConstants: getFullBackupRequireCharging(...) returns true
01-06 17:18:07.764  2949  2949 W Looper  : Drained
01-06 17:18:07.773  2949  6625 I ActivityTaskManager: START u0 {flg=0x10000000 cmp=com.bingetv.app/.ui.splash.SplashActivity} from uid 2000
01-06 17:18:07.863  2949  3012 W TextServicesManagerService: no available spell checker services found
01-06 17:18:07.957  2949  2998 D CompatibilityChangeReporter: Compat change id reported: 135634846; UID 10108; state: DISABLED
01-06 17:18:07.959  2949  3014 D CompatibilityChangeReporter: Compat change id reported: 143937733; UID 10108; state: ENABLED
01-06 17:18:08.018  2949  3014 W ActivityManager: Slow operation: 62ms so far, now at startProcess: returned from zygote!
01-06 17:18:08.026  2949  3014 W ActivityManager: Slow operation: 70ms so far, now at startProcess: done updating battery stats
01-06 17:18:08.026  2949  3014 W ActivityManager: Slow operation: 70ms so far, now at startProcess: building log message
01-06 17:18:08.026  2949  3014 I ActivityManager: Start proc 1677:com.bingetv.app/u0a108 for pre-top-activity {com.bingetv.app/com.bingetv.app.ui.splash.SplashActivity}
01-06 17:18:08.026  2949  3014 W ActivityManager: Slow operation: 70ms so far, now at startProcess: starting to update pids map
01-06 17:18:08.027  2949  3014 W ActivityManager: Slow operation: 71ms so far, now at startProcess: done updating pids map
01-06 17:18:08.030  2949  2998 D CompatibilityChangeReporter: Compat change id reported: 136219221; UID 1000; state: DISABLED
01-06 17:18:08.070  2949  5226 W OomAdjuster: Fallback pre-set sched group to default: not expected top priority
01-06 17:18:09.721  2949  4603 D CompatibilityChangeReporter: Compat change id reported: 135634846; UID 10017; state: DISABLED
01-06 17:18:09.722  2949  3014 D CompatibilityChangeReporter: Compat change id reported: 143937733; UID 10017; state: ENABLED
01-06 17:18:09.806  2949  3014 W ActivityManager: Slow operation: 88ms so far, now at startProcess: returned from zygote!
01-06 17:18:09.808  2949  3014 W ActivityManager: Slow operation: 91ms so far, now at startProcess: done updating battery stats
01-06 17:18:09.809  2949  3014 W ActivityManager: Slow operation: 92ms so far, now at startProcess: building log message
01-06 17:18:09.810  2949  3014 I ActivityManager: Start proc 1759:com.android.vending:background/u0a17 for broadcast {com.android.vending/com.google.android.finsky.packagemonitor.backgroundimpl.BackgroundPackageMonitorReceiverImpl$RegisteredReceiver}
01-06 17:18:09.810  2949  3014 W ActivityManager: Slow operation: 92ms so far, now at startProcess: starting to update pids map
01-06 17:18:09.812  2949  3014 W ActivityManager: Slow operation: 95ms so far, now at startProcess: done updating pids map
01-06 17:18:10.337  2949  5226 I ActivityTaskManager: START u0 {cmp=com.bingetv.app/.ui.main.EnhancedMainActivity} from uid 10108
01-06 17:18:10.395  2949  5226 W ActivityTaskManager: Tried to set launchTime (0) < mLastActivityLaunchTime (24407935)
01-06 17:18:11.334  2949  6871 W BroadcastQueue: Background execution not allowed: receiving Intent { act=android.intent.action.PACKAGE_REPLACED dat=package:com.bingetv.app flg=0x4000010 (has extras) } to com.google.android.gms/.chimera.GmsIntentOperationService$PersistentTrustedReceiver
01-06 17:18:11.355  2949  3013 W BroadcastQueue: Background execution not allowed: receiving Intent { act=android.intent.action.PACKAGE_REPLACED dat=package:com.bingetv.app flg=0x4000010 (has extras) } to com.google.android.gms/.gass.chimera.PackageChangeBroadcastReceiver
01-06 17:18:12.059  2949  6625 D ConnectivityService: requestNetwork for uid/pid:10017/1759 NetworkRequest [ TRACK_DEFAULT id=326, [ Capabilities: INTERNET&NOT_RESTRICTED&TRUSTED Uid: 10017 AdministratorUids: [] RequestorUid: 10017 RequestorPackageName: com.android.vending] ]
01-06 17:18:12.067  2949  3453 D ConnectivityService: NetReassign [326 : null → 101]
01-06 17:18:12.216  2949  4064 E TaskPersister: File error accessing recents directory (directory doesn't exist?).
01-06 17:18:12.344  2949  6871 D ConnectivityService: requestNetwork for uid/pid:10017/1759 NetworkRequest [ TRACK_DEFAULT id=327, [ Capabilities: INTERNET&NOT_RESTRICTED&TRUSTED Uid: 10017 AdministratorUids: [] RequestorUid: 10017 RequestorPackageName: com.android.vending] ]
01-06 17:18:12.348  2949  3453 D ConnectivityService: NetReassign [327 : null → 101]
01-06 17:18:12.389  2949  3453 D ConnectivityService: NetReassign [no changes]
01-06 17:18:14.311  2949  6625 D CompatibilityChangeReporter: Compat change id reported: 135634846; UID 10021; state: DISABLED
01-06 17:18:14.313  2949  3014 D CompatibilityChangeReporter: Compat change id reported: 143937733; UID 10021; state: ENABLED
01-06 17:18:14.355  2949  3014 W ActivityManager: Slow operation: 51ms so far, now at startProcess: returned from zygote!
01-06 17:18:14.366  2949  3014 W ActivityManager: Slow operation: 62ms so far, now at startProcess: done updating battery stats
01-06 17:18:14.367  2949  3014 W ActivityManager: Slow operation: 62ms so far, now at startProcess: building log message
01-06 17:18:14.367  2949  3014 I ActivityManager: Start proc 1874:android.process.acore/u0a21 for content provider {com.android.providers.contacts/com.android.providers.contacts.ContactsProvider2}
01-06 17:18:14.367  2949  3014 W ActivityManager: Slow operation: 62ms so far, now at startProcess: starting to update pids map
01-06 17:18:14.370  2949  3014 W ActivityManager: Slow operation: 65ms so far, now at startProcess: done updating pids map
01-06 17:18:14.486  2949  4603 D ConnectivityService: requestNetwork for uid/pid:10017/1636 NetworkRequest [ TRACK_DEFAULT id=329, [ Capabilities: INTERNET&NOT_RESTRICTED&TRUSTED Uid: 10017 AdministratorUids: [] RequestorUid: 10017 RequestorPackageName: com.android.vending] ]
01-06 17:18:14.486  2949  3453 D ConnectivityService: NetReassign [329 : null → 101]
01-06 17:18:14.501  2949  3453 D ConnectivityService: NetReassign [no changes]
01-06 17:18:14.753  2949  5226 D CountryDetector: The first listener is added
01-06 17:18:14.768  1874  1874 D ActivityThread: Loading provider contacts;com.android.contacts: com.android.providers.contacts.ContactsProvider2
01-06 17:18:15.624  2949  4064 E TaskPersister: File error accessing recents directory (directory doesn't exist?).
01-06 17:18:16.838  2949  6625 D ConnectivityService: requestNetwork for uid/pid:10108/1677 NetworkRequest [ TRACK_DEFAULT id=331, [ Capabilities: INTERNET&NOT_RESTRICTED&TRUSTED Uid: 10108 AdministratorUids: [] RequestorUid: 10108 RequestorPackageName: com.bingetv.app] ]
01-06 17:18:16.838  2949  3453 D ConnectivityService: NetReassign [331 : null → 101]
01-06 17:18:18.970  2949  4603 D CompatibilityChangeReporter: Compat change id reported: 135634846; UID 10016; state: DISABLED
01-06 17:18:18.971  2949  3014 D CompatibilityChangeReporter: Compat change id reported: 143937733; UID 10016; state: ENABLED
01-06 17:18:18.994  2949  3014 I ActivityManager: Start proc 1938:com.google.process.gapps/u0a16 for content provider {com.google.android.gsf/com.google.android.gsf.settings.GoogleSettingsProvider}
01-06 17:18:26.996  2949  2949 W Looper  : Slow dispatch took 2007ms main h=android.os.Handler c=android.app.AlarmManager$ListenerWrapper@66d7e7c m=0
01-06 17:18:26.996  2949  2949 W Looper  : Slow delivery took 2001ms main h=com.android.server.AlarmManagerService$AlarmHandler c=null m=4
01-06 17:18:27.016  2949  2949 W Looper  : Drained
01-06 17:18:29.422  2949  4603 D ConnectivityService: requestNetwork for uid/pid:10017/1759 NetworkRequest [ TRACK_DEFAULT id=332, [ Capabilities: INTERNET&NOT_RESTRICTED&TRUSTED Uid: 10017 AdministratorUids: [] RequestorUid: 10017 RequestorPackageName: com.android.vending] ]
01-06 17:18:29.423  2949  3453 D ConnectivityService: NetReassign [332 : null → 101]
--------- beginning of main
01-06 17:18:31.430  4782  4782 W cast_shell: [0106/171831.429905:WARNING:application_manager_impl.cc(611)] Unable to fetch config for app ID YouTube because the app is not supported
01-06 17:18:32.221  4782  4980 I cast_shell: [0106/171832.221182:INFO:mdns_app_filter.cc(3358)] MdnsAppFilter: responses sent in 31 seconds: 5
01-06 17:18:32.427  2949  2949 W Looper  : Slow dispatch took 2004ms main h=android.os.Handler c=android.app.AlarmManager$ListenerWrapper@66d7e7c m=0
01-06 17:18:32.427  2949  2949 W Looper  : Slow delivery took 2003ms main h=com.android.server.AlarmManagerService$AlarmHandler c=null m=4
01-06 17:18:32.441  2949  2949 W Looper  : Drained
01-06 17:18:32.474  2949  4603 I AlarmManager: Change Wakeup Alarm type to non Wakeup type, current type=[2] packageName = androidstatsTag = *walarm*:*job.deadline* @26235634 and next wakeup alarm is @Tue Jan 06 22:57:14 GMT+03:00 2026
01-06 17:18:32.476  2949  4603 I AlarmManager: Change Wakeup Alarm type to non Wakeup type, current type=[2] packageName = androidstatsTag = *walarm*:*job.deadline* @24492302 and next wakeup alarm is @Tue Jan 06 22:57:14 GMT+03:00 2026
01-06 17:18:33.145 26704 26704 W ThreadPoolForeg: type=1400 audit(0.0:2176): avc: denied { write } for name="traced_producer" dev="tmpfs" ino=12647 scontext=u:r:gmscore_app:s0:c512,c768 tcontext=u:object_r:traced_producer_socket:s0 tclass=sock_file permissive=0 app=com.google.android.gms
01-06 17:18:33.161  2834  2834 D MTK_KL  : 36,942708,24433086575,-;type=1400 audit(1767709113.145:2176): avc: denied { write } for comm="ThreadPoolForeg" name="traced_producer" dev="tmpfs" ino=12647 scontext=u:r:gmscore_app:s0:c512,c768 tcontext=u:object_r:traced_producer_socket:s0 tclass=sock_file permissive=0 app=com.google.android.gms
01-06 17:18:34.400  1533  1547 W System  : A resource failed to call close. 
01-06 17:18:41.431  4782  4782 W cast_shell: [0106/171841.431851:WARNING:application_manager_impl.cc(611)] Unable to fetch config for app ID YouTube because the app is not supported
01-06 17:18:41.798  3651  4919 I chatty  : uid=1000(system) Thread-68 expire 14 lines
01-06 17:18:49.972  2949  3418 I chatty  : uid=1000(system) WifiHandlerThre expire 48 lines
01-06 17:18:49.978  2949  6625 I chatty  : uid=1000(system) Binder:2949_1D expire 14 lines
01-06 17:18:51.269  4782  1316 I cast_shell: [0106/171851.269726:INFO:ssdp_device.c(101)] SSDP packets sent for 30 seconds = 9
01-06 17:18:51.443  4782  4782 W cast_shell: [0106/171851.443057:WARNING:application_manager_impl.cc(611)] Unable to fetch config for app ID YouTube because the app is not supported
01-06 17:18:58.715  3522  3522 D wpa_supplicant: OBSS: assoc_freq 2462 possible affected range 2432-2472
01-06 17:18:58.716  3522  3522 D wpa_supplicant: SME OBSS: Request an OBSS scan
01-06 17:18:58.717  3522  3522 D wpa_supplicant: wlan0: Add radio work 'scan'@0xac151930
01-06 17:18:58.718  3522  3522 D wpa_supplicant: wlan0: First radio work item in the queue - schedule start immediately
01-06 17:18:58.718  3522  3522 D wpa_supplicant: wlan0: Starting radio work 'scan'@0xac151930 after 0.000107 second wait
01-06 17:18:58.719  3522  3522 D wpa_supplicant: wlan0: nl80211: scan request
01-06 17:18:58.720  3522  3522 D wpa_supplicant: nl80211: Passive scan requested
01-06 17:18:58.721  3522  3522 D wpa_supplicant: Scan requested (ret=0) - scan timeout 30 seconds
01-06 17:18:58.721  3522  3522 D wpa_supplicant: nl80211: Ignored event 33 (NL80211_CMD_TRIGGER_SCAN) for foreign interface (ifindex 13 wdev 0x0)
01-06 17:18:58.721  3522  3522 D wpa_supplicant: nl80211: Drv Event 33 (NL80211_CMD_TRIGGER_SCAN) received for wlan0
01-06 17:18:58.721  3522  3522 D wpa_supplicant: wlan0: nl80211: Scan trigger
01-06 17:18:58.721  3522  3522 D wpa_supplicant: wlan0: Event SCAN_STARTED (47) received
01-06 17:18:58.721  3522  3522 D wpa_supplicant: wlan0: Own scan request started a scan in 0.000324 seconds
01-06 17:18:58.723  2834  2834 D MTK_KL  : 6,942709,24458651584,-;[wlan][2762]aisFsmSteps:(AIS STATE) [AIS]TRANSITION: [NORMAL_TR] -> [ONLINE_SCAN]
01-06 17:18:58.723  2834  2834 D MTK_KL  : 6,942710,24458651621,-;[wlan][2762]scnFsmSteps:(SCN STATE) [SCAN]TRANSITION: [IDLE] -> [SCANNING]
01-06 17:18:58.824  3651  4919 I chatty  : uid=1000(system) Thread-68 expire 14 lines
01-06 17:18:59.661  3522  3522 D wpa_supplicant: nl80211: Ignored event 34 (NL80211_CMD_NEW_SCAN_RESULTS) for foreign interface (ifindex 13 wdev 0x0)
01-06 17:18:59.661  3522  3522 D wpa_supplicant: nl80211: Drv Event 34 (NL80211_CMD_NEW_SCAN_RESULTS) received for wlan0
01-06 17:18:59.661  3522  3522 D wpa_supplicant: wlan0: nl80211: New scan results available
01-06 17:18:59.661  3522  3522 D wpa_supplicant: nl80211: Scan included frequencies: 2427 2432 2437 2442 2447 2452 2457 2462 2467 2472
01-06 17:18:59.661  3522  3522 D wpa_supplicant: wlan0: Event SCAN_RESULTS (3) received
01-06 17:18:59.661  3522  3522 D wpa_supplicant: wlan0: Scan completed in 0.939960 seconds
01-06 17:18:59.662  3522  3522 D wpa_supplicant: nl80211: Received scan results (3 BSSes)
01-06 17:18:59.662  3522  3522 D wpa_supplicant: nl80211: Scan results indicate BSS status with 08:5c:1b:34:13:d4 as associated
01-06 17:18:59.663  2834  2834 D MTK_KL  : 6,942711,24459591728,-;[wlan][2762]scnFsmSteps:(SCN STATE) [SCAN]TRANSITION: [SCANNING] -> [IDLE]
01-06 17:18:59.663  2834  2834 D MTK_KL  : 6,942712,24459591876,-;[wlan][2762]aisFsmSteps:(AIS STATE) [AIS]TRANSITION: [ONLINE_SCAN] -> [NORMAL_TR]
01-06 17:18:59.666  3522  3522 D wpa_supplicant: wlan0: BSS: Start scan result update 98
01-06 17:18:59.666  3522  3522 D wpa_supplicant: wlan0: BSS: Add new id 217 BSSID 50:9a:88:12:75:ac SSID 'Kigen' freq 2442
01-06 17:18:59.666  3522  3522 D wpa_supplicant: wlan0: BSS: Add new id 218 BSSID 90:3f:ea:b3:20:a0 SSID 'Dan17' freq 2427
01-06 17:18:59.666  3522  3522 D wpa_supplicant: BSS: last_scan_res_used=3/32
01-06 17:18:59.666  3522  3522 D wpa_supplicant: wlan0: New scan results available (own=1 ext=0)
01-06 17:18:59.667  2805  2805 I wificond: Received external scan result notification from kernel.
01-06 17:18:59.669  3522  3522 D wpa_supplicant: Neighboring BSS: 08:5c:1b:34:13:d4 freq=2462 pri=11 sec=7
01-06 17:18:59.669  3522  3522 D wpa_supplicant: Found overlapping 20 MHz HT BSS: 50:9a:88:12:75:ac freq=2442
01-06 17:18:59.669  3522  3522 D wpa_supplicant: Overlapping 20 MHz BSS is found
01-06 17:18:59.669  3522  3522 D wpa_supplicant: Neighboring BSS: 90:3f:ea:b3:20:a0 freq=2427 pri=4 sec=8
01-06 17:18:59.669  3522  3522 D wpa_supplicant: 40 MHz pri/sec mismatch with BSS 90:3f:ea:b3:20:a0 <2427,2447> (chan=4+) vs. <2462,2442>
01-06 17:18:59.669  3522  3522 D wpa_supplicant: SME: Send 20/40 BSS Coexistence to 08:5c:1b:34:13:d4 (num_channels=2 num_intol=0)
01-06 17:18:59.669  3522  3522 D wpa_supplicant: SME: 20/40 BSS Intolerant Channels - hexdump(len=2): 07 04
01-06 17:18:59.670  3522  3522 D wpa_supplicant: nl80211: Send Action frame (ifindex=13, freq=2462 MHz wait=0 ms no_cck=0 offchanok=1)
01-06 17:18:59.670  3522  3522 D wpa_supplicant: nl80211: Drop oldest pending send frame cookie 0x3c
01-06 17:18:59.673  3522  3522 D wpa_supplicant: wlan0: Radio work 'scan'@0xac151930 done in 0.952424 seconds
01-06 17:18:59.673  3522  3522 D wpa_supplicant: wlan0: radio_work_free('scan'@0xac151930): num_active_works --> 0
01-06 17:18:59.673  3522  3522 D wpa_supplicant: RTM_NEWLINK: ifi_index=13 ifname=wlan0 wext ifi_family=0 ifi_flags=0x11043 ([UP][RUNNING][LOWER_UP])
01-06 17:18:59.673  3522  3522 D wpa_supplicant: RTM_NEWLINK: ifi_index=13 ifname=wlan0 wext ifi_family=0 ifi_flags=0x11043 ([UP][RUNNING][LOWER_UP])
01-06 17:18:59.675  3522  3522 D wpa_supplicant: nl80211: Ignored event 60 (NL80211_CMD_FRAME_TX_STATUS) for foreign interface (ifindex 13 wdev 0x0)
01-06 17:18:59.675  3522  3522 D wpa_supplicant: nl80211: Drv Event 60 (NL80211_CMD_FRAME_TX_STATUS) received for wlan0
01-06 17:18:59.675  3522  3522 D wpa_supplicant: nl80211: Frame TX status event A1=08:5c:1b:34:13:d4 stype=13 cookie=0x50 ack=1
01-06 17:18:59.675  3522  3522 D wpa_supplicant: nl80211: Frame TX status: cookie=0x50 (match) (ack=1)
01-06 17:18:59.675  3522  3522 D wpa_supplicant: wlan0: Event TX_STATUS (16) received
01-06 17:18:59.675  3522  3522 D wpa_supplicant: wlan0: EVENT_TX_STATUS dst=08:5c:1b:34:13:d4 type=0 stype=13
01-06 17:18:59.675  3522  3522 D wpa_supplicant: Off-channel: Ignore Action TX status - no pending operation
01-06 17:18:59.696  2949  2995 I chatty  : uid=1000(system) android.fg expire 2 lines
01-06 17:19:00.004  3651  3651 I chatty  : uid=1000(system) com.mediatek.tv.service expire 12 lines
01-06 17:19:01.440  4782  4782 W cast_shell: [0106/171901.440793:WARNING:application_manager_impl.cc(611)] Unable to fetch config for app ID YouTube because the app is not supported
01-06 17:19:02.034  2949  3418 I chatty  : uid=1000(system) WifiHandlerThre expire 107 lines
01-06 17:19:02.037  2949  6625 I chatty  : uid=1000(system) Binder:2949_1D expire 18 lines
01-06 17:19:02.137  4782  4782 I cast_shell: [0106/171902.136756:INFO:service_base.h(78)] Size of the map for type AuthTokenResponse is 0
01-06 17:19:02.733  4782  4782 I cast_shell: [0106/171902.733503:INFO:service_base.h(246)] Container sizes for type CloudSetting are (session_info_map: 0), (topic_info_map: 21), (pending_events: 0).
01-06 17:19:02.735  4782  4782 I cast_shell: [0106/171902.733898:INFO:metrics_stat_logger.cc(38)] Metrics stat for the past 60 secs : total=13
01-06 17:19:02.735  4782  4782 I cast_shell: [metrics_stat_logger] Cast.Discovery.Mdns.Request.AppId.In=2
01-06 17:19:02.735  4782  4782 I cast_shell: [metrics_stat_logger] Cast.Discovery.Mdns.Request.In=2
01-06 17:19:02.735  4782  4782 I cast_shell: [metrics_stat_logger] Cast.Discovery.Mdns.Response.AppId.Out=2
01-06 17:19:02.735  4782  4782 I cast_shell: [metrics_stat_logger] Cast.Discovery.Mdns.Response.Out=2
01-06 17:19:02.735  4782  4782 I cast_shell: [metrics_stat_logger] Cloud.Transport.Gcm.GetStatus.In=1
01-06 17:19:02.735  4782  4782 I cast_shell: [metrics_stat_logger] Cloud.Transport.Gcm.GetStatus.Received=1
01-06 17:19:02.735  4782  4782 I cast_shell: [metrics_stat_logger] Cloud.Transport.Gcm.Message.Received=1
01-06 17:19:02.735  4782  4782 I cast_shell: [metrics_stat_logger] Cloud.Transport.Https.Status.Out=1
01-06 17:19:02.735  4782  4782 I cast_shell: [metrics_stat_logger] Cloud.Transport.Https.Status.Out.Success=1
01-06 17:19:02.735  4782  4782 I cast_shell: [metrics_stat_logger] Dial.SsdpDeviceDesc.Unknown=6
01-06 17:19:02.735  4782  4782 I cast_shell: [metrics_stat_logger] Dial.SsdpDeviceDesc.Unknown.200=6
01-06 17:19:02.735  4782  4782 I cast_shell: [metrics_stat_logger] Dial.YouTube.GetInfo.Unknown=6
01-06 17:19:02.735  4782  4782 I cast_shell: [metrics_stat_logger] Dial.YouTube.GetInfo.Unknown.404=6
01-06 17:19:03.189 26704 26704 W ThreadPoolForeg: type=1400 audit(0.0:2177): avc: denied { write } for name="traced_producer" dev="tmpfs" ino=12647 scontext=u:r:gmscore_app:s0:c512,c768 tcontext=u:object_r:traced_producer_socket:s0 tclass=sock_file permissive=0 app=com.google.android.gms
01-06 17:19:03.195  2834  2834 D MTK_KL  : 36,942713,24463124763,-;type=1400 audit(1767709143.189:2177): avc: denied { write } for comm="ThreadPoolForeg" name="traced_producer" dev="tmpfs" ino=12647 scontext=u:r:gmscore_app:s0:c512,c768 tcontext=u:object_r:traced_producer_socket:s0 tclass=sock_file permissive=0 app=com.google.android.gms
01-06 17:19:03.245  4782  4980 I cast_shell: [0106/171903.245655:INFO:mdns_app_filter.cc(3358)] MdnsAppFilter: responses sent in 31 seconds: 4
01-06 17:19:04.473  2949  2949 W Looper  : Slow dispatch took 2004ms main h=android.os.Handler c=android.app.AlarmManager$ListenerWrapper@66d7e7c m=0
01-06 17:19:04.473  2949  2949 W Looper  : Slow delivery took 2003ms main h=com.android.server.AlarmManagerService$AlarmHandler c=null m=4
01-06 17:19:04.488  2949  2949 W Looper  : Drained
01-06 17:19:04.504  2949  6625 I AlarmManager: Change Wakeup Alarm type to non Wakeup type, current type=[2] packageName = androidstatsTag = *walarm*:*job.deadline* @26235634 and next wakeup alarm is @Tue Jan 06 22:57:14 GMT+03:00 2026
01-06 17:19:04.505  2949  6625 I AlarmManager: Change Wakeup Alarm type to non Wakeup type, current type=[2] packageName = androidstatsTag = *walarm*:*job.deadline* @24524332 and next wakeup alarm is @Tue Jan 06 22:57:14 GMT+03:00 2026
01-06 17:19:08.675  1636  1708 I chatty  : uid=10017(com.android.vending) expire 3 lines
01-06 17:19:10.368  1759  1785 I chatty  : uid=10017(com.android.vending) expire 3 lines
01-06 17:19:11.445  1533  1533 D BoundBrokerSvc: onUnbind: Intent { act=com.google.android.gms.common.BIND_SHARED_PREFS pkg=com.google.android.gms }
01-06 17:19:11.446  1759  1759 I chatty  : uid=10017(com.android.vending) expire 4 lines
01-06 17:19:11.458  4782  4782 W cast_shell: [0106/171911.458205:WARNING:application_manager_impl.cc(611)] Unable to fetch config for app ID YouTube because the app is not supported
01-06 17:19:12.845  3651  4919 I chatty  : uid=1000(system) Thread-68 expire 19 lines
01-06 17:19:18.081  1759  1929 I chatty  : uid=10017(com.android.vending) expire 4 lines
01-06 17:19:21.272  4782  1316 I cast_shell: [0106/171921.272667:INFO:ssdp_device.c(101)] SSDP packets sent for 30 seconds = 13
01-06 17:19:21.455  4782  4782 W cast_shell: [0106/171921.454953:WARNING:application_manager_impl.cc(611)] Unable to fetch config for app ID YouTube because the app is not supported
01-06 17:19:31.460  4782  4782 W cast_shell: [0106/171931.459968:WARNING:application_manager_impl.cc(611)] Unable to fetch config for app ID YouTube because the app is not supported
01-06 17:19:31.874  3651  4919 I chatty  : uid=1000(system) Thread-68 expire 21 lines
01-06 17:19:32.174  2949  6871 I chatty  : uid=1000(system) Binder:2949_1F expire 6 lines
01-06 17:19:33.229 26704 26704 W ThreadPoolForeg: type=1400 audit(0.0:2178): avc: denied { write } for name="traced_producer" dev="tmpfs" ino=12647 scontext=u:r:gmscore_app:s0:c512,c768 tcontext=u:object_r:traced_producer_socket:s0 tclass=sock_file permissive=0 app=com.google.android.gms
01-06 17:19:33.235  2834  2834 D MTK_KL  : 36,942714,24493164636,-;type=1400 audit(1767709173.229:2178): avc: denied { write } for comm="ThreadPoolForeg" name="traced_producer" dev="tmpfs" ino=12647 scontext=u:r:gmscore_app:s0:c512,c768 tcontext=u:object_r:traced_producer_socket:s0 tclass=sock_file permissive=0 app=com.google.android.gms
01-06 17:19:34.273  4782  4980 I cast_shell: [0106/171934.273149:INFO:mdns_app_filter.cc(3358)] MdnsAppFilter: responses sent in 31 seconds: 4
01-06 17:19:34.526  1636  1658 I chatty  : uid=10017(com.android.vending) expire 1 line
01-06 17:19:35.186  2949  4603 I chatty  : uid=1000(system) Binder:2949_11 expire 21 lines
01-06 17:19:36.502  2949  2949 W Looper  : Slow dispatch took 2003ms main h=android.os.Handler c=android.app.AlarmManager$ListenerWrapper@66d7e7c m=0
01-06 17:19:36.503  2949  2949 W Looper  : Slow delivery took 2002ms main h=com.android.server.AlarmManagerService$AlarmHandler c=null m=4
01-06 17:19:36.513  2949  2949 W Looper  : Drained
01-06 17:19:36.527  2949  4603 I AlarmManager: Change Wakeup Alarm type to non Wakeup type, current type=[2] packageName = androidstatsTag = *walarm*:*job.deadline* @26235634 and next wakeup alarm is @Tue Jan 06 22:57:14 GMT+03:00 2026
01-06 17:19:36.528  2949  4603 I AlarmManager: Change Wakeup Alarm type to non Wakeup type, current type=[2] packageName = androidstatsTag = *walarm*:*job.deadline* @24556356 and next wakeup alarm is @Tue Jan 06 22:57:14 GMT+03:00 2026
