01-06 17:20:42.097  2022  2022 I chatty  : uid=10017(com.android.vending) expire 3 lines
01-06 17:20:42.143  2022  2095 I chatty  : uid=10017(com.android.vending) LightweightExec expire 1 line
01-06 17:20:42.149  2949  6871 D CompatibilityChangeReporter: Compat change id reported: 135634846; UID 10017; state: DISABLED
01-06 17:20:42.150  2949  3014 D CompatibilityChangeReporter: Compat change id reported: 143937733; UID 10017; state: ENABLED
01-06 17:20:42.154  2022  2155 I chatty  : uid=10017(com.android.vending) expire 1 line
01-06 17:20:42.181  2476  2476 D Zygote  : Forked child process 2158
01-06 17:20:42.185  3651  4919 D RecommendedChannelsThread: [MtkLog]start, status==false,mLauncherRunning==false
01-06 17:20:42.189  2949  3014 I ActivityManager: Start proc 2158:com.android.vending:background/u0a17 for broadcast {com.android.vending/com.google.android.finsky.packagemonitor.backgroundimpl.BackgroundPackageMonitorReceiverImpl$RegisteredReceiver}
01-06 17:20:42.214  2158  2158 I chatty  : uid=10017 com.android.vending:background expire 2 lines
01-06 17:20:42.223  2022  2109 I chatty  : uid=10017(com.android.vending) bgExecutor #0 expire 1 line
01-06 17:20:42.284  2022  2112 I chatty  : uid=10017(com.android.vending) bgExecutor #1 expire 2 lines
01-06 17:20:42.335  2022  2071 I chatty  : uid=10017(com.android.vending) HeapTaskDaemon expire 1 line
01-06 17:20:42.335  2022  2077 I chatty  : uid=10017(com.android.vending) Binder:2022_2 expire 4 lines
01-06 17:20:42.342  2949  4601 I ActivityTaskManager: START u0 {cmp=com.bingetv.app/.ui.main.EnhancedMainActivity} from uid 10108
01-06 17:20:42.344  3651  3691 D MonitorActivityController: ** Activity starting: Intent { cmp=com.bingetv.app/.ui.main.EnhancedMainActivity } : com.bingetv.app
01-06 17:20:42.345  3651  3691 D MonitorActivityController: ** setOTTSrc currentOttSrc: com.bingetv.app
01-06 17:20:42.377  3651  3691 D MonitorActivityController: ** Activity resuming: com.bingetv.app
01-06 17:20:42.377  3651  3691 D MonitorActivityController: ** setOTTSrc currentOttSrc: com.bingetv.app
01-06 17:20:42.389  2949  7524 W ActivityTaskManager: Tried to set launchTime (0) < mLastActivityLaunchTime (24560173)
01-06 17:20:42.402  2158  2158 I chatty  : uid=10017 com.android.vending:background expire 9 lines
01-06 17:20:42.587  2022  2077 I chatty  : uid=10017(com.android.vending) Binder:2022_2 expire 1 line
01-06 17:20:42.634  2022  2103 I chatty  : uid=10017(com.android.vending) ValueStore-0 expire 1 line
01-06 17:20:42.638  2022  2077 W android.vendin: Found duplicate classes, falling back to extracting from APK : /data/app/~~sjEfjfD9hH8RKysufxl6Rw==/com.google.android.gms-6O8QDmX3_8UP0FzSjE_cxQ==/split_GoogleCertificates_installtime.apk
01-06 17:20:42.638  2022  2077 W android.vendin: NOTE: This wastes RAM and hurts startup performance.
01-06 17:20:42.638  2022  2077 W android.vendin: Found duplicated class when checking oat files: 'Landroid/app/AppComponentFactory;' in /data/app/~~QFYjt0GftCe2VfHY3IZmTg==/com.android.vending-Bwv8VJN6C5EkYtYReOIogw==/base.apk and /data/app/~~sjEfjfD9hH8RKysufxl6Rw==/com.google.android.gms-6O8QDmX3_8UP0FzSjE_cxQ==/split_GoogleCertificates_installtime.apk
01-06 17:20:42.660  2158  2158 I Finsky:background: [2] Finished reading experiment flags from file [9Zvhe9kStSYiuQ9maa1vGlpEl27qAM9oBvaITuuX1v8] numFlags=2174.
01-06 17:20:42.674  2158  2158 I Finsky:background: [2] [BGP] Initializing crash detector...
01-06 17:20:42.693  2158  2158 I Finsky:background: [2] qkc - Registering in memory receiver for android.intent.action.PACKAGE_ADDED and android.intent.action.PACKAGE_REMOVED
01-06 17:20:42.701  2022  2112 I Finsky  : [2218] SCH: Scheduling phonesky job Id: 12-1, CT: 1767709242155, Constraints: [{ L: 15000, D: 86400000, C: CHARGING_NONE, I: IDLE_NONE, N: NET_ANY, B: BATTERY_ANY }]
01-06 17:20:42.718  2158  2158 I Finsky:background: [2] This process start was not selected for Play memory metrics collection.
01-06 17:20:42.724  2022  2118 I Finsky  : [2223] SCH: Scheduling 1 system job(s)
01-06 17:20:42.725  2022  2118 I Finsky  : [2223] SCH: Scheduling system job Id: 9319, L: 14431, D: 69229796, C: false, I: false, N: 1
01-06 17:20:42.725  2158  2158 I Finsky:background: [2] qkc - Received: android.intent.action.PACKAGE_ADDED, [Ub1ljiGOCkVmQK3W00foNXUbdb49LNCGvN0i2FQKaEg]
01-06 17:20:42.758  2022  2105 I Finsky  : [2213] [ContentSync] finished, scheduled=true
01-06 17:20:42.805  2158  2198 I TetheringManager: registerTetheringEventCallback:com.android.vending
01-06 17:20:42.806  2158  2198 W Settings: Setting download_manager_max_bytes_over_mobile has moved from android.provider.Settings.Secure to android.provider.Settings.Global.
01-06 17:20:42.809  2158  2198 I Finsky:background: [2227] SettingNotFoundException, fall through to G.downloadBytesOverMobileMaximum
01-06 17:20:42.810  2158  2198 W Settings: Setting download_manager_recommended_max_bytes_over_mobile has moved from android.provider.Settings.Secure to android.provider.Settings.Global.
01-06 17:20:42.811  2158  2198 I Finsky:background: [2227] SettingNotFoundException, fall through to G.downloadBytesOverMobileRecommended
01-06 17:20:42.813  2158  2198 I Finsky:background: [2227] registerListener
01-06 17:20:42.826  2158  2198 I Finsky:background: [2227] DFS: Listener added for lef@d0da87c
01-06 17:20:42.826  2158  2198 I Finsky:background: [2227] registerListener
01-06 17:20:42.831  2158  2198 I Finsky:background: [2227] registerListener
01-06 17:20:42.836  2158  2198 I Finsky:background: [2227] DFS: Listener added for srq@33de167
01-06 17:20:42.952  2158  2158 I Finsky:background: [2] Memory trim requested to level 5
01-06 17:20:42.955  2158  2198 I Finsky:background: [2227] IV2: IQv2 is disabled. Recovering all active installs: []
01-06 17:20:42.957  2158  2206 I Finsky:background: [2235] RECEIVER_PACKAGE_MONITOR_BACKGROUND#logWorkEndAndFinishGoAsync: SUCCESS
01-06 17:20:42.958  2949  6871 W BroadcastQueue: Background execution not allowed: receiving Intent { act=android.intent.action.PACKAGE_REPLACED dat=package:com.bingetv.app flg=0x4000010 (has extras) } to com.google.android.gms/.chimera.GmsIntentOperationService$PersistentTrustedReceiver
01-06 17:20:42.962  2158  2158 I Finsky:background: [2] Memory trim requested to level 80
01-06 17:20:42.963  2949  3013 W BroadcastQueue: Background execution not allowed: receiving Intent { act=android.intent.action.PACKAGE_REPLACED dat=package:com.bingetv.app flg=0x4000010 (has extras) } to com.google.android.gms/.gass.chimera.PackageChangeBroadcastReceiver
01-06 17:20:42.964  2949  3013 W BroadcastQueue: Background execution not allowed: receiving Intent { act=android.intent.action.DROPBOX_ENTRY_ADDED flg=0x10 (has extras) } to com.google.android.gms/.stats.service.DropBoxEntryAddedReceiver
01-06 17:20:42.972  2022  2094 I Finsky  : [2205] RECEIVER_SINGLE_USER_SETTINGS#logWorkEndAndFinishGoAsync: SUCCESS
01-06 17:20:42.986  2158  2203 I Finsky:background: [2232] Wrote row to frosting DB: 18239
01-06 17:20:43.012  2158  2203 I Finsky:background: [2232] Wrote row to frosting DB: 18240
01-06 17:20:43.022  2044  2044 D EnhancedMainActivity: Starting playlist load
01-06 17:20:43.027  2949  7524 D ConnectivityService: requestNetwork for uid/pid:10017/2158 NetworkRequest [ TRACK_DEFAULT id=335, [ Capabilities: INTERNET&NOT_RESTRICTED&TRUSTED Uid: 10017 AdministratorUids: [] RequestorUid: 10017 RequestorPackageName: com.android.vending] ]
01-06 17:20:43.032  2044  2059 I com.bingetv.ap: Background concurrent copying GC freed 28863(1435KB) AllocSpace objects, 26(1576KB) LOS objects, 24% free, 3652KB/4869KB, paused 114us total 153.052ms
01-06 17:20:43.031  2949  3453 D ConnectivityService: NetReassign [335 : null  101]
01-06 17:20:43.043  2044  2044 I ExoPlayerImpl: Init 28c71d8 [ExoPlayerLib/2.18.7] [ikebukuro, AI PONT, Changhong, 30]
01-06 17:20:43.044  2158  2199 I Finsky:background: [2228] IQ: start evaluating install requests.
01-06 17:20:43.048  2158  2199 I Finsky:background: [2228] IQ: no jobs active. Skipping
01-06 17:20:43.055  2158  2209 I Finsky:background: [2237] IQ: Pruning inactive install requests
01-06 17:20:43.056  2158  2212 D HttpFlagsLoader: Not loading HTTP flags because they are disabled in the manifest
01-06 17:20:43.066  2949  5242 D ConnectivityService: requestNetwork for uid/pid:10017/2158 NetworkRequest [ TRACK_DEFAULT id=336, [ Capabilities: INTERNET&NOT_RESTRICTED&TRUSTED Uid: 10017 AdministratorUids: [] RequestorUid: 10017 RequestorPackageName: com.android.vending] ]
01-06 17:20:43.067  2949  3453 D ConnectivityService: NetReassign [336 : null  101]
01-06 17:20:43.072  2949  3453 D ConnectivityService: NetReassign [no changes]
01-06 17:20:43.073  2158  2209 I Finsky:background: [2237] Resetting scheduler db
01-06 17:20:43.084  2158  2199 I Finsky:background: [2228] IQ: 0 scheduled install statuses found to proceed. 
01-06 17:20:43.088  2158  2195 I Finsky:background: [2224] SCH: Scheduling phonesky job Id: 3-21920, CT: 1767709093098, Constraints: [{ L: 0, D: 86400000, C: CHARGING_NONE, I: IDLE_REQUIRED, N: NET_UNMETERED, B: BATTERY_ANY }]
01-06 17:20:43.088  2158  2197 I cn_CronetLibraryLoader: Cronet version: 144.0.7509.3, arch: armv7l
01-06 17:20:43.089  2158  2195 I Finsky:background: [2224] SCH: Scheduling phonesky job Id: 47-15, CT: 1767682076762, Constraints: [{ L: 3600000, D: 53195896, C: CHARGING_NONE, I: IDLE_REQUIRED, N: NET_NONE, B: BATTERY_ANY }]
01-06 17:20:43.117  2158  2195 I Finsky:background: [2224] SCH: Scheduling 0 system job(s)
01-06 17:20:43.135  2158  2213 I Finsky:background: [2241] SCH: Canceling job 3-21920
01-06 17:20:43.136  2158  2197 I Finsky:background: [2226] Finished reading experiment flags from file [Se-xCc4LzNyh3UrKMIU2sUf-PUKz4oQEbpKZDMuaFno] numFlags=2171.
01-06 17:20:43.136  2158  2213 I Finsky:background: [2241] WM::SCH: Logging work end for 3-21920
01-06 17:20:43.139  2158  2193 I Finsky:background: [2222] SCH: no pending jobs to schedule.
01-06 17:20:43.142  2158  2197 I Finsky:background: [2226] Subscription detail: N/A
01-06 17:20:43.160  2158  2209 I Finsky:background: [2237] IQ: Creating job 21921, for (REQ_DEVICE_IDLE, NETWORK=UNMETERED, PROVISIONING_STATE=PROVISIONED, BACKUP_MANAGER_STATE=BACKUP_READY, AUTHENTICATION_REQUIRED)
01-06 17:20:43.161  2158  2209 I Finsky:background: [2237] IQ: Bulk scheduling created jobs
01-06 17:20:43.162  2158  2209 I Finsky:background: [2237] SCH: Received scheduling request: Id: 3-21921, Constraints: [{ L: 0, D: 86400000, C: CHARGING_NONE, I: IDLE_REQUIRED, N: NET_UNMETERED, B: BATTERY_ANY }]
01-06 17:20:43.184  2949  7524 I chatty  : uid=1000(system) Binder:2949_20 expire 3 lines
01-06 17:20:43.188  3651  4919 D RecommendedChannelsThread: [MtkLog]start, status==false,mLauncherRunning==false
01-06 17:20:43.193  2158  2209 D WM-PackageManagerHelper: Skipping component enablement for androidx.work.impl.background.systemjob.SystemJobService
01-06 17:20:43.193  2158  2209 D WM-Schedulers: Created SystemJobScheduler and enabled SystemJobService
01-06 17:20:43.194  2158  2199 D WM-ForceStopRunnable: Is default app process = true
01-06 17:20:43.198  2158  2199 D WM-ForceStopRunnable: Performing cleanup operations.
01-06 17:20:43.215  2158  2195 I Finsky:background: [2224] SSM: Start staged session task with 0 tracked staged sessions
01-06 17:20:43.253  2044  2044 D EnhancedMainActivity: Loading playlist: Xtream Codes (Type: xtream)
01-06 17:20:43.311  2044  2044 E com.bingetv.ap: No package ID ff found for ID 0xffffffff.
01-06 17:20:43.311  2044  2044 D FocusDebug: Focus changed: null -> no-id
01-06 17:20:43.467  2044  2059 I com.bingetv.ap: Background young concurrent copying GC freed 4474(501KB) AllocSpace objects, 2(136KB) LOS objects, 20% free, 3878KB/4869KB, paused 200us total 100.212ms
01-06 17:20:43.469  2158  2195 D WM-PackageManagerHelper: Skipping component enablement for androidx.work.impl.background.systemalarm.RescheduleReceiver
01-06 17:20:43.517  2949  3012 I chatty  : uid=1000(system) android.bg expire 1 line
01-06 17:20:43.789  2158  2188 I Finsky:background: [2217] WM::SCH: Logging work initialize for 3-21921
01-06 17:20:43.837  2158  2199 I Finsky:background: [2228] SCH: Scheduling phonesky job Id: 3-21921, CT: 1767709243162, Constraints: [{ L: 0, D: 86400000, C: CHARGING_NONE, I: IDLE_REQUIRED, N: NET_UNMETERED, B: BATTERY_ANY }]
01-06 17:20:43.876  2158  2195 I Finsky:background: [2224] SCH: Scheduling 0 system job(s)
01-06 17:20:44.047  2044  2044 D EnhancedMainActivity: Playlist 2 data already loaded (213245 channels). Skipping fetch.
01-06 17:20:44.052  2022  2022 I Finsky  : [2] Memory trim requested to level 80
01-06 17:20:44.052  2022  2022 I Finsky  : [2] Flushing in-memory image cache
01-06 17:20:44.192  3651  4919 D RecommendedChannelsThread: [MtkLog]start, status==false,mLauncherRunning==false
01-06 17:20:44.494  2949  3418 I chatty  : uid=1000(system) WifiHandlerThre expire 18 lines
01-06 17:20:44.505  2949  6871 I chatty  : uid=1000(system) Binder:2949_1F expire 7 lines
01-06 17:20:44.857  2949  4064 E TaskPersister: File error accessing recents directory (directory doesn't exist?).
01-06 17:20:45.195  3651  4919 D RecommendedChannelsThread: [MtkLog]start, status==false,mLauncherRunning==false
01-06 17:20:46.197  3651  4919 D RecommendedChannelsThread: [MtkLog]start, status==false,mLauncherRunning==false
01-06 17:20:46.444  2044  2246 D ProfileInstaller: Installing profile for com.bingetv.app
01-06 17:20:47.199  3651  4919 D RecommendedChannelsThread: [MtkLog]start, status==false,mLauncherRunning==false
01-06 17:20:48.200  3651  4919 D RecommendedChannelsThread: [MtkLog]start, status==false,mLauncherRunning==false
01-06 17:20:48.270 26704 26838 W GetConfigSnapshotOp: Succeeded but not registered: com.google.android.libraries.performance.primes#com.android.vending [CONTEXT service_id=51 ]
01-06 17:20:48.298  2022  2101 I Finsky  : [2210] playLoggingServerUrl: https://play.googleapis.com/play/log
01-06 17:20:48.298  2022  2101 I Finsky  : [2210] playLoggingServerTimestampUrl: https://play.googleapis.com/play/log/timestamp
01-06 17:20:49.203  3651  4919 D RecommendedChannelsThread: [MtkLog]start, status==false,mLauncherRunning==false
01-06 17:20:49.757  2158  2252 I Finsky:background: [2255] playLoggingServerUrl: https://play.googleapis.com/play/log
01-06 17:20:49.757  2158  2252 I Finsky:background: [2255] playLoggingServerTimestampUrl: https://play.googleapis.com/play/log/timestamp
01-06 17:20:49.802 26704 26838 W GetConfigSnapshotOp: Succeeded but not registered: com.google.android.libraries.performance.primes#com.android.vending [CONTEXT service_id=51 ]
01-06 17:20:50.204  3651  4919 D RecommendedChannelsThread: [MtkLog]start, status==false,mLauncherRunning==false
01-06 17:20:50.339  2044  2044 W Glide   : Failed to find GeneratedAppGlideModule. You should include an annotationProcessor compile dependency on com.github.bumptech.glide:compiler in your application and a @GlideModule annotated AppGlideModule implementation or LibraryGlideModules will be silently ignored
01-06 17:20:50.372  2949  3750 D ConnectivityService: requestNetwork for uid/pid:10108/2044 NetworkRequest [ TRACK_DEFAULT id=338, [ Capabilities: INTERNET&NOT_RESTRICTED&TRUSTED Uid: 10108 AdministratorUids: [] RequestorUid: 10108 RequestorPackageName: com.bingetv.app] ]
01-06 17:20:50.373  2949  3453 D ConnectivityService: NetReassign [338 : null  101]
01-06 17:20:50.374  2949  3418 I chatty  : uid=1000(system) WifiHandlerThre expire 18 lines
01-06 17:20:50.380  2949  3503 I chatty  : uid=1000(system) EthernetService expire 1 line
01-06 17:20:50.540  2949  3750 I chatty  : uid=1000(system) Binder:2949_6 expire 3 lines
01-06 17:20:50.648  2044  2059 I com.bingetv.ap: Background concurrent copying GC freed 13954(961KB) AllocSpace objects, 2(52KB) LOS objects, 24% free, 5503KB/7337KB, paused 1.187ms total 125.618ms
01-06 17:20:51.206  3651  4919 D RecommendedChannelsThread: [MtkLog]start, status==false,mLauncherRunning==false
01-06 17:20:51.231  2044  2059 I com.bingetv.ap: Background concurrent copying GC freed 9865(596KB) AllocSpace objects, 0(0B) LOS objects, 24% free, 6929KB/9239KB, paused 163us total 135.749ms
01-06 17:20:51.293  2022  2098 I Finsky  : [2208] Initializing pausers from value store.
01-06 17:20:51.302  4782  1316 I cast_shell: [0106/172051.298543:INFO:ssdp_device.c(101)] SSDP packets sent for 30 seconds = 9
01-06 17:20:51.307  2022  2098 I Finsky  : [2208] IQ::HLD: Callers (Pausers) in PauseUpdatesCallersValueStore: []
01-06 17:20:51.319  2044  2081 I OpenGLRenderer: Davey! duration=1073ms; Flags=0, IntendedVsync=24570077380380, Vsync=24570094047046, OldestInputEvent=9223372036854775807, NewestInputEvent=0, HandleInputStart=24570102960347, AnimationStart=24570102964514, PerformTraversalsStart=24570102968181, DrawStart=24571136499427, SyncQueued=24571146482427, SyncStart=24571147534927, IssueDrawCommandsStart=24571148132593, SwapBuffers=24571151185510, FrameCompleted=24571152336093, DequeueBufferDuration=649500, QueueBufferDuration=639833, GpuCompleted=0, 
01-06 17:20:51.414  2022  2097 I Finsky  : [2207] registerListener
01-06 17:20:51.421  2022  2097 I Finsky  : [2207] DFS: Listener added for lef@2528fe6
01-06 17:20:51.421  2022  2097 I Finsky  : [2207] registerListener
01-06 17:20:51.530  2022  2098 I Finsky  : [2208] Triggered update for experiment package com.google.android.finsky.stable.
01-06 17:20:51.561  2022  2109 I Finsky  : [2217] Cannot disable service: xhl
01-06 17:20:51.567  2022  2109 I Finsky  : [2217] Cannot disable service: xhh
01-06 17:20:51.591  4782  4782 W cast_shell: [0106/172051.591868:WARNING:application_manager_impl.cc(611)] Unable to fetch config for app ID YouTube because the app is not supported
01-06 17:20:51.595  2022  2268 I Finsky  : [2265] SM: There are no stale sessions to be pruned
01-06 17:20:51.624  2022  2022 I Finsky  : [2] Connecting InstallListener to SplitInstallService broadcaster...
01-06 17:20:51.804  2022  2098 I Finsky  : [2208] Already at the latest configurations for experiment package com.google.android.finsky.stable.
01-06 17:20:51.804  2022  2098 I Finsky  : [2208] Triggered update for experiment package com.google.android.finsky.regular.
01-06 17:20:51.850  2022  2098 I Finsky  : [2208] Already at the latest configurations for experiment package com.google.android.finsky.regular.
01-06 17:20:51.850  2022  2098 I Finsky  : [2208] Triggered update for experiment package com.google.android.finsky.regular.
01-06 17:20:51.896  2022  2098 I Finsky  : [2208] Already at the latest configurations for experiment package com.google.android.finsky.regular.
01-06 17:20:52.207  3651  4919 D RecommendedChannelsThread: [MtkLog]start, status==false,mLauncherRunning==false
01-06 17:20:53.209  3651  4919 D RecommendedChannelsThread: [MtkLog]start, status==false,mLauncherRunning==false
01-06 17:20:53.531  2949  3418 I chatty  : uid=1000(system) WifiHandlerThre expire 10 lines
01-06 17:20:53.535  2949  5242 I chatty  : uid=1000(system) Binder:2949_1A expire 3 lines
01-06 17:20:54.210  3651  4919 D RecommendedChannelsThread: [MtkLog]start, status==false,mLauncherRunning==false
01-06 17:20:55.017  2158  2158 I Finsky:background: [2] Memory trim requested to level 80
01-06 17:20:55.212  3651  4919 D RecommendedChannelsThread: [MtkLog]start, status==false,mLauncherRunning==false
01-06 17:20:56.213  3651  4919 D RecommendedChannelsThread: [MtkLog]start, status==false,mLauncherRunning==false
01-06 17:20:56.553  2949  3418 I chatty  : uid=1000(system) WifiHandlerThre expire 15 lines
01-06 17:20:56.556  2949  4601 I chatty  : uid=1000(system) Binder:2949_10 expire 3 lines
01-06 17:20:57.214  3651  4919 D RecommendedChannelsThread: [MtkLog]start, status==false,mLauncherRunning==false
01-06 17:20:59.167  2949  2949 W Looper  : Slow dispatch took 2005ms main h=android.os.Handler c=android.app.AlarmManager$ListenerWrapper@66d7e7c m=0
01-06 17:20:59.168  2949  2949 W Looper  : Slow delivery took 2004ms main h=com.android.server.AlarmManagerService$AlarmHandler c=null m=4
01-06 17:20:59.187  2949  2949 W Looper  : Drained
01-06 17:20:58.216  3651  4919 D RecommendedChannelsThread: [MtkLog]start, status==false,mLauncherRunning==false
01-06 17:20:59.191  2022  2022 I Finsky  : [2] SCH: job service start with id 9319.
01-06 17:20:59.205  2022  2155 I Finsky  : [2247] SCH: Satisfied jobs for 9319 are: 12-1
01-06 17:20:59.209  2022  2272 I Finsky  : [2267] SCH: Job 12-1 starting
01-06 17:20:59.210  2022  2022 I Finsky  : [2] WM::SCH: Logging work start for 12-1
01-06 17:20:59.211  2022  2022 I Finsky  : [2] [ContentSync] job started
01-06 17:20:59.214  2022  2273 I Finsky  : [2268] PSR: Package cache is empty, setup cache.
01-06 17:20:59.218  3651  4919 D RecommendedChannelsThread: [MtkLog]start, status==false,mLauncherRunning==false
01-06 17:20:59.280  2834  2834 D MTK_KL  : 31,942727,24579209436,-;logd: logdr: UID=2000 GID=2000 PID=2274 n tail=0 logMask=99 pid=0 start=0ns timeout=0ns
01-06 17:20:59.323  2022  2273 W Finsky  : [2268] SLM: no metadata property com.android.vending.derived.apk.id found for shared library com.google.android.trichromelibrary_704911130:
01-06 17:20:59.323  2022  2273 W Finsky  : [2268] SLM: no metadata property com.android.vending.sdk.version.patch found for shared library com.google.android.trichromelibrary_704911130:
01-06 17:20:59.324  2022  2273 W Finsky  : [2268] SLM: no metadata property com.android.vending.derived.apk.id found for shared library com.google.android.trichromelibrary_744410230:
01-06 17:20:59.324  2022  2273 W Finsky  : [2268] SLM: no metadata property com.android.vending.sdk.version.patch found for shared library com.google.android.trichromelibrary_744410230:
01-06 17:20:59.325  2022  2273 W Finsky  : [2268] SLM: no metadata property com.android.vending.derived.apk.id found for shared library com.google.android.trichromelibrary_744417130:
01-06 17:20:59.325  2022  2273 W Finsky  : [2268] SLM: no metadata property com.android.vending.sdk.version.patch found for shared library com.google.android.trichromelibrary_744417130:
01-06 17:20:59.326  2022  2273 W Finsky  : [2268] SLM: no metadata property com.android.vending.derived.apk.id found for shared library com.google.android.trichromelibrary_744417430:
01-06 17:20:59.326  2022  2273 W Finsky  : [2268] SLM: no metadata property com.android.vending.sdk.version.patch found for shared library com.google.android.trichromelibrary_744417430:
01-06 17:20:59.569  2949  3701 I chatty  : uid=1000(system) Binder:2949_5 expire 3 lines
01-06 17:20:59.872  2949  2958 I chatty  : uid=1000(system) HeapTaskDaemon expire 1 line
01-06 17:21:00.004  3651  3651 E AgentTimeActionReceiver: {DT} CAUTION: time sync feature is not enabled
01-06 17:21:00.004  3651  3651 E AgentTimeActionReceiver: {DT} CAUTION: time sync feature is not enabled
01-06 17:21:00.004  3651  3651 E TimeMsgProcess: {DT} msgTpye:14
01-06 17:21:00.014  3651  3651 E TimeMsgProcess: {DT} TimeMsgProcess.isSystemTimeAutomatic(context)=trueTimeMsgProcess.isNetworkConnected(context)=true
01-06 17:21:00.015  3651  3651 E TimeMsgProcess: {DT} msgTpye:14
01-06 17:21:00.020  3651  3651 E TimeMsgProcess: {DT} TimeMsgProcess.isSystemTimeAutomatic(context)=trueTimeMsgProcess.isNetworkConnected(context)=true
01-06 17:21:00.220  3651  4919 D RecommendedChannelsThread: [MtkLog]start, status==false,mLauncherRunning==false
01-06 17:21:00.512  2949  3414 I chatty  : uid=1000(system) NetworkPolicy expire 1 line
01-06 17:21:00.940  2022  2022 I Finsky  : [2] App states replicator found 3 unowned apps
01-06 17:21:00.960  2022  2113 I Finsky  : [2219] Completed 0 account content syncs with 0 successful.
01-06 17:21:00.960  2022  2022 I Finsky  : [2] [ContentSync] Installation state replication succeeded.
01-06 17:21:00.960  2022  2022 I Finsky  : [2] SCH: jobFinished: 12-1. TimeElapsed: 1751ms.
01-06 17:21:00.961  2022  2022 I Finsky  : [2] WM::SCH: Logging work end for 12-1
01-06 17:21:01.003  2022  2113 I Finsky  : [2219] SCH: Scheduling phonesky job Id: 1-1337, CT: 1767696538502, Constraints: [{ L: 38734018, D: 81934018, C: CHARGING_NONE, I: IDLE_NONE, N: NET_ANY, B: BATTERY_ANY }]
01-06 17:21:01.010  2022  2112 I Finsky  : [2218] SCH: Scheduling 1 system job(s)
01-06 17:21:01.012  2022  2112 I Finsky  : [2218] SCH: Scheduling system job Id: 9327, L: 26011509, D: 69211509, C: false, I: false, N: 1
01-06 17:21:01.021  2022  2272 I Finsky  : [2267] SCH: job service finished with id 9319.
01-06 17:21:01.221  3651  4919 D RecommendedChannelsThread: [MtkLog]start, status==false,mLauncherRunning==false
01-06 17:21:01.438  2022  2022 I Finsky  : [2] setup::RES: shouldRecoverRestoredPackages: versionCodeSystem 84581908
01-06 17:21:01.440  2022  2022 I Finsky  : [2] Detected restoreservicev2://recovery not needed, will not run
01-06 17:21:01.521  4782  4782 W cast_shell: [0106/172101.520915:WARNING:application_manager_impl.cc(611)] Unable to fetch config for app ID YouTube because the app is not supported
01-06 17:21:01.664  2022  2150 I Finsky  : [2242] registerListener
01-06 17:21:01.664  2022  2150 I Finsky  : [2242] DSC: reviveDownloads()
01-06 17:21:01.670  2022  2150 I Finsky  : [2242] Initialized AssetModuleDownloader.
01-06 17:21:01.678  2158  2196 I Finsky:background: [2225] DS: reviveDownloads()
01-06 17:21:01.728  2949  3701 D ConnectivityService: requestNetwork for uid/pid:10017/2158 NetworkRequest [ TRACK_DEFAULT id=339, [ Capabilities: INTERNET&NOT_RESTRICTED&TRUSTED Uid: 10017 AdministratorUids: [] RequestorUid: 10017 RequestorPackageName: com.android.vending] ]
01-06 17:21:01.729  2949  3453 D ConnectivityService: NetReassign [339 : null  101]
01-06 17:21:01.732  2949  3503 I chatty  : uid=1000(system) EthernetService expire 1 line
01-06 17:21:01.735  2158  2289 I Finsky:background: [2263] DS::IDC: updateWith: <393:SUCCEEDED>
01-06 17:21:01.736  2158  2289 I Finsky:background: [2263] DS::IDC: All invisible downloads are finished.
01-06 17:21:01.736  2158  2210 I Finsky:background: [2238] DS: Network is available [NetworkState{connected=true, wifi=true, metered=false, roaming=false}].
01-06 17:21:01.736  2158  2210 I Finsky:background: [2238] DS: Updating downloads for network change
01-06 17:21:01.737  2158  2289 I Finsky:background: [2263] DS::ISM: Stopping invisible download job
01-06 17:21:02.138  4782  4782 I cast_shell: [0106/172102.138122:INFO:service_base.h(78)] Size of the map for type AuthTokenResponse is 0
01-06 17:21:02.223  3651  4919 D RecommendedChannelsThread: [MtkLog]start, status==false,mLauncherRunning==false
01-06 17:21:02.583  2949  3418 I chatty  : uid=1000(system) WifiHandlerThre expire 26 lines
01-06 17:21:02.587  2949  3701 I chatty  : uid=1000(system) Binder:2949_5 expire 9 lines
01-06 17:21:02.810  4782  4782 I cast_shell: [0106/172102.810868:INFO:service_base.h(246)] Container sizes for type CloudSetting are (session_info_map: 0), (topic_info_map: 21), (pending_events: 0).
01-06 17:21:02.811  4782  4782 I cast_shell: [0106/172102.811323:INFO:metrics_stat_logger.cc(38)] Metrics stat for the past 60 secs : total=8
01-06 17:21:02.811  4782  4782 I cast_shell: [metrics_stat_logger] Cast.Discovery.Mdns.Request.AppId.In=4
01-06 17:21:02.811  4782  4782 I cast_shell: [metrics_stat_logger] Cast.Discovery.Mdns.Request.In=4
01-06 17:21:02.811  4782  4782 I cast_shell: [metrics_stat_logger] Cast.Discovery.Mdns.Response.AppId.Out=4
01-06 17:21:02.811  4782  4782 I cast_shell: [metrics_stat_logger] Cast.Discovery.Mdns.Response.Out=4
01-06 17:21:02.811  4782  4782 I cast_shell: [metrics_stat_logger] Dial.SsdpDeviceDesc.Unknown=6
01-06 17:21:02.811  4782  4782 I cast_shell: [metrics_stat_logger] Dial.SsdpDeviceDesc.Unknown.200=6
01-06 17:21:02.811  4782  4782 I cast_shell: [metrics_stat_logger] Dial.YouTube.GetInfo.Unknown=6
01-06 17:21:02.811  4782  4782 I cast_shell: [metrics_stat_logger] Dial.YouTube.GetInfo.Unknown.404=6
01-06 17:21:03.224  3651  4919 D RecommendedChannelsThread: [MtkLog]start, status==false,mLauncherRunning==false
01-06 17:21:03.330  2158  2158 I Finsky:background: [2] Memory trim requested to level 60
01-06 17:21:03.330  2022  2022 I Finsky  : [2] Memory trim requested to level 80
01-06 17:21:03.331  2022  2022 I Finsky  : [2] Flushing in-memory image cache
01-06 17:21:03.365 26704 26704 W ThreadPoolForeg: type=1400 audit(0.0:2188): avc: denied { write } for name="traced_producer" dev="tmpfs" ino=12647 scontext=u:r:gmscore_app:s0:c512,c768 tcontext=u:object_r:traced_producer_socket:s0 tclass=sock_file permissive=0 app=com.google.android.gms
01-06 17:21:03.375  2834  2834 D MTK_KL  : 36,942728,24583303374,-;type=1400 audit(1767709263.365:2188): avc: denied { write } for comm="ThreadPoolForeg" name="traced_producer" dev="tmpfs" ino=12647 scontext=u:r:gmscore_app:s0:c512,c768 tcontext=u:object_r:traced_producer_socket:s0 tclass=sock_file permissive=0 app=com.google.android.gms
01-06 17:21:04.226  3651  4919 D RecommendedChannelsThread: [MtkLog]start, status==false,mLauncherRunning==false
01-06 17:21:05.228  3651  4919 D RecommendedChannelsThread: [MtkLog]start, status==false,mLauncherRunning==false
01-06 17:21:06.229  3651  4919 D RecommendedChannelsThread: [MtkLog]start, status==false,mLauncherRunning==false
01-06 17:21:07.231  3651  4919 D RecommendedChannelsThread: [MtkLog]start, status==false,mLauncherRunning==false
01-06 17:21:07.257  4782  4980 I cast_shell: [0106/172107.257201:INFO:mdns_app_filter.cc(3358)] MdnsAppFilter: responses sent in 31 seconds: 4
01-06 17:21:08.232  3651  4919 D RecommendedChannelsThread: [MtkLog]start, status==false,mLauncherRunning==false
01-06 17:21:09.234  3651  4919 D RecommendedChannelsThread: [MtkLog]start, status==false,mLauncherRunning==false
01-06 17:21:10.235  3651  4919 I chatty  : uid=1000(system) Thread-68 identical 1 line
01-06 17:21:11.237  3651  4919 D RecommendedChannelsThread: [MtkLog]start, status==false,mLauncherRunning==false
01-06 17:21:11.516  4782  4782 W cast_shell: [0106/172111.516725:WARNING:application_manager_impl.cc(611)] Unable to fetch config for app ID YouTube because the app is not supported
01-06 17:21:11.625  2949  3418 I chatty  : uid=1000(system) WifiHandlerThre expire 27 lines
01-06 17:21:11.629  2949  3701 I chatty  : uid=1000(system) Binder:2949_5 expire 9 lines
01-06 17:21:12.238  3651  4919 D RecommendedChannelsThread: [MtkLog]start, status==false,mLauncherRunning==false
01-06 17:21:12.955  2949  2949 W Looper  : Slow dispatch took 2004ms main h=android.os.Handler c=android.app.AlarmManager$ListenerWrapper@66d7e7c m=0
01-06 17:21:12.956  2949  2949 W Looper  : Slow delivery took 2003ms main h=com.android.server.AlarmManagerService$AlarmHandler c=null m=4
01-06 17:21:12.969  2949  2949 W Looper  : Drained
01-06 17:21:13.001  2949  3701 I AlarmManager: Change Wakeup Alarm type to non Wakeup type, current type=[2] packageName = androidstatsTag = *walarm*:*job.deadline* @26235634 and next wakeup alarm is @Tue Jan 06 22:57:14 GMT+03:00 2026
01-06 17:21:13.003  2949  3701 I AlarmManager: Change Wakeup Alarm type to non Wakeup type, current type=[2] packageName = androidstatsTag = *walarm*:*job.deadline* @24652828 and next wakeup alarm is @Tue Jan 06 22:57:14 GMT+03:00 2026
01-06 17:21:13.240  3651  4919 I chatty  : uid=1000(system) Thread-68 identical 11 lines
01-06 17:21:20.665  2949  3418 I chatty  : uid=1000(system) WifiHandlerThre expire 27 lines
01-06 17:21:20.669  2949  3701 I chatty  : uid=1000(system) Binder:2949_5 expire 12 lines
01-06 17:21:21.286  4782  1316 I cast_shell: [0106/172121.286242:INFO:ssdp_device.c(101)] SSDP packets sent for 30 seconds = 13
01-06 17:21:21.526  4782  4782 W cast_shell: [0106/172121.526059:WARNING:application_manager_impl.cc(611)] Unable to fetch config for app ID YouTube because the app is not supported
01-06 17:21:23.479  2834  2834 D MTK_KL  : 31,942729,24603407227,-;logd: logdr: UID=2000 GID=2000 PID=2290 n tail=0 logMask=99 pid=0 start=0ns timeout=0ns
01-06 17:21:24.257  3651  4919 I chatty  : uid=1000(system) Thread-68 expire 11 lines
01-06 17:21:29.710  2949  3418 I chatty  : uid=1000(system) WifiHandlerThre expire 27 lines
01-06 17:21:31.481  4782  4914 I cast_shell: [0106/172131.481492:INFO:wifi_frame_histogram_capturer.cc(406)] No histogram or IOCTL data
01-06 17:21:31.484  4782  4914 I cast_shell: [0106/172131.484264:INFO:wifi_util.cc(197)] Current wifi TDLS peers:
01-06 17:21:31.484  4782  4914 I cast_shell: [0106/172131.484433:INFO:wifi_util.cc(199)] 	No peers:
01-06 17:21:31.542  4782  4782 W cast_shell: [0106/172131.542051:WARNING:application_manager_impl.cc(611)] Unable to fetch config for app ID YouTube because the app is not supported
01-06 17:21:32.736  2949  3701 I chatty  : uid=1000(system) Binder:2949_5 expire 12 lines
01-06 17:21:33.405 26704 26704 W ThreadPoolForeg: type=1400 audit(0.0:2189): avc: denied { write } for name="traced_producer" dev="tmpfs" ino=12647 scontext=u:r:gmscore_app:s0:c512,c768 tcontext=u:object_r:traced_producer_socket:s0 tclass=sock_file permissive=0 app=com.google.android.gms
01-06 17:21:33.411  2834  2834 D MTK_KL  : 36,942730,24613340594,-;type=1400 audit(1767709293.405:2189): avc: denied { write } for comm="ThreadPoolForeg" name="traced_producer" dev="tmpfs" ino=12647 scontext=u:r:gmscore_app:s0:c512,c768 tcontext=u:object_r:traced_producer_socket:s0 tclass=sock_file permissive=0 app=com.google.android.gms
01-06 17:21:34.275  4782  4782 I cast_shell: [0106/172134.275711:INFO:metrics_recorder.cc(193)] Record action: Cast.CecHdmiInputState.Active
01-06 17:21:34.275  4782  4782 I cast_shell: [0106/172134.275901:INFO:metrics_recorder.cc(193)] Record action: Cast.CecStandby.On
01-06 17:21:35.274  3651  4919 I chatty  : uid=1000(system) Thread-68 expire 15 lines
01-06 17:21:38.280  4782  4980 I cast_shell: [0106/172138.280807:INFO:mdns_app_filter.cc(3358)] MdnsAppFilter: responses sent in 31 seconds: 5
01-06 17:21:38.772  2949  3418 I chatty  : uid=1000(system) WifiHandlerThre expire 36 lines
01-06 17:21:39.169  2949  2958 I chatty  : uid=1000(system) HeapTaskDaemon expire 1 line
01-06 17:21:40.455  1533  1533 D BoundBrokerSvc: onUnbind: Intent { act=com.google.android.gms.common.BIND_SHARED_PREFS pkg=com.google.android.gms }
01-06 17:21:40.457  2158  2158 I Finsky:background: [2] Memory trim requested to level 80
01-06 17:21:41.104  2022  2093 I Finsky  : [2204] Stats for Executor: LightweightExecutor mgg@676b62a[Running, pool size = 3, active threads = 0, queued tasks = 0, completed tasks = 203]
01-06 17:21:41.105  2022  2093 I Finsky  : [2204] Stats for Executor: BlockingExecutor mgg@a888c1b[Running, pool size = 3, active threads = 0, queued tasks = 0, completed tasks = 20]
01-06 17:21:41.171  2022  2093 I Finsky  : [2204] Stats for Executor: bgExecutor mgg@eb611b8[Running, pool size = 4, active threads = 0, queued tasks = 0, completed tasks = 124]
01-06 17:21:41.531  4782  4782 W cast_shell: [0106/172141.531451:WARNING:application_manager_impl.cc(611)] Unable to fetch config for app ID YouTube because the app is not supported
01-06 17:21:42.528  2158  2184 I Finsky:background: [2214] Stats for Executor: bgExecutor mgg@bd869ef[Running, pool size = 4, active threads = 0, queued tasks = 0, completed tasks = 33]
01-06 17:21:42.611  2158  2184 I Finsky:background: [2214] Stats for Executor: LightweightExecutor mgg@9461cfc[Running, pool size = 3, active threads = 0, queued tasks = 0, completed tasks = 14]
01-06 17:21:42.763  2158  2184 I Finsky:background: [2214] Stats for Executor: BlockingExecutor mgg@6974f85[Running, pool size = 2, active threads = 0, queued tasks = 0, completed tasks = 6]
01-06 17:21:44.808  2949  3701 I chatty  : uid=1000(system) Binder:2949_5 expire 6 lines
01-06 17:21:44.999  2949  2949 W Looper  : Slow dispatch took 2004ms main h=android.os.Handler c=android.app.AlarmManager$ListenerWrapper@66d7e7c m=0
01-06 17:21:44.999  2949  2949 W Looper  : Slow delivery took 2003ms main h=com.android.server.AlarmManagerService$AlarmHandler c=null m=4
01-06 17:21:45.015  2949  2949 W Looper  : Drained
01-06 17:21:45.029  2949  3701 I AlarmManager: Change Wakeup Alarm type to non Wakeup type, current type=[2] packageName = androidstatsTag = *walarm*:*job.deadline* @26235634 and next wakeup alarm is @Tue Jan 06 22:57:14 GMT+03:00 2026
01-06 17:21:45.030  2949  3701 I AlarmManager: Change Wakeup Alarm type to non Wakeup type, current type=[2] packageName = androidstatsTag = *walarm*:*job.deadline* @24684857 and next wakeup alarm is @Tue Jan 06 22:57:14 GMT+03:00 2026
01-06 17:21:45.155  2834  2834 D MTK_KL  : 31,942731,24625085685,-;logd: logdr: UID=2000 GID=2000 PID=2296 n tail=0 logMask=99 pid=0 start=0ns timeout=0ns
01-06 17:21:49.902  2158  2257 I PlayCommon: [2260] Preparing logs for uploading
01-06 17:21:49.924  2158  2257 I PlayCommon: [2260] Connecting to server for timestamp: https://play.googleapis.com/play/log/timestamp
01-06 17:21:50.296  3651  4919 I chatty  : uid=1000(system) Thread-68 expire 10 lines
01-06 17:21:50.387  2158  2257 I PlayCommon: [2260] Connecting to server: https://play.googleapis.com/play/log?format=raw&proto_v2=true
01-06 17:21:50.578  2158  2257 I PlayCommon: [2260] Successfully uploaded logs.
01-06 17:21:50.826  2949  3418 I chatty  : uid=1000(system) WifiHandlerThre expire 27 lines
01-06 17:21:50.831  2949  3701 I chatty  : uid=1000(system) Binder:2949_5 expire 6 lines
01-06 17:21:51.304  4782  1316 I cast_shell: [0106/172151.304718:INFO:ssdp_device.c(101)] SSDP packets sent for 30 seconds = 9
01-06 17:21:51.537  4782  4782 W cast_shell: [0106/172151.537563:WARNING:application_manager_impl.cc(611)] Unable to fetch config for app ID YouTube because the app is not supported
01-06 17:21:58.749  4093  4872 W native  : W0000 00:00:1767709318.744091    4872 publisher.cc:35] [FTL] No subscribers for event "assistant.api.events.MetricEvent" from publisher "UmaMetricsForwarder"
01-06 17:21:59.879  2949  3418 D WifiClientModeImpl: fetchRssiLinkSpeedAndFrequencyNative rssi=-41 TxLinkspeed=144 freq=2462 RxLinkSpeed=0
01-06 17:21:59.879  2949  3418 V WifiConfigManager: Updating scan detail cache freq=2462 BSSID=08:5c:1b:34:13:d4 RSSI=-40 for "RIFT _CALL "WPA_PSK
01-06 17:21:59.880  2949  3418 D WifiThroughputPredictor:  utilization (BssLoad) -1 utilization (LLStats) 80 isBluetoothConnected: false final utilization: 80
01-06 17:21:59.880  2949  3418 D WifiThroughputPredictor:  utilization (BssLoad) -1 utilization (LLStats) 80 isBluetoothConnected: false final utilization: 80
01-06 17:21:59.882  2949  3418 D WifiClientModeImpl:  L2ConnectedState screen=on 4 0 "RIFT _CALL " 08:5c:1b:34:13:d4 rssi=-41 f=2462 sc=60 link=144 tx=8.0, 0.0, 0.0  rx=6.1 bcn=0 [on:0 tx:0 rx:0 period:3021] from screen [on:0 period:24581585] score=60
01-06 17:22:00.001  3651  3651 E AgentTimeActionReceiver: {DT} CAUTION: time sync feature is not enabled
01-06 17:22:00.001  3651  3651 E AgentTimeActionReceiver: {DT} CAUTION: time sync feature is not enabled
01-06 17:22:00.001  3651  3651 E TimeMsgProcess: {DT} msgTpye:14
01-06 17:22:00.007  3651  3651 E TimeMsgProcess: {DT} TimeMsgProcess.isSystemTimeAutomatic(context)=trueTimeMsgProcess.isNetworkConnected(context)=true
01-06 17:22:00.007  3651  3651 E TimeMsgProcess: {DT} msgTpye:14
01-06 17:22:00.012  3651  3651 E TimeMsgProcess: {DT} TimeMsgProcess.isSystemTimeAutomatic(context)=trueTimeMsgProcess.isNetworkConnected(context)=true
01-06 17:22:00.311  3651  4919 D RecommendedChannelsThread: [MtkLog]start, status==false,mLauncherRunning==false
01-06 17:22:00.869  4782  4782 I cast_shell: [0106/172200.869271:INFO:grpc_manager_impl.cc(881)] GRPC[uri=localhost:10042]: num_pending_calls=0, num_active_handlers=1, num_free_handlers=0
01-06 17:22:00.869  4782  4782 I cast_shell: [0106/172200.869586:INFO:grpc_manager_impl.cc(881)] GRPC[uri=localhost:10042]: num_pending_calls=0, num_active_handlers=1, num_free_handlers=0
01-06 17:22:00.887  4782  4782 I cast_shell: [0106/172200.887626:INFO:grpc_manager_impl.cc(881)] GRPC[uri=]: num_pending_calls=0, num_active_handlers=0, num_free_handlers=0
01-06 17:22:00.887  4782  4782 I cast_shell: [0106/172200.887865:INFO:grpc_manager_impl.cc(881)] GRPC[uri=]: num_pending_calls=0, num_active_handlers=0, num_free_handlers=0
01-06 17:22:01.215  4782  4782 I cast_shell: [0106/172201.214955:INFO:grpc_manager_impl.cc(881)] GRPC[uri=[::]:0]: num_pending_calls=0, num_active_handlers=4, num_free_handlers=0
01-06 17:22:01.312  3651  4919 D RecommendedChannelsThread: [MtkLog]start, status==false,mLauncherRunning==false
01-06 17:22:01.543  4782  4782 W cast_shell: [0106/172201.543362:WARNING:application_manager_impl.cc(611)] Unable to fetch config for app ID YouTube because the app is not supported
01-06 17:22:02.138  4782  4782 I cast_shell: [0106/172202.138409:INFO:service_base.h(78)] Size of the map for type AuthTokenResponse is 0
01-06 17:22:02.314  3651  4919 D RecommendedChannelsThread: [MtkLog]start, status==false,mLauncherRunning==false
01-06 17:22:02.731  4782  4980 I cast_shell: [0106/172202.731814:INFO:mdns_cast_service.cc(987)] Recent mDNS app subtypes: [supported:'233637DE',] [unsupported:]
01-06 17:22:02.811  4782  4782 I cast_shell: [0106/172202.811200:INFO:service_base.h(246)] Container sizes for type CloudSetting are (session_info_map: 0), (topic_info_map: 21), (pending_events: 0).
01-06 17:22:02.811  4782  4782 I cast_shell: [0106/172202.811548:INFO:metrics_stat_logger.cc(38)] Metrics stat for the past 60 secs : total=13
01-06 17:22:02.811  4782  4782 I cast_shell: [metrics_stat_logger] AppRunning=1
01-06 17:22:02.811  4782  4782 I cast_shell: [metrics_stat_logger] Cast.CecHdmiInputState.Active=1
01-06 17:22:02.811  4782  4782 I cast_shell: [metrics_stat_logger] Cast.CecStandby.On=1
01-06 17:22:02.811  4782  4782 I cast_shell: [metrics_stat_logger] Cast.ConnectionType.Wifi=1
01-06 17:22:02.811  4782  4782 I cast_shell: [metrics_stat_logger] Cast.Discovery.Mdns.Request.AppId.In=4
01-06 17:22:02.811  4782  4782 I cast_shell: [metrics_stat_logger] Cast.Discovery.Mdns.Request.In=4
01-06 17:22:02.811  4782  4782 I cast_shell: [metrics_stat_logger] Cast.Discovery.Mdns.Response.AppId.Out=4
01-06 17:22:02.811  4782  4782 I cast_shell: [metrics_stat_logger] Cast.Discovery.Mdns.Response.Out=4
01-06 17:22:02.811  4782  4782 I cast_shell: [metrics_stat_logger] Cast.Network.CheckIn=1
01-06 17:22:02.811  4782  4782 I cast_shell: [metrics_stat_logger] Dial.SsdpDeviceDesc.Unknown=6
01-06 17:22:02.811  4782  4782 I cast_shell: [metrics_stat_logger] Dial.SsdpDeviceDesc.Unknown.200=6
01-06 17:22:02.811  4782  4782 I cast_shell: [metrics_stat_logger] Dial.YouTube.GetInfo.Unknown=6
01-06 17:22:02.811  4782  4782 I cast_shell: [metrics_stat_logger] Dial.YouTube.GetInfo.Unknown.404=6
01-06 17:22:02.889  2949  3418 D WifiClientModeImpl: fetchRssiLinkSpeedAndFrequencyNative rssi=-41 TxLinkspeed=144 freq=2462 RxLinkSpeed=0
01-06 17:22:02.889  2949  3418 V WifiConfigManager: Updating scan detail cache freq=2462 BSSID=08:5c:1b:34:13:d4 RSSI=-40 for "RIFT _CALL "WPA_PSK
01-06 17:22:02.891  2949  3418 D WifiThroughputPredictor:  utilization (BssLoad) -1 utilization (LLStats) 80 isBluetoothConnected: false final utilization: 80
01-06 17:22:02.891  2949  3418 D WifiThroughputPredictor:  utilization (BssLoad) -1 utilization (LLStats) 80 isBluetoothConnected: false final utilization: 80
01-06 17:22:02.893  2949  3418 D WifiClientModeImpl:  L2ConnectedState screen=on 4 0 "RIFT _CALL " 08:5c:1b:34:13:d4 rssi=-41 f=2462 sc=60 link=144 tx=18.9, 0.0, 0.0  rx=18.2 bcn=0 [on:0 tx:0 rx:0 period:3009] from screen [on:0 period:24584595] score=60
01-06 17:22:03.316  3651  4919 D RecommendedChannelsThread: [MtkLog]start, status==false,mLauncherRunning==false
01-06 17:22:03.445 26704 26704 W ThreadPoolForeg: type=1400 audit(0.0:2190): avc: denied { write } for name="traced_producer" dev="tmpfs" ino=12647 scontext=u:r:gmscore_app:s0:c512,c768 tcontext=u:object_r:traced_producer_socket:s0 tclass=sock_file permissive=0 app=com.google.android.gms
01-06 17:22:03.451  2834  2834 D MTK_KL  : 36,942732,24643381015,-;type=1400 audit(1767709323.445:2190): avc: denied { write } for comm="ThreadPoolForeg" name="traced_producer" dev="tmpfs" ino=12647 scontext=u:r:gmscore_app:s0:c512,c768 tcontext=u:object_r:traced_producer_socket:s0 tclass=sock_file permissive=0 app=com.google.android.gms
01-06 17:22:04.317  3651  4919 D RecommendedChannelsThread: [MtkLog]start, status==false,mLauncherRunning==false
01-06 17:22:05.319  3651  4919 D RecommendedChannelsThread: [MtkLog]start, status==false,mLauncherRunning==false
01-06 17:22:05.911  2949  3418 D WifiClientModeImpl: fetchRssiLinkSpeedAndFrequencyNative rssi=-41 TxLinkspeed=144 freq=2462 RxLinkSpeed=0
01-06 17:22:05.911  2949  3418 V WifiConfigManager: Updating scan detail cache freq=2462 BSSID=08:5c:1b:34:13:d4 RSSI=-40 for "RIFT _CALL "WPA_PSK
01-06 17:22:05.912  2949  3418 D WifiThroughputPredictor:  utilization (BssLoad) -1 utilization (LLStats) 80 isBluetoothConnected: false final utilization: 80
01-06 17:22:05.912  2949  3418 D WifiThroughputPredictor:  utilization (BssLoad) -1 utilization (LLStats) 80 isBluetoothConnected: false final utilization: 80
01-06 17:22:05.913  2949  3418 D WifiClientModeImpl:  L2ConnectedState screen=on 4 0 "RIFT _CALL " 08:5c:1b:34:13:d4 rssi=-41 f=2462 sc=60 link=144 tx=12.0, 0.0, 0.0  rx=11.3 bcn=0 [on:0 tx:0 rx:0 period:3020] from screen [on:0 period:24587616] score=60
01-06 17:22:06.320  3651  4919 D RecommendedChannelsThread: [MtkLog]start, status==false,mLauncherRunning==false
01-06 17:22:06.982  3522  3522 D wpa_supplicant: wlan0: BSS: Remove id 217 BSSID 50:9a:88:12:75:ac SSID 'Kigen' due to wpa_bss_flush_by_age
01-06 17:22:06.982  3522  3522 D wpa_supplicant: wlan0: BSS: Remove id 218 BSSID 90:3f:ea:b3:20:a0 SSID 'Dan17' due to wpa_bss_flush_by_age
01-06 17:22:07.322  3651  4919 D RecommendedChannelsThread: [MtkLog]start, status==false,mLauncherRunning==false
01-06 17:22:08.076  2022  2280 I android.vendin: oneway function results will be dropped but finished with status UNKNOWN_TRANSACTION and parcel size 0
01-06 17:22:08.083  2158  2158 I Finsky:background: [2] Memory trim requested to level 60
01-06 17:22:08.323  3651  4919 D RecommendedChannelsThread: [MtkLog]start, status==false,mLauncherRunning==false
01-06 17:22:08.931  2949  3418 D WifiClientModeImpl: fetchRssiLinkSpeedAndFrequencyNative rssi=-41 TxLinkspeed=144 freq=2462 RxLinkSpeed=0
01-06 17:22:08.931  2949  3418 V WifiConfigManager: Updating scan detail cache freq=2462 BSSID=08:5c:1b:34:13:d4 RSSI=-40 for "RIFT _CALL "WPA_PSK
01-06 17:22:08.932  2949  3418 D WifiThroughputPredictor:  utilization (BssLoad) -1 utilization (LLStats) 80 isBluetoothConnected: false final utilization: 80
01-06 17:22:08.932  2949  3418 D WifiThroughputPredictor:  utilization (BssLoad) -1 utilization (LLStats) 80 isBluetoothConnected: false final utilization: 80
01-06 17:22:08.934  2949  3418 D WifiClientModeImpl:  L2ConnectedState screen=on 4 0 "RIFT _CALL " 08:5c:1b:34:13:d4 rssi=-41 f=2462 sc=60 link=144 tx=10.3, 0.0, 0.0  rx=8.3 bcn=0 [on:0 tx:0 rx:0 period:3020] from screen [on:0 period:24590637] score=60
01-06 17:22:08.967  2834  2834 D MTK_KL  : 31,942733,24648896379,-;logd: logdr: UID=2000 GID=2000 PID=2304 n tail=0 logMask=99 pid=0 start=0ns timeout=0ns
