01-06 17:19:38.201  2949  3418 I chatty  : uid=1000(system) WifiHandlerThre expire 58 lines
01-06 17:19:41.463  4782  4782 W cast_shell: [0106/171941.463312:WARNING:application_manager_impl.cc(611)] Unable to fetch config for app ID YouTube because the app is not supported
01-06 17:19:51.276  4782  1316 I cast_shell: [0106/171951.276371:INFO:ssdp_device.c(101)] SSDP packets sent for 30 seconds = 9
01-06 17:19:51.478  4782  4782 W cast_shell: [0106/171951.478773:WARNING:application_manager_impl.cc(611)] Unable to fetch config for app ID YouTube because the app is not supported
01-06 17:19:51.904  3651  4919 I chatty  : uid=1000(system) Thread-68 expire 21 lines
01-06 17:19:56.298  2949  4603 I chatty  : uid=1000(system) Binder:2949_11 expire 21 lines
01-06 17:19:59.306  2949  3418 I chatty  : uid=1000(system) WifiHandlerThre expire 58 lines
01-06 17:20:01.480  4782  4782 W cast_shell: [0106/172001.480020:WARNING:application_manager_impl.cc(611)] Unable to fetch config for app ID YouTube because the app is not supported
01-06 17:20:02.137  4782  4782 I cast_shell: [0106/172002.137777:INFO:service_base.h(78)] Size of the map for type AuthTokenResponse is 0
01-06 17:20:02.731  4782  4980 I cast_shell: [0106/172002.731319:INFO:mdns_cast_service.cc(987)] Recent mDNS app subtypes: [supported:'233637DE',] [unsupported:]
01-06 17:20:02.733  4782  4782 I cast_shell: [0106/172002.733766:INFO:service_base.h(246)] Container sizes for type CloudSetting are (session_info_map: 0), (topic_info_map: 21), (pending_events: 0).
01-06 17:20:02.734  4782  4782 I cast_shell: [0106/172002.734024:INFO:metrics_stat_logger.cc(38)] Metrics stat for the past 60 secs : total=8
01-06 17:20:02.734  4782  4782 I cast_shell: [metrics_stat_logger] Cast.Discovery.Mdns.Request.AppId.In=4
01-06 17:20:02.734  4782  4782 I cast_shell: [metrics_stat_logger] Cast.Discovery.Mdns.Request.In=4
01-06 17:20:02.734  4782  4782 I cast_shell: [metrics_stat_logger] Cast.Discovery.Mdns.Response.AppId.Out=4
01-06 17:20:02.734  4782  4782 I cast_shell: [metrics_stat_logger] Cast.Discovery.Mdns.Response.Out=4
01-06 17:20:02.734  4782  4782 I cast_shell: [metrics_stat_logger] Dial.SsdpDeviceDesc.Unknown=6
01-06 17:20:02.734  4782  4782 I cast_shell: [metrics_stat_logger] Dial.SsdpDeviceDesc.Unknown.200=6
01-06 17:20:02.734  4782  4782 I cast_shell: [metrics_stat_logger] Dial.YouTube.GetInfo.Unknown=6
01-06 17:20:02.734  4782  4782 I cast_shell: [metrics_stat_logger] Dial.YouTube.GetInfo.Unknown.404=6
01-06 17:20:03.269 26704 26704 W ThreadPoolForeg: type=1400 audit(0.0:2179): avc: denied { write } for name="traced_producer" dev="tmpfs" ino=12647 scontext=u:r:gmscore_app:s0:c512,c768 tcontext=u:object_r:traced_producer_socket:s0 tclass=sock_file permissive=0 app=com.google.android.gms
01-06 17:20:03.275  2834  2834 D MTK_KL  : 36,942715,24523204586,-;type=1400 audit(1767709203.269:2179): avc: denied { write } for comm="ThreadPoolForeg" name="traced_producer" dev="tmpfs" ino=12647 scontext=u:r:gmscore_app:s0:c512,c768 tcontext=u:object_r:traced_producer_socket:s0 tclass=sock_file permissive=0 app=com.google.android.gms
01-06 17:20:05.198  4782  4980 I cast_shell: [0106/172005.198225:INFO:mdns_app_filter.cc(3358)] MdnsAppFilter: responses sent in 30 seconds: 5
01-06 17:20:08.527  2949  2949 W Looper  : Slow dispatch took 2004ms main h=android.os.Handler c=android.app.AlarmManager$ListenerWrapper@66d7e7c m=0
01-06 17:20:08.528  2949  2949 W Looper  : Slow delivery took 2003ms main h=com.android.server.AlarmManagerService$AlarmHandler c=null m=4
01-06 17:20:08.541  2949  2949 W Looper  : Drained
01-06 17:20:08.557  2949  4603 I AlarmManager: Change Wakeup Alarm type to non Wakeup type, current type=[2] packageName = androidstatsTag = *walarm*:*job.deadline* @26235634 and next wakeup alarm is @Tue Jan 06 22:57:14 GMT+03:00 2026
01-06 17:20:08.559  2949  4603 I AlarmManager: Change Wakeup Alarm type to non Wakeup type, current type=[2] packageName = androidstatsTag = *walarm*:*job.deadline* @24588385 and next wakeup alarm is @Tue Jan 06 22:57:14 GMT+03:00 2026
01-06 17:20:11.485  4782  4782 W cast_shell: [0106/172011.485657:WARNING:application_manager_impl.cc(611)] Unable to fetch config for app ID YouTube because the app is not supported
01-06 17:20:12.030  1677  1689 I com.bingetv.ap: WaitForGcToComplete blocked Background on ProfileSaver for 7.290ms
01-06 17:20:12.432  1677  1689 I com.bingetv.ap: Background concurrent copying GC freed 45017(2730KB) AllocSpace objects, 0(0B) LOS objects, 24% free, 7147KB/9530KB, paused 109us total 148.683ms
01-06 17:20:12.935  3651  4919 I chatty  : uid=1000(system) Thread-68 expire 15 lines
01-06 17:20:17.379  2949  3418 I chatty  : uid=1000(system) WifiHandlerThre expire 32 lines
01-06 17:20:17.382  2949  4603 I chatty  : uid=1000(system) Binder:2949_11 expire 12 lines
01-06 17:20:21.258  4782  1316 I cast_shell: [0106/172021.258480:INFO:ssdp_device.c(101)] SSDP packets sent for 30 seconds = 13
01-06 17:20:21.489  4782  4782 W cast_shell: [0106/172021.489847:WARNING:application_manager_impl.cc(611)] Unable to fetch config for app ID YouTube because the app is not supported
01-06 17:20:28.866 13646 13646 I abb     : StartCommandInProcess(73657474696e67730067657400676c6f settings.get.glo [truncated])
01-06 17:20:28.874 13646 13651 I abb     : oneway function results will be dropped but finished with status OK and parcel size 4
01-06 17:20:28.869  2949  2949 W Binder:2949_11: type=1400 audit(0.0:2180): avc: denied { getopt } for scontext=u:r:system_server:s0 tcontext=u:r:shell:s0 tclass=unix_stream_socket permissive=0
01-06 17:20:28.869  2949  2949 I chatty  : uid=0(root) system_server identical 2 lines
01-06 17:20:28.869  2949  2949 W Binder:2949_11: type=1400 audit(0.0:2182): avc: denied { getopt } for scontext=u:r:system_server:s0 tcontext=u:r:shell:s0 tclass=unix_stream_socket permissive=0
01-06 17:20:28.875  2834  2834 D MTK_KL  : 36,942716,24548804884,-;type=1400 audit(1767709228.869:2180): avc: denied { getopt } for comm="Binder:2949_11" scontext=u:r:system_server:s0 tcontext=u:r:shell:s0 tclass=unix_stream_socket permissive=0
01-06 17:20:28.875  2834  2834 I chatty  : uid=0(root) /vendor/bin/k2logcat identical 2 lines
01-06 17:20:28.875  2834  2834 D MTK_KL  : 36,942718,24548805306,-;type=1400 audit(1767709228.869:2182): avc: denied { getopt } for comm="Binder:2949_11" scontext=u:r:system_server:s0 tcontext=u:r:shell:s0 tclass=unix_stream_socket permissive=0
01-06 17:20:28.881 13646 13646 I abb     : StartCommandInProcess(7061636b61676500696e7374616c6c00 package.install. [truncated])
01-06 17:20:28.960  3651  4919 I chatty  : uid=1000(system) Thread-68 expire 13 lines
01-06 17:20:29.437  2949  3418 I chatty  : uid=1000(system) WifiHandlerThre expire 54 lines
01-06 17:20:30.238  2949  3414 I chatty  : uid=1000(system) NetworkPolicy expire 1 line
01-06 17:20:30.425  2949  2949 W Binder:2949_11: type=1400 audit(0.0:2183): avc: denied { getopt } for scontext=u:r:system_server:s0 tcontext=u:r:shell:s0 tclass=unix_stream_socket permissive=0
01-06 17:20:30.431  2834  2834 D MTK_KL  : 36,942719,24550361693,-;type=1400 audit(1767709230.425:2183): avc: denied { getopt } for comm="Binder:2949_11" scontext=u:r:system_server:s0 tcontext=u:r:shell:s0 tclass=unix_stream_socket permissive=0
01-06 17:20:30.632  2949  3406 W RuleEvaluation: Integrity rule files are not available.
01-06 17:20:30.633  2949  3220 I PackageManager: Integrity check passed for file:///data/app/vmdl1851258228.tmp
01-06 17:20:30.658  2949  3013 I ActivityManager: Force stopping com.bingetv.app appid=10108 user=-1: installPackageLI
01-06 17:20:30.660  2949  3013 I ActivityManager: Killing 1677:com.bingetv.app/u0a108 (adj 0): stop com.bingetv.app due to installPackageLI
01-06 17:20:30.664  2949  3220 I PackageManager: Update package com.bingetv.app code path from /data/app/~~jkc7eKuFPwdrhrdcwoObig==/com.bingetv.app-2THSstkTY8qI906cmwj0eA== to /data/app/~~ES9UqaXKYJfEPkHYTx4OpA==/com.bingetv.app-EN0uDEyzkmUv2AG5yPVW6Q==; Retain data and using new
01-06 17:20:30.664  2949  3220 I PackageManager: Update package com.bingetv.app resource path from /data/app/~~jkc7eKuFPwdrhrdcwoObig==/com.bingetv.app-2THSstkTY8qI906cmwj0eA== to /data/app/~~ES9UqaXKYJfEPkHYTx4OpA==/com.bingetv.app-EN0uDEyzkmUv2AG5yPVW6Q==; Retain data and using new
01-06 17:20:30.669  2949  3013 W ActivityTaskManager: Force removing ActivityRecord{2ee8f97 u0 com.bingetv.app/.ui.main.EnhancedMainActivity t21004 f}}: app died, no saved state
01-06 17:20:30.682  2949  3220 D CompatibilityChangeReporter: Compat change id reported: 135549675; UID 10108; state: ENABLED
01-06 17:20:30.687  2949  3220 I PackageManager: Permission ownership changed. Updating all permissions.
01-06 17:20:30.731  2834  2834 D MTK_KL  : 3,942720,24550658992,-;binder_alloc: 1677: binder_alloc_buf, no vma
01-06 17:20:30.731  2834  2834 D MTK_KL  : 6,942721,24550659006,-;binder: 2949:3013 transaction failed 29189/-3, size 64-0 line 3188
01-06 17:20:30.736  2949  3402 I chatty  : uid=1000(system) InputDispatcher expire 2 lines
01-06 17:20:30.738  2949  6625 D ConnectivityService: ConnectivityService NetworkRequestInfo binderDied(NetworkRequest [ TRACK_DEFAULT id=331, [ Capabilities: INTERNET&NOT_RESTRICTED&TRUSTED Uid: 10108 AdministratorUids: [] RequestorUid: 10108 RequestorPackageName: com.bingetv.app] ], android.os.BinderProxy@22c8585)
01-06 17:20:30.745  2949  3013 I chatty  : uid=1000(system) ActivityManager expire 1 line
01-06 17:20:30.746  2476  2476 I Zygote  : Process 1677 exited due to signal 9 (Killed)
01-06 17:20:30.746  2949  3453 D ConnectivityService: releasing NetworkRequest [ TRACK_DEFAULT id=331, [ Capabilities: INTERNET&NOT_RESTRICTED&TRUSTED Uid: 10108 AdministratorUids: [] RequestorUid: 10108 RequestorPackageName: com.bingetv.app] ] (release request)
01-06 17:20:30.752  2949  3020 I chatty  : uid=1000(system) ActivityManager expire 5 lines
01-06 17:20:30.777  2638  3058 D hwcomposer: HWComposerDisplayHalMiOsd::hwcMiDisplay: Layer[0]: hide!!!!
01-06 17:20:31.173  2949  3220 W PackageSettings: Skipping PackageSetting{234c113 com.ytvplayer.yacinetv/10077} due to missing metadata
01-06 17:20:31.498  4782  4782 W cast_shell: [0106/172031.498658:WARNING:application_manager_impl.cc(611)] Unable to fetch config for app ID YouTube because the app is not supported
01-06 17:20:32.056  2949  6625 W WindowManager: Failed looking up window session=Session{bf7b673 1677:u0a10108} callers=com.android.server.wm.WindowManagerService.windowForClientLocked:5431 com.android.server.wm.WindowState$DeathRecipient.binderDied:2818 android.os.IBinder$DeathRecipient.binderDied:305 
01-06 17:20:32.056  2949  6625 I WindowManager: WIN DEATH: null
01-06 17:20:32.068  3651  4916 I chatty  : uid=1000(system) RecommendedChan expire 8 lines
01-06 17:20:32.080  2949  3220 I chatty  : uid=1000(system) PackageManager expire 1 line
01-06 17:20:32.084  2949  2996 W Looper  : Slow dispatch took 1426ms android.ui h=com.android.server.am.ActivityManagerService$UiHandler c=null m=53
01-06 17:20:32.084  2949  2996 W Looper  : Slow delivery took 1421ms android.ui h=com.android.server.am.ActivityManagerService$UiHandler c=null m=32
01-06 17:20:32.090  2949  2998 W ActivityManager: setHasOverlayUi called on unknown pid: 1677
01-06 17:20:32.095  2822  3322 V installd: DexInv: --- BEGIN '/data/app/~~ES9UqaXKYJfEPkHYTx4OpA==/com.bingetv.app-EN0uDEyzkmUv2AG5yPVW6Q==/base.apk' ---
01-06 17:20:32.150  3651  4916 W ContextImpl: Calling a method in the system process without a qualified user: android.app.ContextImpl.bindService:1748 android.content.ContextWrapper.bindService:756 com.mediatek.wwtv.tvrecommendation.util.ChannelQueryClient.<init>:30 com.mediatek.wwtv.tvrecommendation.util.ChannelQueryClient.getInstance:92 com.mediatek.wwtv.tvrecommendation.RecommendedChannelsThread.bindQueryChannelService:711 
01-06 17:20:32.155  2949  2996 W Looper  : Drained
01-06 17:20:32.188  3651  3651 I chatty  : uid=1000(system) com.mediatek.tv.service expire 81 lines
01-06 17:20:32.204  1486  1504 E ConfigurationProvider: openFile content://tvlauncher.apprecs/app_recommendations,r
01-06 17:20:32.225  1486  1504 I wyzzz   : catchjava.lang.NullPointerException: Attempt to invoke virtual method 'java.util.Map com.google.android.leanbacklauncher.partnercustomizer.IniFile$Section.getValues()' on a null object reference
01-06 17:20:32.226  1486  1504 W System.err: java.lang.NullPointerException: Attempt to invoke virtual method 'java.util.Map com.google.android.leanbacklauncher.partnercustomizer.IniFile$Section.getValues()' on a null object reference
01-06 17:20:32.228  1486  1504 W System.err: 	at com.google.android.leanbacklauncher.partnercustomizer.ConfigurationProvider.getCustomizationFuncData(ConfigurationProvider.java:370)
01-06 17:20:32.228  1486  1504 W System.err: 	at com.google.android.leanbacklauncher.partnercustomizer.ConfigurationProvider.openFile(ConfigurationProvider.java:74)
01-06 17:20:32.228  1486  1504 W System.err: 	at android.content.ContentProvider.openAssetFile(ContentProvider.java:2004)
01-06 17:20:32.228  1486  1504 W System.err: 	at android.content.ContentProvider.openTypedAssetFile(ContentProvider.java:2186)
01-06 17:20:32.228  1486  1504 W System.err: 	at android.content.ContentProvider.openTypedAssetFile(ContentProvider.java:2253)
01-06 17:20:32.228  1486  1504 W System.err: 	at android.content.ContentProvider$Transport.openTypedAssetFile(ContentProvider.java:553)
01-06 17:20:32.228  1486  1504 W System.err: 	at android.content.ContentProviderNative.onTransact(ContentProviderNative.java:327)
01-06 17:20:32.228  1486  1504 W System.err: 	at android.os.Binder.execTransactInternal(Binder.java:1154)
01-06 17:20:32.228  1486  1504 W System.err: 	at android.os.Binder.execTransact(Binder.java:1123)
01-06 17:20:32.238  1486  1525 E ConfigurationProvider: Failed to send file content://tvlauncher.apprecs/app_recommendations
01-06 17:20:32.238  1486  1525 E ConfigurationProvider: java.lang.NullPointerException: Attempt to invoke virtual method 'int java.io.InputStream.read(byte[])' on a null object reference
01-06 17:20:32.238  1486  1525 E ConfigurationProvider: 	at com.google.android.leanbacklauncher.partnercustomizer.ConfigurationProvider$1.writeDataToPipe(ConfigurationProvider.java:241)
01-06 17:20:32.238  1486  1525 E ConfigurationProvider: 	at android.content.ContentProvider$1.doInBackground(ContentProvider.java:2304)
01-06 17:20:32.238  1486  1525 E ConfigurationProvider: 	at android.os.AsyncTask$3.call(AsyncTask.java:394)
01-06 17:20:32.238  1486  1525 E ConfigurationProvider: 	at java.util.concurrent.FutureTask.run(FutureTask.java:266)
01-06 17:20:32.238  1486  1525 E ConfigurationProvider: 	at java.util.concurrent.ThreadPoolExecutor.runWorker(ThreadPoolExecutor.java:1167)
01-06 17:20:32.238  1486  1525 E ConfigurationProvider: 	at java.util.concurrent.ThreadPoolExecutor$Worker.run(ThreadPoolExecutor.java:641)
01-06 17:20:32.238  1486  1525 E ConfigurationProvider: 	at java.lang.Thread.run(Thread.java:923)
01-06 17:20:32.257  1344  1344 E Clearcut-EventLogger: Unexpected log parameter notification_indicator_total
01-06 17:20:32.277  2005  2005 I dex2oat32: /apex/com.android.art/bin/dex2oat32 --input-vdex-fd=-1 --output-vdex-fd=9 --updatable-bcp-packages-file=/system/etc/updatable-bcp-packages.txt --resolve-startup-const-strings=true --max-image-block-size=524288 --compiler-filter=speed-profile --classpath-dir=/data/app/~~ES9UqaXKYJfEPkHYTx4OpA==/com.bingetv.app-EN0uDEyzkmUv2AG5yPVW6Q== --class-loader-context=PCL[]{} --generate-mini-debug-info --compact-dex-level=none --compilation-reason=install
01-06 17:20:32.288  1344  1344 E Clearcut-EventLogger: Unexpected log parameter shown_channel_count
01-06 17:20:32.306  2005  2005 I dex2oat32: setting boot class path to /apex/com.android.art/javalib/core-oj.jar:/apex/com.android.art/javalib/core-libart.jar:/apex/com.android.art/javalib/core-icu4j.jar:/apex/com.android.art/javalib/okhttp.jar:/apex/com.android.art/javalib/bouncycastle.jar:/apex/com.android.art/javalib/apache-xml.jar:/system/framework/framework.jar:/system/framework/ext.jar:/system/framework/telephony-common.jar:/system/framework/voip-common.jar:/system/framework/ims-common.jar:/system/framework/framework-atb-backward-compatibility.jar
01-06 17:20:32.553  2949  4601 I chatty  : uid=1000(system) Binder:2949_10 expire 6 lines
01-06 17:20:32.940  1344  1434 I OpenGLRenderer: Davey! duration=855ms; Flags=1, IntendedVsync=24551909294916, Vsync=24552109294908, OldestInputEvent=9223372036854775807, NewestInputEvent=0, HandleInputStart=24552125418249, AnimationStart=24552125421833, PerformTraversalsStart=24552125425333, DrawStart=24552696655497, SyncQueued=24552709727330, SyncStart=24552717013080, IssueDrawCommandsStart=24552738759914, SwapBuffers=24552770714497, FrameCompleted=24552772406497, DequeueBufferDuration=0, QueueBufferDuration=990417, GpuCompleted=0, 
01-06 17:20:32.948  1344  1344 E Clearcut-EventLogger: Unexpected log parameter shown_channel_count
01-06 17:20:33.001  2638  3058 D hwcomposer: HWComposerDisplayHalMiOsd::hwcMiDisplay: Layer[0]: show!!!!
01-06 17:20:33.309 26704 26704 W ThreadPoolForeg: type=1400 audit(0.0:2184): avc: denied { write } for name="traced_producer" dev="tmpfs" ino=12647 scontext=u:r:gmscore_app:s0:c512,c768 tcontext=u:object_r:traced_producer_socket:s0 tclass=sock_file permissive=0 app=com.google.android.gms
01-06 17:20:33.323  2834  2834 D MTK_KL  : 36,942722,24553250916,-;type=1400 audit(1767709233.309:2184): avc: denied { write } for comm="ThreadPoolForeg" name="traced_producer" dev="tmpfs" ino=12647 scontext=u:r:gmscore_app:s0:c512,c768 tcontext=u:object_r:traced_producer_socket:s0 tclass=sock_file permissive=0 app=com.google.android.gms
01-06 17:20:34.031  1344  1344 I Choreographer: Skipped 31 frames!  The application may be doing too much work on its main thread.
01-06 17:20:34.640  2949  4064 E TaskPersister: File error accessing recents directory (directory doesn't exist?).
01-06 17:20:34.988  2005  2005 W dex2oat32: Could not reserve sentinel fault page
01-06 17:20:35.115  2834  2834 D MTK_KL  : 3,942723,24555044789,-;[WARN] something mapped by 'dex2oat32'(pid: 2005) overlap the range reserved for DFB from 0x12c00000 to 0x52c40000 ! Try the address behind DFB 
01-06 17:20:36.226  4782  4980 I cast_shell: [0106/172036.226662:INFO:mdns_app_filter.cc(3358)] MdnsAppFilter: responses sent in 31 seconds: 4
01-06 17:20:36.267  2005  2015 W dex2oat32: Accessing hidden method Landroid/graphics/Bitmap;->getHardwareBuffer()Landroid/hardware/HardwareBuffer; (blacklist, linking, denied)
01-06 17:20:38.081  3651  4919 D RecommendedChannelsThread: [MtkLog]start, status==true,mLauncherRunning==true
01-06 17:20:38.476  2949  4177 I chatty  : uid=1000(system) Binder:2949_C expire 3 lines
01-06 17:20:39.083  3651  4919 D RecommendedChannelsThread: [MtkLog]start, status==true,mLauncherRunning==true
01-06 17:20:39.465  2005  2005 I dex2oat32: dex2oat took 7.197s (13.762s cpu) (threads: 4) arena alloc=2672B (2672B) java alloc=11MB (11794600B) native alloc=18MB (19253640B) free=681KB (697976B)
01-06 17:20:39.504  2822  3322 V installd: DexInv: --- END '/data/app/~~ES9UqaXKYJfEPkHYTx4OpA==/com.bingetv.app-EN0uDEyzkmUv2AG5yPVW6Q==/base.apk' (success) ---
01-06 17:20:39.573  2822  3322 E installd: Couldn't opendir /data/app/vmdl1851258228.tmp: No such file or directory
01-06 17:20:39.573  2822  3322 E installd: Failed to delete /data/app/vmdl1851258228.tmp: No such file or directory
01-06 17:20:39.579  2949  3220 I ActivityManager: Force stopping com.bingetv.app appid=10108 user=0: pkg removed
01-06 17:20:39.577  2949  2949 W Binder:2949_11: type=1400 audit(0.0:2185): avc: denied { getopt } for scontext=u:r:system_server:s0 tcontext=u:r:shell:s0 tclass=unix_stream_socket permissive=0
01-06 17:20:39.577  2949  2949 W Binder:2949_11: type=1400 audit(0.0:2187): avc: denied { getopt } for scontext=u:r:system_server:s0 tcontext=u:r:shell:s0 tclass=unix_stream_socket permissive=0
01-06 17:20:39.587  2834  2834 D MTK_KL  : 36,942724,24559516053,-;type=1400 audit(1767709239.577:2185): avc: denied { getopt } for comm="Binder:2949_11" scontext=u:r:system_server:s0 tcontext=u:r:shell:s0 tclass=unix_stream_socket permissive=0
01-06 17:20:39.587  2834  2834 D MTK_KL  : 36,942726,24559516430,-;type=1400 audit(1767709239.577:2187): avc: denied { getopt } for comm="Binder:2949_11" scontext=u:r:system_server:s0 tcontext=u:r:shell:s0 tclass=unix_stream_socket permissive=0
01-06 17:20:39.596 13646 14738 I abb     : oneway function results will be dropped but finished with status OK and parcel size 4
01-06 17:20:39.604  3527  3527 V AvrcpMediaPlayerList: mPackageChangedBroadcastReceiver: action: android.intent.action.PACKAGE_REMOVED
01-06 17:20:39.608  4076  4076 I MediaProvider: Invalidating LocalCallingIdentity cache for package com.bingetv.app. Reason: package android.intent.action.PACKAGE_REMOVED
01-06 17:20:39.627  2949  3013 I ActivityManager: Killing 1636:com.android.vending/u0a17 (adj 915): 48151k from cached
01-06 17:20:39.631  2949  3013 W BroadcastQueue: Background execution not allowed: receiving Intent { act=android.intent.action.PACKAGE_REMOVED dat=package:com.bingetv.app flg=0x4000010 (has extras) } to com.android.vending/com.google.android.finsky.packagemonitor.impl.PackageMonitorReceiverImpl$RegisteredReceiver
01-06 17:20:39.638  2949  3013 I ActivityManager: Killing 1759:com.android.vending:background/u0a17 (adj 925): 34584k from cached
01-06 17:20:39.640  2949  3013 W BroadcastQueue: Background execution not allowed: receiving Intent { act=android.intent.action.PACKAGE_REMOVED dat=package:com.bingetv.app flg=0x4000010 (has extras) } to com.android.vending/com.google.android.finsky.packagemonitor.backgroundimpl.BackgroundPackageMonitorReceiverImpl$RegisteredReceiver
01-06 17:20:39.641  2949  3013 W BroadcastQueue: Background execution not allowed: receiving Intent { act=android.intent.action.PACKAGE_REMOVED dat=package:com.bingetv.app flg=0x4000010 (has extras) } to com.android.vending/com.google.android.finsky.instantapps.appmanagement.InstantAppRemoveMonitor
01-06 17:20:39.651  4076  4076 I MediaProvider: Invalidating LocalCallingIdentity cache for package com.bingetv.app. Reason: package android.intent.action.PACKAGE_ADDED
01-06 17:20:39.657  2949  3013 W BroadcastQueue: Skipping deliver [background] BroadcastRecord{110c540 u0 android.intent.action.PACKAGE_ADDED} to ReceiverList{90e967e 1636 com.android.vending/10017/u0 remote:86cb039}: process gone or crashing
01-06 17:20:39.657  2949  3013 W BroadcastQueue: Skipping deliver [background] BroadcastRecord{110c540 u0 android.intent.action.PACKAGE_ADDED} to ReceiverList{f0b6a23 1759 com.android.vending:background/10017/u0 remote:3b1a752}: process gone or crashing
01-06 17:20:39.657  2949  3013 W BroadcastQueue: Background execution not allowed: receiving Intent { act=android.intent.action.PACKAGE_REMOVED dat=package:com.bingetv.app flg=0x4000010 (has extras) } to com.google.android.gms/.chimera.GmsIntentOperationService$PersistentTrustedReceiver
01-06 17:20:39.657  3527  3527 V AvrcpMediaPlayerList: mPackageChangedBroadcastReceiver: action: android.intent.action.PACKAGE_ADDED
01-06 17:20:39.657  2949  3013 W BroadcastQueue: Background execution not allowed: receiving Intent { act=android.intent.action.PACKAGE_REMOVED dat=package:com.bingetv.app flg=0x4000010 (has extras) } to com.google.android.leanbacklauncher.partnercustomizer/.PartnerReceiver
01-06 17:20:39.658  3527  3527 D AvrcpMediaPlayerList: Name of package changed: com.bingetv.app
01-06 17:20:39.671  2949  3013 W BroadcastQueue: Background execution not allowed: receiving Intent { act=android.intent.action.PACKAGE_REMOVED dat=package:com.bingetv.app flg=0x4000010 (has extras) } to com.mediatek.wwtv.setupwizard/.PartnerReceiver
01-06 17:20:39.671  2949  3013 W BroadcastQueue: Background execution not allowed: receiving Intent { act=android.intent.action.PACKAGE_ADDED dat=package:com.bingetv.app flg=0x4000010 (has extras) } to com.google.android.packageinstaller/com.android.packageinstaller.PackageInstalledReceiver
01-06 17:20:39.672  2949  3013 W BroadcastQueue: Background execution not allowed: receiving Intent { act=android.intent.action.PACKAGE_ADDED dat=package:com.bingetv.app flg=0x4000010 (has extras) } to com.android.vending/com.google.android.finsky.packagemonitor.impl.PackageMonitorReceiverImpl$RegisteredReceiver
01-06 17:20:39.672  2949  3013 W BroadcastQueue: Background execution not allowed: receiving Intent { act=android.intent.action.PACKAGE_ADDED dat=package:com.bingetv.app flg=0x4000010 (has extras) } to com.android.vending/com.google.android.finsky.packagemonitor.backgroundimpl.BackgroundPackageMonitorReceiverImpl$RegisteredReceiver
01-06 17:20:39.673  2949  3013 W BroadcastQueue: Background execution not allowed: receiving Intent { act=android.intent.action.PACKAGE_ADDED dat=package:com.bingetv.app flg=0x4000010 (has extras) } to com.google.android.gms/.chimera.GmsIntentOperationService$PersistentTrustedReceiver
01-06 17:20:39.675  2949  3013 W BroadcastQueue: Background execution not allowed: receiving Intent { act=android.intent.action.PACKAGE_ADDED dat=package:com.bingetv.app flg=0x4000010 (has extras) } to com.google.android.gms/.gass.chimera.PackageChangeBroadcastReceiver
01-06 17:20:39.675  2949  3013 W BroadcastQueue: Background execution not allowed: receiving Intent { act=android.intent.action.PACKAGE_ADDED dat=package:com.bingetv.app flg=0x4000010 (has extras) } to com.google.android.leanbacklauncher.partnercustomizer/.PartnerReceiver
01-06 17:20:39.676  2949  3013 W BroadcastQueue: Background execution not allowed: receiving Intent { act=android.intent.action.PACKAGE_ADDED dat=package:com.bingetv.app flg=0x4000010 (has extras) } to com.mediatek.wwtv.setupwizard/.PartnerReceiver
01-06 17:20:39.684  2949  3403 I chatty  : uid=1000(system) InputReader expire 3 lines
01-06 17:20:39.697  2949  3013 W BroadcastQueue: Skipping deliver [background] BroadcastRecord{3639735 u0 android.intent.action.PACKAGE_ADDED} to ReceiverList{90e967e 1636 com.android.vending/10017/u0 remote:86cb039}: process gone or crashing
01-06 17:20:39.697  2949  3013 W BroadcastQueue: Skipping deliver [background] BroadcastRecord{3639735 u0 android.intent.action.PACKAGE_ADDED} to ReceiverList{f0b6a23 1759 com.android.vending:background/10017/u0 remote:3b1a752}: process gone or crashing
01-06 17:20:39.699  4093  4093 I chatty  : uid=10010 com.google.android.katniss:interactor expire 1 line
01-06 17:20:39.719  2949  3013 E ActivityManager: ProcessRecord{a55a097 1636:com.android.vending/u0a17} is attached to a previous process
01-06 17:20:39.756  2949  3013 W ActivityManager: Slow operation: 53ms so far, now at startProcess: creating new process record
01-06 17:20:39.757  2949  3013 E ActivityManager: Already have existing proc ProcessRecord{a55a097 1636:com.android.vending/u0a17} when adding ProcessRecord{a34fd3b 0:com.android.vending/u0a17}
01-06 17:20:39.757  2949  3013 W ActivityManager: Slow operation: 54ms so far, now at startProcess: done creating new process record
01-06 17:20:39.757  2949  3013 W ActivityManager: Slow operation: 54ms so far, now at startProcess: stepping in to startProcess
01-06 17:20:39.760  2949  3013 D CompatibilityChangeReporter: Compat change id reported: 135634846; UID 10017; state: DISABLED
01-06 17:20:39.761  2949  3013 W ActivityManager: Slow operation: 57ms so far, now at startProcess: done starting proc!
01-06 17:20:39.767  2949  4991 D ConnectivityService: ConnectivityService NetworkRequestInfo binderDied(NetworkRequest [ TRACK_DEFAULT id=327, [ Capabilities: INTERNET&NOT_RESTRICTED&TRUSTED Uid: 10017 AdministratorUids: [] RequestorUid: 10017 RequestorPackageName: com.android.vending] ], android.os.BinderProxy@e418696)
01-06 17:20:39.767  2949  7524 D ConnectivityService: ConnectivityService NetworkRequestInfo binderDied(NetworkRequest [ TRACK_DEFAULT id=326, [ Capabilities: INTERNET&NOT_RESTRICTED&TRUSTED Uid: 10017 AdministratorUids: [] RequestorUid: 10017 RequestorPackageName: com.android.vending] ], android.os.BinderProxy@e9e8604)
01-06 17:20:39.768  2949  3700 D ConnectivityService: ConnectivityService NetworkRequestInfo binderDied(NetworkRequest [ LISTEN id=328, [ Capabilities: INTERNET&NOT_RESTRICTED&TRUSTED Uid: 10017 AdministratorUids: [] RequestorUid: 10017 RequestorPackageName: com.android.vending] ], android.os.BinderProxy@6ec3217)
01-06 17:20:39.768  2949  3453 D ConnectivityService: releasing NetworkRequest [ TRACK_DEFAULT id=327, [ Capabilities: INTERNET&NOT_RESTRICTED&TRUSTED Uid: 10017 AdministratorUids: [] RequestorUid: 10017 RequestorPackageName: com.android.vending] ] (release request)
01-06 17:20:39.769  2949  3453 D ConnectivityService: releasing NetworkRequest [ TRACK_DEFAULT id=326, [ Capabilities: INTERNET&NOT_RESTRICTED&TRUSTED Uid: 10017 AdministratorUids: [] RequestorUid: 10017 RequestorPackageName: com.android.vending] ] (release request)
01-06 17:20:39.769  2949  6871 D ConnectivityService: ConnectivityService NetworkRequestInfo binderDied(NetworkRequest [ TRACK_DEFAULT id=332, [ Capabilities: INTERNET&NOT_RESTRICTED&TRUSTED Uid: 10017 AdministratorUids: [] RequestorUid: 10017 RequestorPackageName: com.android.vending] ], android.os.BinderProxy@16c77ed)
01-06 17:20:39.770  2949  3453 D ConnectivityService: releasing NetworkRequest [ TRACK_DEFAULT id=332, [ Capabilities: INTERNET&NOT_RESTRICTED&TRUSTED Uid: 10017 AdministratorUids: [] RequestorUid: 10017 RequestorPackageName: com.android.vending] ] (release request)
01-06 17:20:39.771  2949  3013 I DropBoxManagerService: add tag=system_server_wtf isTagEnabled=true flags=0x2
01-06 17:20:39.778  2476  2476 I Zygote  : Process 1759 exited due to signal 9 (Killed)
01-06 17:20:39.780  2949  3012 W TextServicesManagerService: no available spell checker services found
01-06 17:20:39.782  2949  4601 D ConnectivityService: ConnectivityService NetworkRequestInfo binderDied(NetworkRequest [ LISTEN id=330, [ Capabilities: INTERNET&NOT_RESTRICTED&TRUSTED Uid: 10017 AdministratorUids: [] RequestorUid: 10017 RequestorPackageName: com.android.vending] ], android.os.BinderProxy@6077622)
01-06 17:20:39.784  2949  4183 D ConnectivityService: ConnectivityService NetworkRequestInfo binderDied(NetworkRequest [ TRACK_DEFAULT id=329, [ Capabilities: INTERNET&NOT_RESTRICTED&TRUSTED Uid: 10017 AdministratorUids: [] RequestorUid: 10017 RequestorPackageName: com.android.vending] ], android.os.BinderProxy@777d8b3)
01-06 17:20:39.785  2949  3453 D ConnectivityService: releasing NetworkRequest [ TRACK_DEFAULT id=329, [ Capabilities: INTERNET&NOT_RESTRICTED&TRUSTED Uid: 10017 AdministratorUids: [] RequestorUid: 10017 RequestorPackageName: com.android.vending] ] (release request)
01-06 17:20:39.796  2476  2476 I Zygote  : Process 1636 exited due to signal 9 (Killed)
01-06 17:20:39.812  2949  6871 I AlarmManager: Change Wakeup Alarm type to non Wakeup type, current type=[3] packageName = com.google.android.gmsstatsTag = *alarm*:com.google.android.chimera.container.IntentOperationService.SAVED_INTENT @315384559606 and next wakeup alarm is @Tue Jan 06 22:57:14 GMT+03:00 2026
01-06 17:20:39.819  2949  3014 W ActivityManager: Slow operation: 62ms so far, now at startProcess: asking zygote to start proc
01-06 17:20:39.820  2949  3014 D CompatibilityChangeReporter: Compat change id reported: 143937733; UID 10017; state: ENABLED
01-06 17:20:39.825  2949  3013 I DropBoxManagerService: add tag=system_server_wtf isTagEnabled=true flags=0x2
01-06 17:20:39.871  2476  2476 D Zygote  : Forked child process 2022
01-06 17:20:39.874  2949  3014 W ActivityManager: Slow operation: 117ms so far, now at startProcess: returned from zygote!
01-06 17:20:39.876  2949  3014 W ActivityManager: Slow operation: 118ms so far, now at startProcess: done updating battery stats
01-06 17:20:39.880  2949  3014 W ActivityManager: Slow operation: 123ms so far, now at startProcess: building log message
01-06 17:20:39.880  2949  3014 I ActivityManager: Start proc 2022:com.android.vending/u0a17 for broadcast {com.android.vending/com.google.android.finsky.packagemonitor.impl.PackageMonitorReceiverImpl$RegisteredReceiver}
01-06 17:20:39.880  2949  3014 W ActivityManager: Slow operation: 123ms so far, now at startProcess: starting to update pids map
01-06 17:20:39.880  2949  3014 W ActivityManager: Slow operation: 123ms so far, now at startProcess: done updating pids map
01-06 17:20:39.885  4093  4395 I chatty  : uid=10010(com.google.android.katniss) BG Thread #2 expire 5 lines
01-06 17:20:39.913  1533  1545 I gle.android.gm: Background concurrent copying GC freed 2964(174KB) AllocSpace objects, 0(0B) LOS objects, 24% free, 5819KB/7759KB, paused 113us total 320.834ms
01-06 17:20:39.929  1344  1358 I roid.tvlaunche: Background concurrent copying GC freed 6863(502KB) AllocSpace objects, 1(20KB) LOS objects, 24% free, 3777KB/5037KB, paused 4.266ms total 342.531ms
01-06 17:20:39.931  2949  5242 I AlarmManager: Change Wakeup Alarm type to non Wakeup type, current type=[3] packageName = com.google.android.gmsstatsTag = *alarm*:com.google.android.chimera.container.IntentOperationService.SAVED_INTENT @315384559763 and next wakeup alarm is @Tue Jan 06 22:57:14 GMT+03:00 2026
01-06 17:20:39.997  2949  5242 I ActivityTaskManager: START u0 {flg=0x10000000 cmp=com.bingetv.app/.ui.splash.SplashActivity} from uid 2000
01-06 17:20:40.005  3651  3706 D MonitorActivityController: ** Activity starting: Intent { cmp=com.bingetv.app/.ui.splash.SplashActivity } : com.bingetv.app
01-06 17:20:40.005  3651  3706 D MonitorActivityController: ** setOTTSrc currentOttSrc: com.bingetv.app
01-06 17:20:40.014  1533  2031 I Blockstore: [PackageIntentOperation] Feature flags not enabled, skipping. [CONTEXT service_id=258 ]
01-06 17:20:40.074  2949  5242 I chatty  : uid=1000(system) Binder:2949_1A expire 7 lines
01-06 17:20:40.078  4093  4093 I chatty  : uid=10010 com.google.android.katniss:interactor expire 2 lines
01-06 17:20:40.084  4093  4093 I katniss_interactor_SingletonModule: TvSystemAudioManager isn't available
01-06 17:20:40.084  4093  4093 I katniss_interactor_SingletonModule: vkz: Library is not available: library either is not installed or was not loaded (AndroidManifest.xml is missing <uses-library>) or does not contain the class com.android.libraries.tv.tvsystem.media.TvAudioManager
01-06 17:20:40.084  4093  4093 I katniss_interactor_SingletonModule: 	at vlf.<init>(PG:20)
01-06 17:20:40.084  4093  4093 I katniss_interactor_SingletonModule: 	at vla.a(PG:3)
01-06 17:20:40.084  4093  4093 I katniss_interactor_SingletonModule: 	at fbk.bD(PG:125)
01-06 17:20:40.084  4093  4093 I katniss_interactor_SingletonModule: 	at fbk.aR(PG:36)
01-06 17:20:40.084  4093  4093 I katniss_interactor_SingletonModule: 	at ggt.a(PG:3)
01-06 17:20:40.084  4093  4093 I katniss_interactor_SingletonModule: 	at xje.a(PG:3)
01-06 17:20:40.084  4093  4093 I katniss_interactor_SingletonModule: 	at xwa.a(PG:13)
01-06 17:20:40.084  4093  4093 I katniss_interactor_SingletonModule: 	at aavm.e(PG:3)
01-06 17:20:40.084  4093  4093 I katniss_interactor_SingletonModule: 	at aavo.run(PG:38)
01-06 17:20:40.084  4093  4093 I katniss_interactor_SingletonModule: 	at aawz.execute(PG:1)
01-06 17:20:40.084  4093  4093 I katniss_interactor_SingletonModule: 	at aayn.d(PG:7)
01-06 17:20:40.084  4093  4093 I katniss_interactor_SingletonModule: 	at aavo.h(PG:10)
01-06 17:20:40.084  4093  4093 I katniss_interactor_SingletonModule: 	at xji.onReceive(PG:682)
01-06 17:20:40.084  4093  4093 I katniss_interactor_SingletonModule: 	at android.app.LoadedApk$ReceiverDispatcher$Args.lambda$getRunnable$0$LoadedApk$ReceiverDispatcher$Args(LoadedApk.java:1556)
01-06 17:20:40.084  4093  4093 I katniss_interactor_SingletonModule: 	at android.app.-$$Lambda$LoadedApk$ReceiverDispatcher$Args$_BumDX2UKsnxLVrE6UJsJZkotuA.run(Unknown Source:2)
01-06 17:20:40.084  4093  4093 I katniss_interactor_SingletonModule: 	at android.os.Handler.handleCallback(Handler.java:938)
01-06 17:20:40.084  4093  4093 I katniss_interactor_SingletonModule: 	at android.os.Handler.dispatchMessage(Handler.java:99)
01-06 17:20:40.084  4093  4093 I katniss_interactor_SingletonModule: 	at android.os.Looper.loop(Looper.java:223)
01-06 17:20:40.084  4093  4093 I katniss_interactor_SingletonModule: 	at android.app.ActivityThread.main(ActivityThread.java:7661)
01-06 17:20:40.084  4093  4093 I katniss_interactor_SingletonModule: 	at java.lang.reflect.Method.invoke(Native Method)
01-06 17:20:40.084  4093  4093 I katniss_interactor_SingletonModule: 	at com.android.internal.os.RuntimeInit$MethodAndArgsCaller.run(RuntimeInit.java:592)
01-06 17:20:40.084  4093  4093 I katniss_interactor_SingletonModule: 	at com.android.internal.os.ZygoteInit.main(ZygoteInit.java:947)
01-06 17:20:40.084  4093  4093 I katniss_interactor_SingletonModule: Caused by: java.lang.ClassNotFoundException: com.android.libraries.tv.tvsystem.media.TvAudioManager
01-06 17:20:40.084  4093  4093 I katniss_interactor_SingletonModule: 	at java.lang.Class.classForName(Native Method)
01-06 17:20:40.084  4093  4093 I katniss_interactor_SingletonModule: 	at java.lang.Class.forName(Class.java:454)
01-06 17:20:40.084  4093  4093 I katniss_interactor_SingletonModule: 	at java.lang.Class.forName(Class.java:379)
01-06 17:20:40.084  4093  4093 I katniss_interactor_SingletonModule: 	at vlf.<init>(PG:6)
01-06 17:20:40.084  4093  4093 I katniss_interactor_SingletonModule: 	... 21 more
01-06 17:20:40.084  4093  4093 I katniss_interactor_SingletonModule: Caused by: java.lang.ClassNotFoundException: com.android.libraries.tv.tvsystem.media.TvAudioManager
01-06 17:20:40.084  4093  4093 I katniss_interactor_SingletonModule: 	... 25 more
01-06 17:20:40.086  4093  4093 I katniss_interactor_PackageCache: Rebuilding package cache for Intent { act=android.intent.action.PACKAGE_REPLACED dat=package:com.bingetv.app flg=0x4000010 (has extras) }
01-06 17:20:40.087  4093  4374 I katniss_interactor_PackageCache: Apps for Intent { act=android.intent.action.MAIN cat=[android.intent.category.LEANBACK_LAUNCHER] }: [AppInfo(enabled=true, longVersionCode=84922308, packageName=com.android.vending, versionCode=84922308, versionName=49.2.23-23 [8] [PR] 840932490), AppInfo(enabled=true, longVersionCode=530304320, packageName=com.google.android.youtube.tv, versionCode=530304320, versionName=5.30.304), AppInfo(enabled=true, longVersionCode=112007300, packageName=com.google.android.youtube.tvmusic, versionCode=112007300, versionName=1.12.07), AppInfo(enabled=true, longVersionCode=5, packageName=com.mediatek.wwtv.tvcenter, versionCode=5, versionName=2.28.5 build 18321512), AppInfo(enabled=true, longVersionCode=806012, packageName=com.tcl.browser, versionCode=806012, versionName=8.06.012_cccc805_251223_gp), AppInfo(enabled=true, longVersionCode=600, packageName=com.afmobi.boomplayer.tv, versionCode=600, versionName=3.6), AppInfo(enabled=true, longVersionCode=606023171, packageName=com.amazon.amazonvideo.livingroom, versionCode=606023171, versionName=6.23.17+v15.4.0.643-armv7a), AppInfo(enabled=true, longVersionCode=624525470, packageName=com.google.android.play.games, versionCode=624525470, versionName=2025.09.62452 (827342201.827342201-040700)), AppInfo(enabled=true, longVersionCode=1200037, packageName=com.homwee.aipont, versionCode=1200037, versionName=1.2.0.37), AppInfo(enabled=true, longVersionCode=1200037, packageName=com.homwee.aipont, versionCode=1200037, versionName=1.2.0.37), AppInfo(enabled=true, longVersionCode=10000059, packageName=com.homwee.chtvmanager, versionCode=10000059, versionName=1.0.0.59), AppInfo(enabled=true, longVersionCode=10000144, packageName=com.homwee.help, versionCode=10000144, versionName=1.0.10.144), AppInfo(enabled=true, longVersionCode=1600018, packageName=com.homwee.mmp.fileexplorer, versionCode=1600018, versionName=1.1.16.18), AppInfo(enabled=true, longVersionCode=10000042, packageName=com.homwee.multiscreenshare, versionCode=10000042, versionName=1.0.0.42), AppInfo(enabled=true, longVersionCode=12018, packageName=com.netflix.ninja, versionCode=12018, versionName=8.3.10 build 12018), AppInfo(enabled=true, longVersionCode=5161, packageName=ar.tvplayer.tv, versionCode=5161, versionName=5.1.6), AppInfo(enabled=true, longVersionCode=2, packageName=com.bingetv.app, versionCode=2, versionName=2.0.0), AppInfo(enabled=true, longVersionCode=67, packageName=com.esaba.downloader, versionCode=67, versionName=1.5.3-ForGoogleAndroidDevices), AppInfo(enabled=true, longVersionCode=2180100, packageName=com.spotify.tv.android, versionCode=2180100, versionName=1.118.1), AppInfo(enabled=true, longVersionCode=1978, packageName=com.windscribe.vpn, versionCode=1978, versionName=3.97.1977), AppInfo(enabled=true, longVersionCode=2102000, packageName=org.xbmc.kodi, versionCode=2102000, versionName=21.2)]
01-06 17:20:40.091 26704  2020 I FontLog : (REDACTED) Package %s has no metadata
01-06 17:20:40.094  4093  4374 I katniss_interactor_PackageCache: Apps for Intent { act=android.intent.action.MAIN cat=[android.intent.category.LEANBACK_SETTINGS] }: [AppInfo(enabled=true, longVersionCode=1, packageName=com.android.tv.settings, versionCode=1, versionName=1.0), AppInfo(enabled=true, longVersionCode=1, packageName=com.android.tv.settings, versionCode=1, versionName=1.0)]
01-06 17:20:40.096  4093  4395 I katniss_interactor_PackageCache: Apps for Intent { act=android.intent.action.MAIN cat=[android.intent.category.LEANBACK_LAUNCHER] }: [AppInfo(enabled=true, longVersionCode=84922308, packageName=com.android.vending, versionCode=84922308, versionName=49.2.23-23 [8] [PR] 840932490), AppInfo(enabled=true, longVersionCode=530304320, packageName=com.google.android.youtube.tv, versionCode=530304320, versionName=5.30.304), AppInfo(enabled=true, longVersionCode=112007300, packageName=com.google.android.youtube.tvmusic, versionCode=112007300, versionName=1.12.07), AppInfo(enabled=true, longVersionCode=5, packageName=com.mediatek.wwtv.tvcenter, versionCode=5, versionName=2.28.5 build 18321512), AppInfo(enabled=true, longVersionCode=806012, packageName=com.tcl.browser, versionCode=806012, versionName=8.06.012_cccc805_251223_gp), AppInfo(enabled=true, longVersionCode=600, packageName=com.afmobi.boomplayer.tv, versionCode=600, versionName=3.6), AppInfo(enabled=true, longVersionCode=606023171, packageName=com.amazon.amazonvideo.livingroom, versionCode=606023171, versionName=6.23.17+v15.4.0.643-armv7a), AppInfo(enabled=true, longVersionCode=624525470, packageName=com.google.android.play.games, versionCode=624525470, versionName=2025.09.62452 (827342201.827342201-040700)), AppInfo(enabled=true, longVersionCode=1200037, packageName=com.homwee.aipont, versionCode=1200037, versionName=1.2.0.37), AppInfo(enabled=true, longVersionCode=1200037, packageName=com.homwee.aipont, versionCode=1200037, versionName=1.2.0.37), AppInfo(enabled=true, longVersionCode=10000059, packageName=com.homwee.chtvmanager, versionCode=10000059, versionName=1.0.0.59), AppInfo(enabled=true, longVersionCode=10000144, packageName=com.homwee.help, versionCode=10000144, versionName=1.0.10.144), AppInfo(enabled=true, longVersionCode=1600018, packageName=com.homwee.mmp.fileexplorer, versionCode=1600018, versionName=1.1.16.18), AppInfo(enabled=true, longVersionCode=10000042, packageName=com.homwee.multiscreenshare, versionCode=10000042, versionName=1.0.0.42), AppInfo(enabled=true, longVersionCode=12018, packageName=com.netflix.ninja, versionCode=12018, versionName=8.3.10 build 12018), AppInfo(enabled=true, longVersionCode=5161, packageName=ar.tvplayer.tv, versionCode=5161, versionName=5.1.6), AppInfo(enabled=true, longVersionCode=2, packageName=com.bingetv.app, versionCode=2, versionName=2.0.0), AppInfo(enabled=true, longVersionCode=67, packageName=com.esaba.downloader, versionCode=67, versionName=1.5.3-ForGoogleAndroidDevices), AppInfo(enabled=true, longVersionCode=2180100, packageName=com.spotify.tv.android, versionCode=2180100, versionName=1.118.1), AppInfo(enabled=true, longVersionCode=1978, packageName=com.windscribe.vpn, versionCode=1978, versionName=3.97.1977), AppInfo(enabled=true, longVersionCode=2102000, packageName=org.xbmc.kodi, versionCode=2102000, versionName=21.2)]
01-06 17:20:40.098  4093  4374 I katniss_interactor_PackageCache: Apps for Intent { act=android.intent.action.MAIN cat=[android.intent.category.HOME] }: [AppInfo(enabled=true, longVersionCode=1010938237, packageName=com.google.android.tvlauncher, versionCode=1010938237, versionName=7.3.11-842703803-f), AppInfo(enabled=true, longVersionCode=1, packageName=com.android.tv.settings, versionCode=1, versionName=1.0)]
01-06 17:20:40.098  4093  4395 I katniss_interactor_PackageCache: Apps for Intent { act=android.intent.action.MAIN cat=[android.intent.category.LEANBACK_SETTINGS] }: [AppInfo(enabled=true, longVersionCode=1, packageName=com.android.tv.settings, versionCode=1, versionName=1.0), AppInfo(enabled=true, longVersionCode=1, packageName=com.android.tv.settings, versionCode=1, versionName=1.0)]
01-06 17:20:40.100  4093  4374 I katniss_interactor_PackageCache: Apps for Intent { act=com.google.assistant.DATA_SHARING_CONSENT }: [AppInfo(enabled=true, longVersionCode=15021937, packageName=com.google.android.katniss, versionCode=15021937, versionName=7.42.14+827655856.02)]
01-06 17:20:40.101  4093  4395 I katniss_interactor_PackageCache: Apps for Intent { act=android.intent.action.MAIN cat=[android.intent.category.HOME] }: [AppInfo(enabled=true, longVersionCode=1010938237, packageName=com.google.android.tvlauncher, versionCode=1010938237, versionName=7.3.11-842703803-f), AppInfo(enabled=true, longVersionCode=1, packageName=com.android.tv.settings, versionCode=1, versionName=1.0)]
01-06 17:20:40.101  4093  4374 I katniss_interactor_PackageCache: Apps for experience type WATSON: [AppInfo(enabled=true, longVersionCode=254730118, packageName=com.google.android.gms, versionCode=254730118, versionName=25.47.30 (180300-833691957)), AppInfo(enabled=true, longVersionCode=530304320, packageName=com.google.android.youtube.tv, versionCode=530304320, versionName=5.30.304)]
01-06 17:20:40.104  4093  4395 I katniss_interactor_PackageCache: Apps for Intent { act=com.google.assistant.DATA_SHARING_CONSENT }: [AppInfo(enabled=true, longVersionCode=15021937, packageName=com.google.android.katniss, versionCode=15021937, versionName=7.42.14+827655856.02)]
01-06 17:20:40.105  4093  4395 I katniss_interactor_PackageCache: Apps for experience type WATSON: [AppInfo(enabled=true, longVersionCode=254730118, packageName=com.google.android.gms, versionCode=254730118, versionName=25.47.30 (180300-833691957)), AppInfo(enabled=true, longVersionCode=530304320, packageName=com.google.android.youtube.tv, versionCode=530304320, versionName=5.30.304)]
01-06 17:20:40.170  2949  3012 I chatty  : uid=1000(system) android.bg expire 4 lines
01-06 17:20:40.174  3651  4919 D RecommendedChannelsThread: [MtkLog]start, status==false,mLauncherRunning==true
01-06 17:20:40.174  3651  4919 D ProgramsQueryThread: [MtkLog]lock 1,9
01-06 17:20:40.174  2019  2033 I cmd     : oneway function results will be dropped but finished with status OK and parcel size 4
01-06 17:20:40.174  3651  4916 D RecommendedChannelsThread: >MSG_EXIT_TVLAUNCHER<
01-06 17:20:40.206  3651  2043 D DataBasePrograms: [MtkLog]getAllProgramLogoDBId,tvChannelID==13519
01-06 17:20:40.207  2949  2998 D CompatibilityChangeReporter: Compat change id reported: 135634846; UID 10108; state: DISABLED
01-06 17:20:40.209  2949  3014 D CompatibilityChangeReporter: Compat change id reported: 143937733; UID 10108; state: ENABLED
01-06 17:20:40.212  1533  2028 I Blockstore: [PackageIntentOperation] Feature flags not enabled, skipping. [CONTEXT service_id=258 ]
01-06 17:20:40.215  4093  4393 I katniss_interactor_SystemSearchableSources: createSources
01-06 17:20:40.221  1533  2029 I Auth    : (REDACTED) [SupervisedAccountIntentOperation] onHandleIntent: %s
01-06 17:20:40.245  2476  2476 D Zygote  : Forked child process 2044
01-06 17:20:40.248  2949  3014 I ActivityManager: Start proc 2044:com.bingetv.app/u0a108 for pre-top-activity {com.bingetv.app/com.bingetv.app.ui.splash.SplashActivity}
01-06 17:20:40.251  3651  2043 D DataBasePrograms: [MtkLog]channelId==15005
01-06 17:20:40.251  3651  2043 I chatty  : uid=1000(system) com.mediatek.tv.service identical 63 lines
01-06 17:20:40.251  3651  2043 D DataBasePrograms: [MtkLog]channelId==15005
01-06 17:20:40.251  3651  2043 D DataBasePrograms: [MtkLog]channelId==15009
01-06 17:20:40.253  3651  2043 D DataBasePrograms: [MtkLog]channelId==15009
01-06 17:20:40.253  3651  2043 D DataBasePrograms: [MtkLog]channelId==3696
01-06 17:20:40.253  3651  2043 D DataBasePrograms: [MtkLog]channelId==3696
01-06 17:20:40.253  3651  2043 D DataBasePrograms: [MtkLog]channelId==3237
01-06 17:20:40.254  3651  2043 D DataBasePrograms: [MtkLog]channelId==3237
01-06 17:20:40.260  3651  2043 D DBHelper: [MtkLog]query
01-06 17:20:40.268  3651  2043 D DataBasePrograms: [MtkLog]removeNoExistDBLogo logoCursorCount==100
01-06 17:20:40.282  1533  2028 I NearbyDiscovery: (REDACTED) processGrantSlicePermission: %s
01-06 17:20:40.286  2044  2044 E com.bingetv.ap: Not starting debugger since process cannot load the jdwp agent.
01-06 17:20:40.326  2949  3701 W OomAdjuster: Fallback pre-set sched group to default: not expected top priority
01-06 17:20:40.329  1533  1533 D BoundBrokerSvc: onBind: Intent { act=com.google.android.gms.common.BIND_SHARED_PREFS pkg=com.google.android.gms }
01-06 17:20:40.329  1533  1533 D BoundBrokerSvc: Loading bound service for intent: Intent { act=com.google.android.gms.common.BIND_SHARED_PREFS pkg=com.google.android.gms }
01-06 17:20:40.367  2022  2022 I chatty  : uid=10017(com.android.vending) expire 10 lines
01-06 17:20:40.397  4093  4339 I katniss_interactor_SystemSearchableSources: createSources
