01-06 16:05:41.895 27014 27014 W ContextImpl: Calling a method in the system process without a qualified user: android.app.ContextImpl.startForegroundService:1675 android.content.ContextWrapper.startForegroundService:725 com.homwee.synckey.receiver.BootReceiver.startScreenOnService:73 com.homwee.synckey.receiver.BootReceiver.onReceive:42 android.app.LoadedApk$ReceiverDispatcher$Args.lambda$getRunnable$0$LoadedApk$ReceiverDispatcher$Args:1556 
01-06 16:05:42.452 27014 27014 W ActivityThread: ClassLoader.getResourceAsStream: The class loader returned by Thread.getContextClassLoader() may fail for processes that host multiple applications. You should explicitly specify a context class loader. For example: Thread.setContextClassLoader(getClass().getClassLoader());
01-06 16:05:42.700 27014 27050 W ContextImpl: Calling a method in the system process without a qualified user: android.app.ContextImpl.bindService:1748 android.content.ContextWrapper.bindService:756 com.google.android.gms.common.stats.ConnectionTracker.zza:22 com.google.android.gms.common.internal.zze.zze:30 com.google.android.gms.common.internal.zzf.zza:18 
01-06 16:05:42.824 27014 27067 W ContextImpl: Calling a method in the system process without a qualified user: android.app.ContextImpl.bindService:1756 android.content.ContextWrapper.bindService:762 adi$$ExternalSyntheticApiModelOutline0.m:82 afkl.k:6 afkl.g:98 
01-06 16:05:52.856 27014 27067 W ContextImpl: Calling a method in the system process without a qualified user: android.app.ContextImpl.bindService:1756 android.content.ContextWrapper.bindService:762 adi$$ExternalSyntheticApiModelOutline0.m:82 afkl.k:6 afkl.g:98 
01-06 16:05:57.301  2949  4603 I chatty  : uid=1000(system) Binder:2949_11 expire 2 lines
01-06 16:05:57.502  2949  2949 I chatty  : uid=1000 system_server expire 5 lines
01-06 16:06:01.521  2949  3013 I chatty  : uid=1000(system) ActivityManager expire 4 lines
01-06 16:06:01.522  2949  3014 I chatty  : uid=1000(system) ActivityManager expire 5 lines
01-06 16:06:07.063  2949  3453 I chatty  : uid=1000(system) ConnectivitySer expire 4 lines
01-06 16:06:27.224  2949  7524 I chatty  : uid=1000(system) Binder:2949_20 expire 6 lines
01-06 16:07:02.537  2949  3406 I chatty  : uid=1000(system) AppIntegrityMan expire 1 line
01-06 16:07:02.537  2949  3220 I chatty  : uid=1000(system) PackageManager expire 6 lines
01-06 16:07:02.617  2949  5240 I chatty  : uid=1000(system) Binder:2949_19 expire 1 line
01-06 16:07:02.782  2949  2998 I chatty  : uid=1000(system) android.display expire 2 lines
01-06 16:07:02.782  2949  2996 I chatty  : uid=1000(system) android.ui expire 3 lines
01-06 16:07:02.848  2949  3800 I chatty  : uid=1000(system) Binder:2949_8 expire 1 line
01-06 16:07:02.940  3651  4916 W ContextImpl: Calling a method in the system process without a qualified user: android.app.ContextImpl.bindService:1748 android.content.ContextWrapper.bindService:756 com.mediatek.wwtv.tvrecommendation.util.ChannelQueryClient.<init>:30 com.mediatek.wwtv.tvrecommendation.util.ChannelQueryClient.getInstance:92 com.mediatek.wwtv.tvrecommendation.RecommendedChannelsThread.bindQueryChannelService:711 
01-06 16:07:02.943  2949  3701 I chatty  : uid=1000(system) Binder:2949_5 expire 2 lines
01-06 16:07:03.237  2949  4604 I chatty  : uid=1000(system) Binder:2949_12 expire 3 lines
01-06 16:07:05.298  2949  5994 I chatty  : uid=1000(system) Binder:2949_1B expire 3 lines
01-06 16:07:05.327  2949  3014 I chatty  : uid=1000(system) ActivityManager expire 17 lines
01-06 16:07:05.691  2949  4064 I chatty  : uid=1000(system) LazyTaskWriterT expire 1 line
01-06 16:07:05.764  2949  6871 I chatty  : uid=1000(system) Binder:2949_1F expire 1 line
01-06 16:07:05.765  2949  3453 I chatty  : uid=1000(system) ConnectivitySer expire 1 line
01-06 16:07:05.795  2949  2949 I chatty  : uid=1000 system_server expire 6 lines
01-06 16:07:06.027  2949  4601 I chatty  : uid=1000(system) Binder:2949_10 expire 1 line
01-06 16:07:11.617  2949  3220 I chatty  : uid=1000(system) PackageManager expire 1 line
01-06 16:07:11.653  2949  3013 I chatty  : uid=1000(system) ActivityManager expire 14 lines
01-06 16:07:11.790  2949  4603 I chatty  : uid=1000(system) Binder:2949_11 expire 1 line
01-06 16:07:11.832  2949  4990 I chatty  : uid=1000(system) Binder:2949_13 expire 1 line
01-06 16:07:11.910  2949  2995 I chatty  : uid=1000(system) android.fg expire 1 line
01-06 16:07:11.911  2949  3014 I chatty  : uid=1000(system) ActivityManager expire 21 lines
01-06 16:07:12.008  2949  3012 I chatty  : uid=1000(system) android.bg expire 1 line
01-06 16:07:12.023  2949  2949 I chatty  : uid=1000 system_server expire 8 lines
01-06 16:07:12.040  2949  3800 I chatty  : uid=1000(system) Binder:2949_8 expire 1 line
01-06 16:07:12.221  2949  2998 I chatty  : uid=1000(system) android.display expire 2 lines
01-06 16:07:12.355  2949  3799 I chatty  : uid=1000(system) Binder:2949_7 expire 3 lines
01-06 16:07:15.281  2949  4197 I chatty  : uid=1000(system) Binder:2949_F expire 2 lines
01-06 16:07:15.814  2949  4064 I chatty  : uid=1000(system) LazyTaskWriterT expire 1 line
01-06 16:07:15.892  2949  6625 I chatty  : uid=1000(system) Binder:2949_1D expire 6 lines
01-06 16:07:17.088  2949  3013 I chatty  : uid=1000(system) ActivityManager expire 1 line
01-06 16:07:17.968  2949  4601 I chatty  : uid=1000(system) Binder:2949_10 expire 3 lines
01-06 16:07:17.985  2949  3453 I chatty  : uid=1000(system) ConnectivitySer expire 11 lines
01-06 16:07:18.237  2949  4197 I chatty  : uid=1000(system) Binder:2949_F expire 9 lines
01-06 16:07:19.533  2949  4064 I chatty  : uid=1000(system) LazyTaskWriterT expire 1 line
01-06 16:07:19.967  2949  2963 I chatty  : uid=1000(system) Binder:2949_1 expire 2 lines
01-06 16:07:19.968  2949  3014 I chatty  : uid=1000(system) ActivityManager expire 2 lines
01-06 16:07:20.437 27678 27678 D ActivityThread: Loading provider contacts;com.android.contacts: com.android.providers.contacts.ContactsProvider2
01-06 16:07:31.257  2949  2949 I chatty  : uid=1000 system_server expire 10 lines
01-06 16:07:53.677  2949  2998 I chatty  : uid=1000(system) android.display expire 1 line
01-06 16:08:11.445  2949  5238 I chatty  : uid=1000(system) Binder:2949_18 expire 2 lines
01-06 16:08:11.446  2949  4169 I chatty  : uid=1000(system) Binder:2949_A expire 3 lines
01-06 16:08:11.446  2949  5242 I chatty  : uid=1000(system) Binder:2949_1A expire 1 line
01-06 16:08:11.447  2949  4183 I chatty  : uid=1000(system) Binder:2949_D expire 1 line
01-06 16:08:11.455  2949  6625 I chatty  : uid=1000(system) Binder:2949_1D expire 1 line
01-06 16:08:11.577  2949  3799 I chatty  : uid=1000(system) Binder:2949_7 expire 1 line
01-06 16:08:11.582  2949  3800 I chatty  : uid=1000(system) Binder:2949_8 expire 1 line
01-06 16:08:11.587  2949  4601 I chatty  : uid=1000(system) Binder:2949_10 expire 1 line
01-06 16:08:11.595  2949  5226 I chatty  : uid=1000(system) Binder:2949_16 expire 1 line
01-06 16:08:11.601  2949  3377 I chatty  : uid=1000(system) Binder:2949_3 expire 2 lines
01-06 16:08:11.611  2949  4184 I chatty  : uid=1000(system) Binder:2949_E expire 8 lines
01-06 16:08:11.616  2949  6863 I chatty  : uid=1000(system) Binder:2949_1E expire 3 lines
01-06 16:08:11.621  2949  5238 I chatty  : uid=1000(system) Binder:2949_18 expire 6 lines
01-06 16:08:11.633  2949  2996 I chatty  : uid=1000(system) android.ui expire 1 line
01-06 16:08:14.540  2949  4064 I chatty  : uid=1000(system) LazyTaskWriterT expire 3 lines
01-06 16:08:16.030  2949  2998 I chatty  : uid=1000(system) android.display expire 2 lines
01-06 16:08:25.516  2949  2949 I chatty  : uid=1000 system_server expire 19 lines
01-06 16:08:59.799  2805  2805 I wificond: Received external scan result notification from kernel.
01-06 16:11:15.525  2949  2949 I chatty  : uid=1000 system_server expire 16 lines
01-06 16:11:15.543  2949  5238 I chatty  : uid=1000(system) Binder:2949_18 expire 6 lines
01-06 16:11:43.276  2949  3012 I chatty  : uid=1000(system) android.bg expire 1 line
01-06 16:12:51.659  2949  4184 I chatty  : uid=1000(system) Binder:2949_E expire 6 lines
01-06 16:13:59.798  2805  2805 I wificond: Received external scan result notification from kernel.
01-06 16:14:27.716  2949  2949 I chatty  : uid=1000 system_server expire 10 lines
01-06 16:14:27.741  2949  6863 I chatty  : uid=1000(system) Binder:2949_1E expire 4 lines
01-06 16:15:27.530  2949  3014 I chatty  : uid=1000(system) ActivityManager expire 3 lines
01-06 16:15:28.204  2949  3377 I chatty  : uid=1000(system) Binder:2949_3 expire 1 line
01-06 16:15:28.259  2949  4169 I chatty  : uid=1000(system) Binder:2949_A expire 5 lines
01-06 16:15:28.338  2949  3014 I chatty  : uid=1000(system) ActivityManager expire 4 lines
01-06 16:15:29.260  2949  3013 I chatty  : uid=1000(system) ActivityManager expire 10 lines
01-06 16:15:30.137 27889 27936 W ActivityThread: ClassLoader.loadClass: The class loader returned by Thread.getContextClassLoader() may fail for processes that host multiple applications. You should explicitly specify a context class loader. For example: Thread.setContextClassLoader(getClass().getClassLoader());
01-06 16:15:30.308  2949  3799 I chatty  : uid=1000(system) Binder:2949_7 expire 2 lines
01-06 16:15:30.308  2949  3453 I chatty  : uid=1000(system) ConnectivitySer expire 3 lines
01-06 16:15:31.773  2949  2949 I chatty  : uid=1000 system_server expire 9 lines
01-06 16:15:56.389  2949  3406 I chatty  : uid=1000(system) AppIntegrityMan expire 1 line
01-06 16:15:56.390  2949  3220 I chatty  : uid=1000(system) PackageManager expire 7 lines
01-06 16:15:56.653  2949  2998 I chatty  : uid=1000(system) android.display expire 1 line
01-06 16:15:56.653  2949  2996 I chatty  : uid=1000(system) android.ui expire 3 lines
01-06 16:15:56.696  3651  4916 W ContextImpl: Calling a method in the system process without a qualified user: android.app.ContextImpl.bindService:1748 android.content.ContextWrapper.bindService:756 com.mediatek.wwtv.tvrecommendation.util.ChannelQueryClient.<init>:30 com.mediatek.wwtv.tvrecommendation.util.ChannelQueryClient.getInstance:92 com.mediatek.wwtv.tvrecommendation.RecommendedChannelsThread.bindQueryChannelService:711 
01-06 16:15:56.865  2949  4601 I chatty  : uid=1000(system) Binder:2949_10 expire 1 line
01-06 16:15:56.950  2949  6625 I chatty  : uid=1000(system) Binder:2949_1D expire 1 line
01-06 16:16:00.046  2949  4064 I chatty  : uid=1000(system) LazyTaskWriterT expire 1 line
01-06 16:16:03.872  2949  4177 I chatty  : uid=1000(system) Binder:2949_C expire 2 lines
01-06 16:16:05.543  2949  2995 I chatty  : uid=1000(system) android.fg expire 3 lines
01-06 16:16:08.651  2949  3013 I chatty  : uid=1000(system) ActivityManager expire 10 lines
01-06 16:16:08.670  2949  2949 I chatty  : uid=1000 system_server expire 3 lines
01-06 16:16:08.765  2949  3377 I chatty  : uid=1000(system) Binder:2949_3 expire 4 lines
01-06 16:16:08.849  2949  4990 I chatty  : uid=1000(system) Binder:2949_13 expire 1 line
01-06 16:16:08.851  2949  4184 I chatty  : uid=1000(system) Binder:2949_E expire 1 line
01-06 16:16:08.855  2949  4604 I chatty  : uid=1000(system) Binder:2949_12 expire 5 lines
01-06 16:16:08.899  2949  3014 I chatty  : uid=1000(system) ActivityManager expire 17 lines
01-06 16:16:08.918  2949  3012 I chatty  : uid=1000(system) android.bg expire 1 line
01-06 16:16:08.919  2949  3750 I chatty  : uid=1000(system) Binder:2949_6 expire 1 line
01-06 16:16:08.924  2949  4603 I chatty  : uid=1000(system) Binder:2949_11 expire 1 line
01-06 16:16:09.092  2949  2998 I chatty  : uid=1000(system) android.display expire 2 lines
01-06 16:16:09.203  2949  3014 I chatty  : uid=1000(system) ActivityManager expire 26 lines
01-06 16:16:09.328  2949  2949 I chatty  : uid=1000 system_server expire 6 lines
01-06 16:16:09.433  2949  2964 I chatty  : uid=1000(system) Binder:2949_2 expire 3 lines
01-06 16:16:10.988  2949  4601 I chatty  : uid=1000(system) Binder:2949_10 expire 1 line
01-06 16:16:11.118  2949  3750 I chatty  : uid=1000(system) Binder:2949_6 expire 2 lines
01-06 16:16:11.119  2949  3453 I chatty  : uid=1000(system) ConnectivitySer expire 5 lines
01-06 16:16:11.277  2949  3700 I chatty  : uid=1000(system) Binder:2949_4 expire 1 line
01-06 16:16:11.563  2949  4603 I chatty  : uid=1000(system) Binder:2949_11 expire 1 line
01-06 16:16:11.620  2949  5998 I chatty  : uid=1000(system) Binder:2949_1C expire 3 lines
01-06 16:16:12.684  2949  4064 I chatty  : uid=1000(system) LazyTaskWriterT expire 1 line
01-06 16:16:13.562  2949  3013 I chatty  : uid=1000(system) ActivityManager expire 1 line
01-06 16:16:16.643  2949  4064 I chatty  : uid=1000(system) LazyTaskWriterT expire 3 lines
01-06 16:16:16.724  2949  5998 I chatty  : uid=1000(system) Binder:2949_1C expire 4 lines
01-06 16:16:16.731 28450 28450 D ActivityThread: Loading provider contacts;com.android.contacts: com.android.providers.contacts.ContactsProvider2
01-06 16:16:20.856  2949  4603 I chatty  : uid=1000(system) Binder:2949_11 expire 2 lines
01-06 16:16:20.857  2949  3453 I chatty  : uid=1000(system) ConnectivitySer expire 6 lines
01-06 16:16:27.028  2949  3700 I chatty  : uid=1000(system) Binder:2949_4 expire 3 lines
01-06 16:16:28.574  2949  2998 I chatty  : uid=1000(system) android.display expire 2 lines
01-06 16:16:29.595  2949  2949 I chatty  : uid=1000 system_server expire 12 lines
01-06 16:16:44.646  2949  3750 I chatty  : uid=1000(system) Binder:2949_6 expire 5 lines
01-06 16:16:44.681  2949  2964 I chatty  : uid=1000(system) Binder:2949_2 expire 1 line
01-06 16:16:44.682  2949  3799 I chatty  : uid=1000(system) Binder:2949_7 expire 1 line
01-06 16:16:44.730  2949  6625 I chatty  : uid=1000(system) Binder:2949_1D expire 5 lines
01-06 16:16:44.764  2949  4184 I chatty  : uid=1000(system) Binder:2949_E expire 1 line
01-06 16:16:44.773  2949  3867 I chatty  : uid=1000(system) Binder:2949_9 expire 1 line
01-06 16:16:44.819  2949  5226 I chatty  : uid=1000(system) Binder:2949_16 expire 1 line
01-06 16:16:45.075  2949  3800 I chatty  : uid=1000(system) Binder:2949_8 expire 5 lines
01-06 16:17:08.528  2949  5226 I chatty  : uid=1000(system) Binder:2949_16 expire 5 lines
01-06 16:17:11.592  2949  4064 I chatty  : uid=1000(system) LazyTaskWriterT expire 5 lines
01-06 16:17:13.097  2949  2998 I chatty  : uid=1000(system) android.display expire 3 lines
01-06 16:17:22.588  2949  2949 I chatty  : uid=1000 system_server expire 12 lines
01-06 16:18:00.689  2949  3750 I chatty  : uid=1000(system) Binder:2949_6 expire 7 lines
01-06 16:18:00.877  2949  4169 I chatty  : uid=1000(system) Binder:2949_A expire 3 lines
01-06 16:18:05.689  2949  3867 I chatty  : uid=1000(system) Binder:2949_9 expire 4 lines
01-06 16:18:59.787  2805  2805 I wificond: Received external scan result notification from kernel.
01-06 16:19:16.064  2949  2949 I chatty  : uid=1000 system_server expire 20 lines
01-06 16:19:48.145  2949  3867 I chatty  : uid=1000(system) Binder:2949_9 expire 4 lines
01-06 16:20:20.177  2949  3750 I chatty  : uid=1000(system) Binder:2949_6 expire 3 lines
01-06 16:20:26.222  2949  4064 I chatty  : uid=1000(system) LazyTaskWriterT expire 7 lines
01-06 16:20:30.194  2949  2998 I chatty  : uid=1000(system) android.display expire 2 lines
01-06 16:20:44.944  2949  4169 I chatty  : uid=1000(system) Binder:2949_A expire 1 line
01-06 16:21:23.067  2949  5994 I chatty  : uid=1000(system) Binder:2949_1B expire 1 line
01-06 16:21:23.085  2949  3799 I chatty  : uid=1000(system) Binder:2949_7 expire 3 lines
01-06 16:21:23.089  2949  5226 I chatty  : uid=1000(system) Binder:2949_16 expire 3 lines
01-06 16:21:23.097  2949  3453 I chatty  : uid=1000(system) ConnectivitySer expire 1 line
01-06 16:21:23.324  2949  2996 I chatty  : uid=1000(system) android.ui expire 1 line
01-06 16:21:24.268  2949  2963 I chatty  : uid=1000(system) Binder:2949_1 expire 2 lines
01-06 16:21:43.080  2949  5212 I chatty  : uid=1000(system) Binder:2949_15 expire 3 lines
01-06 16:22:05.502  2949  6871 I chatty  : uid=1000(system) Binder:2949_1F expire 2 lines
01-06 16:22:16.779  2949  4990 I chatty  : uid=1000(system) Binder:2949_13 expire 1 line
01-06 16:22:28.311  2949  2949 I chatty  : uid=1000 system_server expire 22 lines
01-06 16:22:28.366  2949  5226 I chatty  : uid=1000(system) Binder:2949_16 expire 7 lines
01-06 16:23:00.414  2949  6871 I chatty  : uid=1000(system) Binder:2949_1F expire 4 lines
01-06 16:23:59.526  2805  2805 I wificond: Received external scan result notification from kernel.
01-06 16:24:04.480  2949  4991 I chatty  : uid=1000(system) Binder:2949_14 expire 3 lines
01-06 16:25:08.546  2949  5994 I chatty  : uid=1000(system) Binder:2949_1B expire 2 lines
01-06 16:25:24.621  2949  4064 I chatty  : uid=1000(system) LazyTaskWriterT expire 2 lines
01-06 16:25:29.892  2949  3014 I chatty  : uid=1000(system) ActivityManager expire 7 lines
01-06 16:25:40.564  2949  2949 I chatty  : uid=1000 system_server expire 16 lines
01-06 16:25:40.588  2949  5994 I chatty  : uid=1000(system) Binder:2949_1B expire 5 lines
01-06 16:25:41.468  2949  6871 I chatty  : uid=1000(system) Binder:2949_1F expire 1 line
01-06 16:25:44.477  2949  4064 I chatty  : uid=1000(system) LazyTaskWriterT expire 7 lines
01-06 16:26:12.649  2949  4990 I chatty  : uid=1000(system) Binder:2949_13 expire 4 lines
01-06 16:26:28.391  2949  3700 I chatty  : uid=1000(system) Binder:2949_4 expire 4 lines
01-06 16:26:28.425  2949  4991 I chatty  : uid=1000(system) Binder:2949_14 expire 4 lines
01-06 16:26:44.725  2949  5226 I chatty  : uid=1000(system) Binder:2949_16 expire 5 lines
01-06 16:28:32.755  2949  3406 I chatty  : uid=1000(system) AppIntegrityMan expire 1 line
01-06 16:28:32.756  2949  3220 I chatty  : uid=1000(system) PackageManager expire 6 lines
01-06 16:28:32.806  2949  3013 I chatty  : uid=1000(system) ActivityManager expire 4 lines
01-06 16:28:32.967  2949  5240 I chatty  : uid=1000(system) Binder:2949_19 expire 1 line
01-06 16:28:32.979  2949  3453 I chatty  : uid=1000(system) ConnectivitySer expire 2 lines
01-06 16:28:33.178  2949  2996 I chatty  : uid=1000(system) android.ui expire 3 lines
01-06 16:28:33.187  2949  2998 I chatty  : uid=1000(system) android.display expire 2 lines
01-06 16:28:33.189  2949  3014 I chatty  : uid=1000(system) ActivityManager expire 13 lines
01-06 16:28:33.323  2949  4990 I chatty  : uid=1000(system) Binder:2949_13 expire 3 lines
01-06 16:28:33.602  3651  4916 W ContextImpl: Calling a method in the system process without a qualified user: android.app.ContextImpl.bindService:1748 android.content.ContextWrapper.bindService:756 com.mediatek.wwtv.tvrecommendation.util.ChannelQueryClient.<init>:30 com.mediatek.wwtv.tvrecommendation.util.ChannelQueryClient.getInstance:92 com.mediatek.wwtv.tvrecommendation.RecommendedChannelsThread.bindQueryChannelService:711 
01-06 16:28:34.144  2949  3800 I chatty  : uid=1000(system) Binder:2949_8 expire 2 lines
01-06 16:28:34.333  2949  3799 I chatty  : uid=1000(system) Binder:2949_7 expire 5 lines
01-06 16:28:35.607  2949  2949 I chatty  : uid=1000 system_server expire 3 lines
01-06 16:28:35.624  2949  6871 I chatty  : uid=1000(system) Binder:2949_1F expire 1 line
01-06 16:28:35.777  2949  2963 I chatty  : uid=1000(system) Binder:2949_1 expire 4 lines
01-06 16:28:36.524  2949  4064 I chatty  : uid=1000(system) LazyTaskWriterT expire 1 line
01-06 16:28:42.776  2949  3220 I chatty  : uid=1000(system) PackageManager expire 1 line
01-06 16:28:42.806  2949  3013 I chatty  : uid=1000(system) ActivityManager expire 14 lines
01-06 16:28:42.859  2949  6871 I chatty  : uid=1000(system) Binder:2949_1F expire 1 line
01-06 16:28:42.862  2949  2949 I chatty  : uid=1000 system_server expire 6 lines
01-06 16:28:42.921  2949  3014 I chatty  : uid=1000(system) ActivityManager expire 16 lines
01-06 16:28:43.030  2949  4990 I chatty  : uid=1000(system) Binder:2949_13 expire 1 line
01-06 16:28:43.078  2949  2995 I chatty  : uid=1000(system) android.fg expire 1 line
01-06 16:28:43.127  2949  5232 I chatty  : uid=1000(system) Binder:2949_17 expire 1 line
01-06 16:28:43.134  2949  3012 I chatty  : uid=1000(system) android.bg expire 1 line
01-06 16:28:43.298  2949  2963 I chatty  : uid=1000(system) Binder:2949_1 expire 1 line
01-06 16:28:43.300  2949  2998 I chatty  : uid=1000(system) android.display expire 2 lines
01-06 16:28:43.309  2949  3014 I chatty  : uid=1000(system) ActivityManager expire 26 lines
01-06 16:28:43.434  2949  2949 I chatty  : uid=1000 system_server expire 2 lines
01-06 16:28:43.491  2949  4603 I chatty  : uid=1000(system) Binder:2949_11 expire 3 lines
01-06 16:28:45.609  2949  5238 I chatty  : uid=1000(system) Binder:2949_18 expire 2 lines
01-06 16:28:45.663  2949  6871 I chatty  : uid=1000(system) Binder:2949_1F expire 1 line
01-06 16:28:45.863  2949  2964 I chatty  : uid=1000(system) Binder:2949_2 expire 1 line
01-06 16:28:45.995  2949  3800 I chatty  : uid=1000(system) Binder:2949_8 expire 1 line
01-06 16:28:46.007  2949  3453 I chatty  : uid=1000(system) ConnectivitySer expire 5 lines
01-06 16:28:46.856  2949  4064 I chatty  : uid=1000(system) LazyTaskWriterT expire 1 line
01-06 16:28:47.389  2949  3013 I chatty  : uid=1000(system) ActivityManager expire 1 line
01-06 16:28:48.335  2949  4991 I chatty  : uid=1000(system) Binder:2949_14 expire 9 lines
01-06 16:28:49.896  2949  3800 I chatty  : uid=1000(system) Binder:2949_8 expire 4 lines
01-06 16:28:49.898  2949  3014 I chatty  : uid=1000(system) ActivityManager expire 2 lines
01-06 16:28:50.303  2949  4603 I chatty  : uid=1000(system) Binder:2949_11 expire 4 lines
01-06 16:28:50.313 29896 29896 D ActivityThread: Loading provider contacts;com.android.contacts: com.android.providers.contacts.ContactsProvider2
01-06 16:28:50.644  2949  4064 I chatty  : uid=1000(system) LazyTaskWriterT expire 1 line
01-06 16:28:52.243  2949  3453 I chatty  : uid=1000(system) ConnectivitySer expire 2 lines
01-06 16:28:52.895  2949  2949 I chatty  : uid=1000 system_server expire 21 lines
01-06 16:28:59.656  2805  2805 I wificond: Received external scan result notification from kernel.
01-06 16:30:44.746  2949  6871 I chatty  : uid=1000(system) Binder:2949_1F expire 2 lines
01-06 16:31:20.568  2949  3026 I chatty  : uid=1000(system) batterystats-wo expire 1 line
01-06 16:31:40.329  2949  2997 I chatty  : uid=1000(system) android.io expire 2 lines
01-06 16:31:43.405  2949  3012 I chatty  : uid=1000(system) android.bg expire 2 lines
01-06 16:32:03.129  2949  3013 I chatty  : uid=1000(system) ActivityManager expire 3 lines
01-06 16:32:03.130  2949  3014 I chatty  : uid=1000(system) ActivityManager expire 7 lines
01-06 16:32:05.135  2949  2949 I chatty  : uid=1000 system_server expire 14 lines
01-06 16:32:05.167  2949  6871 I chatty  : uid=1000(system) Binder:2949_1F expire 4 lines
01-06 16:32:33.817  2949  4991 I chatty  : uid=1000(system) Binder:2949_14 expire 3 lines
01-06 16:32:33.817  2949  3453 I chatty  : uid=1000(system) ConnectivitySer expire 2 lines
01-06 16:32:46.100  2949  4603 I chatty  : uid=1000(system) Binder:2949_11 expire 2 lines
01-06 16:33:37.623  2949  7524 I chatty  : uid=1000(system) Binder:2949_20 expire 1 line
01-06 16:33:37.731  2949  3799 I chatty  : uid=1000(system) Binder:2949_7 expire 3 lines
01-06 16:33:37.833  2949  2964 I chatty  : uid=1000(system) Binder:2949_2 expire 3 lines
01-06 16:33:59.623  2805  2805 I wificond: Received external scan result notification from kernel.
01-06 16:34:11.306  2949  2949 I chatty  : uid=1000 system_server expire 16 lines
01-06 16:34:43.366  2949  3799 I chatty  : uid=1000(system) Binder:2949_7 expire 3 lines
01-06 16:35:15.396  2949  2963 I chatty  : uid=1000(system) Binder:2949_1 expire 3 lines
01-06 16:35:36.318  2949  6871 I chatty  : uid=1000(system) Binder:2949_1F expire 4 lines
01-06 16:36:19.458  2949  7524 I chatty  : uid=1000(system) Binder:2949_20 expire 5 lines
01-06 16:36:33.479  2949  2964 I chatty  : uid=1000(system) Binder:2949_2 expire 1 line
01-06 16:36:35.075  2949  2998 I chatty  : uid=1000(system) android.display expire 1 line
01-06 16:36:46.100  2949  3700 I chatty  : uid=1000(system) Binder:2949_4 expire 2 lines
01-06 16:36:46.171  2949  4177 I chatty  : uid=1000(system) Binder:2949_C expire 1 line
01-06 16:36:46.176  2949  5238 I chatty  : uid=1000(system) Binder:2949_18 expire 1 line
01-06 16:36:46.222  2949  4991 I chatty  : uid=1000(system) Binder:2949_14 expire 1 line
01-06 16:36:46.231  2949  5240 I chatty  : uid=1000(system) Binder:2949_19 expire 1 line
01-06 16:36:46.231  2949  5226 I chatty  : uid=1000(system) Binder:2949_16 expire 1 line
01-06 16:36:46.231  2949  3453 I chatty  : uid=1000(system) ConnectivitySer expire 4 lines
01-06 16:36:46.232  2949  5998 I chatty  : uid=1000(system) Binder:2949_1C expire 1 line
01-06 16:36:46.234  2949  4603 I chatty  : uid=1000(system) Binder:2949_11 expire 2 lines
01-06 16:36:46.253  2949  5242 I chatty  : uid=1000(system) Binder:2949_1A expire 2 lines
01-06 16:36:46.287  2949  4184 I chatty  : uid=1000(system) Binder:2949_E expire 7 lines
01-06 16:36:46.305  2949  3750 I chatty  : uid=1000(system) Binder:2949_6 expire 7 lines
01-06 16:36:46.312  2949  5998 I chatty  : uid=1000(system) Binder:2949_1C expire 7 lines
01-06 16:36:51.465  2949  2949 I chatty  : uid=1000 system_server expire 18 lines
01-06 16:36:54.172  2949  4064 I chatty  : uid=1000(system) LazyTaskWriterT expire 4 lines
01-06 16:36:55.913  2949  2998 I chatty  : uid=1000(system) android.display expire 3 lines
01-06 16:37:06.424  2949  3799 I chatty  : uid=1000(system) Binder:2949_7 expire 1 line
01-06 16:38:59.530  2805  2805 I wificond: Received external scan result notification from kernel.
01-06 16:38:59.810  2949  2949 I chatty  : uid=1000 system_server expire 24 lines
01-06 16:38:59.839  2949  4184 I chatty  : uid=1000(system) Binder:2949_E expire 8 lines
01-06 16:41:07.954  2949  3750 I chatty  : uid=1000(system) Binder:2949_6 expire 7 lines
01-06 16:42:19.409  2949  3406 I chatty  : uid=1000(system) AppIntegrityMan expire 1 line
01-06 16:42:19.410  2949  3220 I chatty  : uid=1000(system) PackageManager expire 5 lines
01-06 16:42:19.435  2949  3013 I chatty  : uid=1000(system) ActivityManager expire 18 lines
01-06 16:42:19.493  2949  3453 I chatty  : uid=1000(system) ConnectivitySer expire 1 line
01-06 16:42:19.620  2949  3220 I chatty  : uid=1000(system) PackageManager expire 2 lines
01-06 16:42:19.680  2949  2996 I chatty  : uid=1000(system) android.ui expire 3 lines
01-06 16:42:19.686  2949  2998 I chatty  : uid=1000(system) android.display expire 1 line
01-06 16:42:19.803  2949  5242 I chatty  : uid=1000(system) Binder:2949_1A expire 2 lines
01-06 16:42:19.942  3651  4916 W ContextImpl: Calling a method in the system process without a qualified user: android.app.ContextImpl.bindService:1748 android.content.ContextWrapper.bindService:756 com.mediatek.wwtv.tvrecommendation.util.ChannelQueryClient.<init>:30 com.mediatek.wwtv.tvrecommendation.util.ChannelQueryClient.getInstance:92 com.mediatek.wwtv.tvrecommendation.RecommendedChannelsThread.bindQueryChannelService:711 
01-06 16:42:19.948  2949  2964 I chatty  : uid=1000(system) Binder:2949_2 expire 1 line
01-06 16:42:19.974  2949  3014 I chatty  : uid=1000(system) ActivityManager expire 15 lines
01-06 16:42:21.756  2949  3799 I chatty  : uid=1000(system) Binder:2949_7 expire 1 line
01-06 16:42:23.068  2949  4064 I chatty  : uid=1000(system) LazyTaskWriterT expire 1 line
01-06 16:42:23.233  2949  2949 I chatty  : uid=1000 system_server expire 12 lines
01-06 16:42:31.377  2949  6625 I chatty  : uid=1000(system) Binder:2949_1D expire 1 line
01-06 16:42:31.408  2949  3012 I chatty  : uid=1000(system) android.bg expire 1 line
01-06 16:42:31.438  2949  3014 I chatty  : uid=1000(system) ActivityManager expire 21 lines
01-06 16:42:31.454  2949  2995 I chatty  : uid=1000(system) android.fg expire 1 line
01-06 16:42:31.455  2949  2964 I chatty  : uid=1000(system) Binder:2949_2 expire 1 line
01-06 16:42:31.675  2949  4990 I chatty  : uid=1000(system) Binder:2949_13 expire 2 lines
01-06 16:42:31.676  2949  4991 I chatty  : uid=1000(system) Binder:2949_14 expire 6 lines
01-06 16:42:31.687  2949  2998 I chatty  : uid=1000(system) android.display expire 2 lines
01-06 16:42:33.676  2949  5998 I chatty  : uid=1000(system) Binder:2949_1C expire 1 line
01-06 16:42:33.682  2949  3453 I chatty  : uid=1000(system) ConnectivitySer expire 2 lines
01-06 16:42:33.878  2949  3701 I chatty  : uid=1000(system) Binder:2949_5 expire 5 lines
01-06 16:42:34.309  2949  3799 I chatty  : uid=1000(system) Binder:2949_7 expire 2 lines
01-06 16:42:34.365  2949  5998 I chatty  : uid=1000(system) Binder:2949_1C expire 2 lines
01-06 16:42:34.408  2949  6625 I chatty  : uid=1000(system) Binder:2949_1D expire 3 lines
01-06 16:42:34.411  2949  3014 I chatty  : uid=1000(system) ActivityManager expire 16 lines
01-06 16:42:34.825  2949  4990 I chatty  : uid=1000(system) Binder:2949_13 expire 2 lines
01-06 16:42:35.336  2949  4064 I chatty  : uid=1000(system) LazyTaskWriterT expire 2 lines
01-06 16:42:36.095  2949  3013 I chatty  : uid=1000(system) ActivityManager expire 1 line
01-06 16:42:36.640  2949  3453 I chatty  : uid=1000(system) ConnectivitySer expire 4 lines
01-06 16:42:40.622 30751 30751 D ActivityThread: Loading provider contacts;com.android.contacts: com.android.providers.contacts.ContactsProvider2
01-06 16:42:41.264  2949  5242 I chatty  : uid=1000(system) Binder:2949_1A expire 4 lines
01-06 16:42:44.017  2949  2949 I chatty  : uid=1000 system_server expire 16 lines
01-06 16:42:53.496  2949  3453 I chatty  : uid=1000(system) ConnectivitySer expire 5 lines
01-06 16:43:16.120  2949  5242 I chatty  : uid=1000(system) Binder:2949_1A expire 4 lines
01-06 16:43:44.078  2949  4990 I chatty  : uid=1000(system) Binder:2949_13 expire 5 lines
01-06 16:43:45.632  2949  2998 I chatty  : uid=1000(system) android.display expire 2 lines
01-06 16:43:54.893  2949  5232 I chatty  : uid=1000(system) Binder:2949_17 expire 1 line
01-06 16:43:54.902  2949  5238 I chatty  : uid=1000(system) Binder:2949_18 expire 2 lines
01-06 16:43:54.923  2949  4169 I chatty  : uid=1000(system) Binder:2949_A expire 3 lines
01-06 16:43:54.934  2949  4991 I chatty  : uid=1000(system) Binder:2949_14 expire 2 lines
01-06 16:43:55.012  2949  5994 I chatty  : uid=1000(system) Binder:2949_1B expire 2 lines
01-06 16:43:55.034  2949  6871 I chatty  : uid=1000(system) Binder:2949_1F expire 2 lines
01-06 16:43:55.042  2949  2964 I chatty  : uid=1000(system) Binder:2949_2 expire 2 lines
01-06 16:43:55.083  2949  5212 I chatty  : uid=1000(system) Binder:2949_15 expire 1 line
01-06 16:43:55.091  2949  4603 I chatty  : uid=1000(system) Binder:2949_11 expire 1 line
01-06 16:43:55.097  2949  2996 I chatty  : uid=1000(system) android.ui expire 1 line
01-06 16:43:57.934  2949  4064 I chatty  : uid=1000(system) LazyTaskWriterT expire 1 line
01-06 16:43:59.610  2805  2805 I wificond: Received external scan result notification from kernel.
01-06 16:44:09.208  2949  2949 I chatty  : uid=1000 system_server expire 29 lines
01-06 16:44:20.208  2949  2964 I chatty  : uid=1000(system) Binder:2949_2 expire 4 lines
01-06 16:45:24.260  2949  5238 I chatty  : uid=1000(system) Binder:2949_18 expire 6 lines
01-06 16:46:16.871  2949  4169 I chatty  : uid=1000(system) Binder:2949_A expire 4 lines
01-06 16:46:16.872  2949  3014 I chatty  : uid=1000(system) ActivityManager expire 2 lines
01-06 16:47:32.375  2949  4603 I chatty  : uid=1000(system) Binder:2949_11 expire 5 lines
01-06 16:48:04.376  2949  2949 I chatty  : uid=1000 system_server expire 12 lines
01-06 16:48:04.406  2949  4169 I chatty  : uid=1000(system) Binder:2949_A expire 5 lines
01-06 16:48:59.695  2805  2805 I wificond: Received external scan result notification from kernel.
01-06 16:49:08.463  2949  5238 I chatty  : uid=1000(system) Binder:2949_18 expire 5 lines
01-06 16:49:40.478  2949  3014 I chatty  : uid=1000(system) ActivityManager expire 12 lines
01-06 16:49:41.126  2949  3453 I chatty  : uid=1000(system) ConnectivitySer expire 5 lines
01-06 16:49:41.346  2949  5212 I chatty  : uid=1000(system) Binder:2949_15 expire 4 lines
01-06 16:49:42.350  2949  3013 I chatty  : uid=1000(system) ActivityManager expire 1 line
01-06 16:49:54.512  2949  4604 I chatty  : uid=1000(system) Binder:2949_12 expire 4 lines
01-06 16:49:54.575  2949  3453 I chatty  : uid=1000(system) ConnectivitySer expire 4 lines
01-06 16:50:04.669  2949  5212 I chatty  : uid=1000(system) Binder:2949_15 expire 11 lines
01-06 16:50:13.540  2949  2949 I chatty  : uid=1000 system_server expire 18 lines
01-06 16:51:43.532  2949  3012 I chatty  : uid=1000(system) android.bg expire 1 line
01-06 16:53:04.387  2949  3406 I chatty  : uid=1000(system) AppIntegrityMan expire 1 line
01-06 16:53:04.388  2949  3220 I chatty  : uid=1000(system) PackageManager expire 5 lines
01-06 16:53:04.415  2949  3013 I chatty  : uid=1000(system) ActivityManager expire 3 lines
01-06 16:53:04.460  2949  4177 I chatty  : uid=1000(system) Binder:2949_C expire 1 line
01-06 16:53:04.528  2949  3013 I chatty  : uid=1000(system) ActivityManager expire 12 lines
01-06 16:53:04.667  2949  3220 I chatty  : uid=1000(system) PackageManager expire 2 lines
01-06 16:53:04.715  2949  4169 I chatty  : uid=1000(system) Binder:2949_A expire 3 lines
01-06 16:53:04.715  2949  5226 I chatty  : uid=1000(system) Binder:2949_16 expire 4 lines
01-06 16:53:04.735  2949  2996 I chatty  : uid=1000(system) android.ui expire 4 lines
01-06 16:53:04.748  2949  2998 I chatty  : uid=1000(system) android.display expire 2 lines
01-06 16:53:05.545  2949  2995 I chatty  : uid=1000(system) android.fg expire 1 line
01-06 16:53:05.595  3651  4916 W ContextImpl: Calling a method in the system process without a qualified user: android.app.ContextImpl.bindService:1748 android.content.ContextWrapper.bindService:756 com.mediatek.wwtv.tvrecommendation.util.ChannelQueryClient.<init>:30 com.mediatek.wwtv.tvrecommendation.util.ChannelQueryClient.getInstance:92 com.mediatek.wwtv.tvrecommendation.RecommendedChannelsThread.bindQueryChannelService:711 
01-06 16:53:05.650  2949  3014 I chatty  : uid=1000(system) ActivityManager expire 7 lines
01-06 16:53:08.376  2949  2949 I chatty  : uid=1000 system_server expire 2 lines
01-06 16:53:08.380  2949  4064 I chatty  : uid=1000(system) LazyTaskWriterT expire 1 line
01-06 16:53:14.688  2949  4197 I chatty  : uid=1000(system) Binder:2949_F expire 2 lines
01-06 16:53:14.689  2949  3453 I chatty  : uid=1000(system) ConnectivitySer expire 4 lines
01-06 16:53:14.698  2949  4603 I chatty  : uid=1000(system) Binder:2949_11 expire 1 line
01-06 16:53:14.806  2949  4991 I chatty  : uid=1000(system) Binder:2949_14 expire 1 line
01-06 16:53:14.807  2949  3800 I chatty  : uid=1000(system) Binder:2949_8 expire 2 lines
01-06 16:53:14.825  2949  3013 I chatty  : uid=1000(system) ActivityManager expire 9 lines
01-06 16:53:14.881  2949  3014 I chatty  : uid=1000(system) ActivityManager expire 21 lines
01-06 16:53:14.917  2949  2995 I chatty  : uid=1000(system) android.fg expire 1 line
01-06 16:53:14.918  2949  2996 I chatty  : uid=1000(system) android.ui expire 1 line
01-06 16:53:14.997  2949  4169 I chatty  : uid=1000(system) Binder:2949_A expire 5 lines
01-06 16:53:15.000  2949  2949 I chatty  : uid=1000 system_server expire 5 lines
01-06 16:53:15.016  2949  5226 I chatty  : uid=1000(system) Binder:2949_16 expire 1 line
01-06 16:53:15.048  2949  3012 I chatty  : uid=1000(system) android.bg expire 1 line
01-06 16:53:15.160  2949  2998 I chatty  : uid=1000(system) android.display expire 1 line
01-06 16:53:15.191  2949  3750 I chatty  : uid=1000(system) Binder:2949_6 expire 1 line
01-06 16:53:15.208  2949  5994 I chatty  : uid=1000(system) Binder:2949_1B expire 1 line
01-06 16:53:15.269  2949  3014 I chatty  : uid=1000(system) ActivityManager expire 22 lines
01-06 16:53:15.313  2949  5238 I chatty  : uid=1000(system) Binder:2949_18 expire 1 line
01-06 16:53:15.534  2949  2949 I chatty  : uid=1000 system_server expire 6 lines
01-06 16:53:17.051  2949  2964 I chatty  : uid=1000(system) Binder:2949_2 expire 3 lines
01-06 16:53:17.053  2949  3453 I chatty  : uid=1000(system) ConnectivitySer expire 5 lines
01-06 16:53:17.700  2949  3750 I chatty  : uid=1000(system) Binder:2949_6 expire 2 lines
01-06 16:53:18.195  2949  3800 I chatty  : uid=1000(system) Binder:2949_8 expire 2 lines
01-06 16:53:18.751  2949  4064 I chatty  : uid=1000(system) LazyTaskWriterT expire 2 lines
01-06 16:53:19.648  2949  3013 I chatty  : uid=1000(system) ActivityManager expire 1 line
01-06 16:53:19.825  2949  3377 I chatty  : uid=1000(system) Binder:2949_3 expire 2 lines
01-06 16:53:22.789  2949  4169 I chatty  : uid=1000(system) Binder:2949_A expire 3 lines
01-06 16:53:23.227 31772 31772 D ActivityThread: Loading provider contacts;com.android.contacts: com.android.providers.contacts.ContactsProvider2
01-06 16:53:27.572  2949  4991 I chatty  : uid=1000(system) Binder:2949_14 expire 4 lines
01-06 16:53:27.573  2949  3453 I chatty  : uid=1000(system) ConnectivitySer expire 3 lines
01-06 16:53:35.448  2949  2949 I chatty  : uid=1000 system_server expire 24 lines
01-06 16:53:36.927  2949  4169 I chatty  : uid=1000(system) Binder:2949_A expire 1 line
01-06 16:53:57.788  2949  3750 I chatty  : uid=1000(system) Binder:2949_6 expire 8 lines
01-06 16:53:59.455  2805  2805 I wificond: Received external scan result notification from kernel.
01-06 16:56:37.938  2949  5994 I chatty  : uid=1000(system) Binder:2949_1B expire 5 lines
01-06 16:57:14.937  2949  5232 I chatty  : uid=1000(system) Binder:2949_17 expire 1 line
01-06 16:57:14.963  2949  4184 I chatty  : uid=1000(system) Binder:2949_E expire 1 line
01-06 16:57:14.965  2949  2964 I chatty  : uid=1000(system) Binder:2949_2 expire 1 line
01-06 16:57:14.981  2949  4171 I chatty  : uid=1000(system) Binder:2949_B expire 1 line
01-06 16:57:15.011  2949  5212 I chatty  : uid=1000(system) Binder:2949_15 expire 1 line
01-06 16:57:15.037  2949  5226 I chatty  : uid=1000(system) Binder:2949_16 expire 1 line
01-06 16:57:15.037  2949  2964 I chatty  : uid=1000(system) Binder:2949_2 expire 2 lines
01-06 16:57:15.038  2949  3453 I chatty  : uid=1000(system) ConnectivitySer expire 3 lines
01-06 16:57:15.042  2949  3700 I chatty  : uid=1000(system) Binder:2949_4 expire 1 line
01-06 16:57:15.043  2949  4604 I chatty  : uid=1000(system) Binder:2949_12 expire 1 line
01-06 16:57:15.069  2949  5240 I chatty  : uid=1000(system) Binder:2949_19 expire 1 line
01-06 16:57:15.088  2949  4990 I chatty  : uid=1000(system) Binder:2949_13 expire 5 lines
01-06 16:57:15.100  2949  3800 I chatty  : uid=1000(system) Binder:2949_8 expire 6 lines
01-06 16:57:15.118  2949  4603 I chatty  : uid=1000(system) Binder:2949_11 expire 3 lines
01-06 16:57:15.122  2949  4991 I chatty  : uid=1000(system) Binder:2949_14 expire 2 lines
01-06 16:57:15.127  2949  6871 I chatty  : uid=1000(system) Binder:2949_1F expire 3 lines
01-06 16:57:15.130  2949  2996 I chatty  : uid=1000(system) android.ui expire 1 line
01-06 16:57:41.974  2949  2949 I chatty  : uid=1000 system_server expire 10 lines
01-06 16:58:59.459  2805  2805 I wificond: Received external scan result notification from kernel.
01-06 16:58:59.895  2949  2998 I chatty  : uid=1000(system) android.display expire 1 line
01-06 16:59:09.361  2949  2949 I chatty  : uid=1000 system_server expire 7 lines
01-06 16:59:22.059  2949  4064 I chatty  : uid=1000(system) LazyTaskWriterT expire 5 lines
01-06 16:59:50.185  2949  2949 I chatty  : uid=1000 system_server expire 21 lines
01-06 16:59:50.222  2949  4991 I chatty  : uid=1000(system) Binder:2949_14 expire 3 lines
01-06 17:00:21.938  2949  4990 I chatty  : uid=1000(system) Binder:2949_13 expire 3 lines
01-06 17:00:22.294  2949  3800 I chatty  : uid=1000(system) Binder:2949_8 expire 2 lines
01-06 17:00:29.350  2949  5240 I chatty  : uid=1000(system) Binder:2949_19 expire 5 lines
01-06 17:00:56.819  2949  4603 I chatty  : uid=1000(system) Binder:2949_11 expire 3 lines
01-06 17:01:20.686  2949  3026 I chatty  : uid=1000(system) batterystats-wo expire 1 line
01-06 17:01:32.457  2949  6871 I chatty  : uid=1000(system) Binder:2949_1F expire 2 lines
01-06 17:01:36.163  2949  4171 I chatty  : uid=1000(system) Binder:2949_B expire 1 line
01-06 17:01:36.183  2949  3453 I chatty  : uid=1000(system) ConnectivitySer expire 1 line
01-06 17:01:36.232  2949  5226 I chatty  : uid=1000(system) Binder:2949_16 expire 3 lines
01-06 17:01:36.252  2949  2998 I chatty  : uid=1000(system) android.display expire 1 line
01-06 17:02:52.154  2949  3014 I chatty  : uid=1000(system) ActivityManager expire 30 lines
01-06 17:02:52.852  2949  5226 I chatty  : uid=1000(system) Binder:2949_16 expire 4 lines
01-06 17:02:52.857  2949  2949 I chatty  : uid=1000 system_server expire 1 line
01-06 17:02:54.279  2949  4171 I chatty  : uid=1000(system) Binder:2949_B expire 6 lines
01-06 17:03:00.218  2949  5240 I chatty  : uid=1000(system) Binder:2949_19 expire 1 line
01-06 17:03:00.230  2949  3453 I chatty  : uid=1000(system) ConnectivitySer expire 3 lines
01-06 17:03:01.063  2949  5994 I chatty  : uid=1000(system) Binder:2949_1B expire 1 line
01-06 17:03:02.879  2949  6871 I chatty  : uid=1000(system) Binder:2949_1F expire 3 lines
01-06 17:03:07.329  2949  5242 I chatty  : uid=1000(system) Binder:2949_1A expire 4 lines
01-06 17:03:07.520  2949  3453 I chatty  : uid=1000(system) ConnectivitySer expire 4 lines
01-06 17:03:08.308  2949  6871 I chatty  : uid=1000(system) Binder:2949_1F expire 1 line
01-06 17:03:08.312  2949  4603 I chatty  : uid=1000(system) Binder:2949_11 expire 9 lines
01-06 17:03:08.638  2949  2963 I chatty  : uid=1000(system) Binder:2949_1 expire 3 lines
01-06 17:03:13.409  2949  2949 I chatty  : uid=1000 system_server expire 5 lines
01-06 17:03:13.413  2949  3377 I chatty  : uid=1000(system) Binder:2949_3 expire 1 line
01-06 17:03:13.439  2949  4991 I chatty  : uid=1000(system) Binder:2949_14 expire 4 lines
01-06 17:03:14.545  2949  3013 I chatty  : uid=1000(system) ActivityManager expire 1 line
01-06 17:03:14.548  2949  3014 I chatty  : uid=1000(system) ActivityManager expire 16 lines
01-06 17:03:22.859  2949  5238 I chatty  : uid=1000(system) Binder:2949_18 expire 4 lines
01-06 17:03:24.526  2949  3013 I chatty  : uid=1000(system) ActivityManager expire 2 lines
01-06 17:03:24.567  2949  3014 I chatty  : uid=1000(system) ActivityManager expire 23 lines
01-06 17:03:25.219  2949  2949 I chatty  : uid=1000 system_server expire 4 lines
01-06 17:03:25.524   343   343 W ContextImpl: Calling a method in the system process without a qualified user: android.app.ContextImpl.startForegroundService:1675 android.content.ContextWrapper.startForegroundService:725 com.homwee.synckey.receiver.BootReceiver.startScreenOnService:73 com.homwee.synckey.receiver.BootReceiver.onReceive:42 android.app.LoadedApk$ReceiverDispatcher$Args.lambda$getRunnable$0$LoadedApk$ReceiverDispatcher$Args:1556 
01-06 17:03:26.070   343   343 W ActivityThread: ClassLoader.getResourceAsStream: The class loader returned by Thread.getContextClassLoader() may fail for processes that host multiple applications. You should explicitly specify a context class loader. For example: Thread.setContextClassLoader(getClass().getClassLoader());
01-06 17:03:26.669   343   380 W ContextImpl: Calling a method in the system process without a qualified user: android.app.ContextImpl.bindService:1748 android.content.ContextWrapper.bindService:756 com.google.android.gms.common.stats.ConnectionTracker.zza:22 com.google.android.gms.common.internal.zze.zze:30 com.google.android.gms.common.internal.zzf.zza:18 
01-06 17:03:26.779   343   417 W ContextImpl: Calling a method in the system process without a qualified user: android.app.ContextImpl.bindService:1756 android.content.ContextWrapper.bindService:762 adi$$ExternalSyntheticApiModelOutline0.m:82 afkl.k:6 afkl.g:98 
01-06 17:03:29.092  2949  3750 I chatty  : uid=1000(system) Binder:2949_6 expire 7 lines
01-06 17:03:45.893  2949  6863 I chatty  : uid=1000(system) Binder:2949_1E expire 7 lines
01-06 17:03:47.663  2949  2996 I chatty  : uid=1000(system) android.ui expire 1 line
01-06 17:03:54.603  2949  4990 I chatty  : uid=1000(system) Binder:2949_13 expire 1 line
01-06 17:03:54.607  2949  5242 I chatty  : uid=1000(system) Binder:2949_1A expire 1 line
01-06 17:03:54.652  2949  4990 I chatty  : uid=1000(system) Binder:2949_13 expire 7 lines
01-06 17:03:59.859  2805  2805 I wificond: Received external scan result notification from kernel.
01-06 17:04:14.083  2949  3013 I chatty  : uid=1000(system) ActivityManager expire 4 lines
01-06 17:04:14.125  2949  3014 I chatty  : uid=1000(system) ActivityManager expire 19 lines
01-06 17:04:14.877  2949  2949 I chatty  : uid=1000 system_server expire 9 lines
01-06 17:04:15.634   570   570 W ContextImpl: Calling a method in the system process without a qualified user: android.app.ContextImpl.startForegroundService:1675 android.content.ContextWrapper.startForegroundService:725 com.homwee.synckey.receiver.BootReceiver.startScreenOnService:73 com.homwee.synckey.receiver.BootReceiver.onReceive:42 android.app.LoadedApk$ReceiverDispatcher$Args.lambda$getRunnable$0$LoadedApk$ReceiverDispatcher$Args:1556 
01-06 17:04:16.134   570   570 W ActivityThread: ClassLoader.getResourceAsStream: The class loader returned by Thread.getContextClassLoader() may fail for processes that host multiple applications. You should explicitly specify a context class loader. For example: Thread.setContextClassLoader(getClass().getClassLoader());
01-06 17:04:16.663   570   608 W ContextImpl: Calling a method in the system process without a qualified user: android.app.ContextImpl.bindService:1748 android.content.ContextWrapper.bindService:756 com.google.android.gms.common.stats.ConnectionTracker.zza:22 com.google.android.gms.common.internal.zze.zze:30 com.google.android.gms.common.internal.zzf.zza:18 
01-06 17:04:16.668   570   644 W ContextImpl: Calling a method in the system process without a qualified user: android.app.ContextImpl.bindService:1756 android.content.ContextWrapper.bindService:762 adi$$ExternalSyntheticApiModelOutline0.m:82 afkl.k:6 afkl.g:98 
01-06 17:04:16.674  2949  2964 I chatty  : uid=1000(system) Binder:2949_2 expire 4 lines
01-06 17:04:19.347  2949  2996 I chatty  : uid=1000(system) android.ui expire 1 line
01-06 17:04:19.916 31481 31481 E AndroidRuntime: FATAL EXCEPTION: main
01-06 17:04:19.916 31481 31481 E AndroidRuntime: Process: com.bingetv.app, PID: 31481
01-06 17:04:19.916 31481 31481 E AndroidRuntime: java.lang.OutOfMemoryError: Failed to allocate a 32 byte allocation with 0 free bytes and 0B until OOM, target footprint 201326592, growth limit 201326592
01-06 17:04:19.916 31481 31481 E AndroidRuntime: 	at java.lang.reflect.Method.invoke(Native Method)
01-06 17:04:19.916 31481 31481 E AndroidRuntime: 	at com.android.internal.os.RuntimeInit$MethodAndArgsCaller.run(RuntimeInit.java:592)
01-06 17:04:19.916 31481 31481 E AndroidRuntime: 	at com.android.internal.os.ZygoteInit.main(ZygoteInit.java:947)
01-06 17:04:20.022  2949   732 I chatty  : uid=1000 system_server expire 1 line
01-06 17:04:20.381  2949  2995 I chatty  : uid=1000(system) android.fg expire 1 line
01-06 17:04:20.620  2949  6863 I chatty  : uid=1000(system) Binder:2949_1E expire 5 lines
01-06 17:04:20.622  2949  3750 I chatty  : uid=1000(system) Binder:2949_6 expire 5 lines
01-06 17:04:20.625  2949  4604 I chatty  : uid=1000(system) Binder:2949_12 expire 2 lines
01-06 17:04:20.639  2949  3453 I chatty  : uid=1000(system) ConnectivitySer expire 2 lines
01-06 17:04:20.721  2949  2998 I chatty  : uid=1000(system) android.display expire 4 lines
01-06 17:04:20.731  2949  3014 I chatty  : uid=1000(system) ActivityManager expire 18 lines
01-06 17:04:20.801  2949  3799 I chatty  : uid=1000(system) Binder:2949_7 expire 3 lines
01-06 17:04:21.193  2949  4991 I chatty  : uid=1000(system) Binder:2949_14 expire 1 line
01-06 17:04:21.876  2949  2949 I chatty  : uid=1000 system_server expire 5 lines
01-06 17:04:23.746  2949  4064 I chatty  : uid=1000(system) LazyTaskWriterT expire 1 line
01-06 17:04:26.742   570   644 W ContextImpl: Calling a method in the system process without a qualified user: android.app.ContextImpl.bindService:1756 android.content.ContextWrapper.bindService:762 adi$$ExternalSyntheticApiModelOutline0.m:82 afkl.k:6 afkl.g:98 
01-06 17:05:06.241  2949  5232 I chatty  : uid=1000(system) Binder:2949_17 expire 1 line
01-06 17:05:06.920  1022  1022 D ActivityThread: Loading provider contacts;com.android.contacts: com.android.providers.contacts.ContactsProvider2
01-06 17:05:23.649  2949  5238 I chatty  : uid=1000(system) Binder:2949_18 expire 6 lines
01-06 17:05:30.140  2949  4604 I chatty  : uid=1000(system) Binder:2949_12 expire 1 line
01-06 17:05:30.171  2949  4064 I chatty  : uid=1000(system) LazyTaskWriterT expire 4 lines
01-06 17:05:31.638  2949  2998 I chatty  : uid=1000(system) android.display expire 4 lines
01-06 17:05:37.948  2949  6863 I chatty  : uid=1000(system) Binder:2949_1E expire 2 lines
01-06 17:05:39.043  2949  4197 I chatty  : uid=1000(system) Binder:2949_F expire 1 line
01-06 17:05:39.046  2949  5226 I chatty  : uid=1000(system) Binder:2949_16 expire 1 line
01-06 17:05:39.055  2949  4183 I chatty  : uid=1000(system) Binder:2949_D expire 4 lines
01-06 17:05:41.140  2949  2949 I chatty  : uid=1000 system_server expire 15 lines
01-06 17:05:41.785  2949  5998 I chatty  : uid=1000(system) Binder:2949_1C expire 3 lines
01-06 17:05:44.588  2949  5232 I chatty  : uid=1000(system) Binder:2949_17 expire 5 lines
01-06 17:07:03.888  2949  3014 I chatty  : uid=1000(system) ActivityManager expire 4 lines
01-06 17:07:04.304  2949  4064 I chatty  : uid=1000(system) LazyTaskWriterT expire 2 lines
01-06 17:07:04.379  2949  3377 I chatty  : uid=1000(system) Binder:2949_3 expire 4 lines
01-06 17:07:05.862  2949  2998 I chatty  : uid=1000(system) android.display expire 1 line
01-06 17:07:15.378  2949  2949 I chatty  : uid=1000 system_server expire 14 lines
